Archive member included to satisfy reference by file (symbol)

app/libapp.a(main.c.obj)      (--whole-archive)
zephyr/libzephyr.a(validate_libc.c.obj)
                              (--whole-archive)
zephyr/libzephyr.a(heap.c.obj)
                              (--whole-archive)
zephyr/libzephyr.a(boot_banner.c.obj)
                              (--whole-archive)
zephyr/libzephyr.a(cbprintf_packaged.c.obj)
                              (--whole-archive)
zephyr/libzephyr.a(clock.c.obj)
                              (--whole-archive)
zephyr/libzephyr.a(printk.c.obj)
                              (--whole-archive)
zephyr/libzephyr.a(cbprintf_complete.c.obj)
                              (--whole-archive)
zephyr/libzephyr.a(assert.c.obj)
                              (--whole-archive)
zephyr/libzephyr.a(dec.c.obj)
                              (--whole-archive)
zephyr/libzephyr.a(hex.c.obj)
                              (--whole-archive)
zephyr/libzephyr.a(rb.c.obj)  (--whole-archive)
zephyr/libzephyr.a(set.c.obj)
                              (--whole-archive)
zephyr/libzephyr.a(timeutil.c.obj)
                              (--whole-archive)
zephyr/libzephyr.a(bitarray.c.obj)
                              (--whole-archive)
zephyr/libzephyr.a(bitmask.c.obj)
                              (--whole-archive)
zephyr/libzephyr.a(getopt.c.obj)
                              (--whole-archive)
zephyr/libzephyr.a(getopt_common.c.obj)
                              (--whole-archive)
zephyr/libzephyr.a(onoff.c.obj)
                              (--whole-archive)
zephyr/libzephyr.a(notify.c.obj)
                              (--whole-archive)
zephyr/libzephyr.a(ring_buffer.c.obj)
                              (--whole-archive)
zephyr/libzephyr.a(last_section_id.c.obj)
                              (--whole-archive)
zephyr/libzephyr.a(uuid.c.obj)
                              (--whole-archive)
zephyr/libzephyr.a(configs.c.obj)
                              (--whole-archive)
zephyr/libzephyr.a(log_core.c.obj)
                              (--whole-archive)
zephyr/libzephyr.a(log_mgmt.c.obj)
                              (--whole-archive)
zephyr/libzephyr.a(log_cache.c.obj)
                              (--whole-archive)
zephyr/libzephyr.a(log_msg.c.obj)
                              (--whole-archive)
zephyr/libzephyr.a(log_output.c.obj)
                              (--whole-archive)
zephyr/libzephyr.a(log_backend_uart.c.obj)
                              (--whole-archive)
zephyr/libzephyr.a(mem_attr.c.obj)
                              (--whole-archive)
zephyr/libzephyr.a(tracing_none.c.obj)
                              (--whole-archive)
zephyr/libzephyr.a(gap_svc.c.obj)
                              (--whole-archive)
zephyr/libzephyr.a(sem.c.obj)
                              (--whole-archive)
zephyr/libzephyr.a(thread_entry.c.obj)
                              (--whole-archive)
zephyr/arch/common/libarch__common.a(sw_isr_common.c.obj)
                              (--whole-archive)
zephyr/arch/common/libarch__common.a(init.c.obj)
                              (--whole-archive)
zephyr/arch/common/libarch__common.a(xip.c.obj)
                              (--whole-archive)
zephyr/arch/arch/arm/core/libarch__arm__core.a(fatal.c.obj)
                              (--whole-archive)
zephyr/arch/arch/arm/core/libarch__arm__core.a(nmi.c.obj)
                              (--whole-archive)
zephyr/arch/arch/arm/core/libarch__arm__core.a(nmi_on_reset.S.obj)
                              (--whole-archive)
zephyr/arch/arch/arm/core/libarch__arm__core.a(tls.c.obj)
                              (--whole-archive)
zephyr/arch/arch/arm/core/cortex_m/libarch__arm__core__cortex_m.a(fault.c.obj)
                              (--whole-archive)
zephyr/arch/arch/arm/core/cortex_m/libarch__arm__core__cortex_m.a(fault_s.S.obj)
                              (--whole-archive)
zephyr/arch/arch/arm/core/cortex_m/libarch__arm__core__cortex_m.a(fpu.c.obj)
                              (--whole-archive)
zephyr/arch/arch/arm/core/cortex_m/libarch__arm__core__cortex_m.a(reset.S.obj)
                              (--whole-archive)
zephyr/arch/arch/arm/core/cortex_m/libarch__arm__core__cortex_m.a(scb.c.obj)
                              (--whole-archive)
zephyr/arch/arch/arm/core/cortex_m/libarch__arm__core__cortex_m.a(vector_table.S.obj)
                              (--whole-archive)
zephyr/arch/arch/arm/core/cortex_m/libarch__arm__core__cortex_m.a(svc.S.obj)
                              (--whole-archive)
zephyr/arch/arch/arm/core/cortex_m/libarch__arm__core__cortex_m.a(irq_manage.c.obj)
                              (--whole-archive)
zephyr/arch/arch/arm/core/cortex_m/libarch__arm__core__cortex_m.a(prep_c.c.obj)
                              (--whole-archive)
zephyr/arch/arch/arm/core/cortex_m/libarch__arm__core__cortex_m.a(thread.c.obj)
                              (--whole-archive)
[...]
Memory Configuration

Name             Origin             Length             Attributes
FLASH            0x00000000         0x00100000         xr
RAM              0x20000000         0x00040000         xw
IDT_LIST         0xffff7fff         0x00008000         xw
*default*        0x00000000         0xffffffff

Linker script and memory map

                0x00022e1c                        vfprintf = __l_vfprintf
                0x00000000                        vfscanf = __l_vfscanf
LOAD zephyr/CMakeFiles/zephyr_pre0.dir/misc/empty_file.c.obj
LOAD zephyr/CMakeFiles/offsets.dir/./arch/arm/core/offsets/offsets.c.obj
LOAD app/libapp.a
LOAD zephyr/libzephyr.a
LOAD zephyr/arch/common/libarch__common.a
LOAD zephyr/arch/arch/arm/core/libarch__arm__core.a
LOAD zephyr/arch/arch/arm/core/cortex_m/libarch__arm__core__cortex_m.a
LOAD zephyr/arch/arch/arm/core/mpu/libarch__arm__core__mpu.a
LOAD zephyr/lib/libc/picolibc/liblib__libc__picolibc.a
LOAD zephyr/lib/libc/common/liblib__libc__common.a
LOAD zephyr/lib/net_buf/liblib__net_buf.a
LOAD zephyr/soc/soc/nrf52840/libsoc__nordic.a
LOAD zephyr/subsys/portability/posix/c_lib_ext/libsubsys__portability__posix__c_lib_ext.a
LOAD zephyr/subsys/random/libsubsys__random.a
LOAD zephyr/subsys/bluetooth/common/libsubsys__bluetooth__common.a
LOAD zephyr/subsys/bluetooth/host/libsubsys__bluetooth__host.a
LOAD zephyr/subsys/bluetooth/crypto/libsubsys__bluetooth__crypto.a
LOAD zephyr/subsys/bluetooth/controller/libsubsys__bluetooth__controller.a
LOAD zephyr/subsys/bluetooth/controller/ll_sw/nordic/libsubsys__bluetooth__controller__ll_sw__nordic.a
LOAD zephyr/drivers/clock_control/libdrivers__clock_control.a
LOAD zephyr/drivers/console/libdrivers__console.a
LOAD zephyr/drivers/entropy/libdrivers__entropy.a
LOAD zephyr/drivers/gpio/libdrivers__gpio.a
LOAD zephyr/drivers/pinctrl/libdrivers__pinctrl.a
LOAD zephyr/drivers/serial/libdrivers__serial.a
LOAD zephyr/drivers/timer/libdrivers__timer.a
LOAD modules/hal_nordic/nrfx/libnrfx.a
LOAD modules/mbedtls/mbedtls/library/libmbedtls.a
LOAD modules/mbedtls/libmodules__mbedtls.a
LOAD zephyr/kernel/libkernel.a
LOAD zephyr/arch/common/libisr_tables.a
LOAD modules/mbedtls/mbedtls/library/libmbedx509.a
LOAD modules/mbedtls/mbedtls/tf-psa-crypto/core/libtfpsacrypto.a
LOAD /opt/zephyr-sdk/gnu/arm-zephyr-eabi/bin/../lib/gcc/arm-zephyr-eabi/14.3.0/../../../../arm-zephyr-eabi/lib/thumb/v7e-m/nofp/space/libc.a
LOAD /opt/zephyr-sdk/gnu/arm-zephyr-eabi/bin/../lib/gcc/arm-zephyr-eabi/14.3.0/thumb/v7e-m/nofp/space/libgcc.a
                0x00000020                        _region_min_align = 0x20

.rel.plt        0x00000000        0x0
 *(SORT_BY_ALIGNMENT(.rel.plt))
                [!provide]                        PROVIDE (__rel_iplt_start = .)
 *(SORT_BY_ALIGNMENT(.rel.iplt))
 .rel.iplt      0x00000000        0x0 app/libapp.a(main.c.obj)
                [!provide]                        PROVIDE (__rel_iplt_end = .)

.rela.plt       0x00000000        0x0
 *(SORT_BY_ALIGNMENT(.rela.plt))
                [!provide]                        PROVIDE (__rela_iplt_start = .)
 *(SORT_BY_ALIGNMENT(.rela.iplt))
                [!provide]                        PROVIDE (__rela_iplt_end = .)

.rel.dyn
 *(SORT_BY_ALIGNMENT(.rel.*))

.rela.dyn
 *(SORT_BY_ALIGNMENT(.rela.*))

/DISCARD/
 *(SORT_BY_ALIGNMENT(.plt))

/DISCARD/
 *(SORT_BY_ALIGNMENT(.iplt))
                0x00000000                        __rom_region_start = 0x0

rom_start       0x00000000      0x100
                0x00000000                        __rom_start_address = .
 FILL mask 0x00
                0x00000000                        . = (. + (0x0 - (. - __rom_start_address)))
                0x00000000                        . = ALIGN (0x4)
                0x00000000                        . = ALIGN (0x80)
                0x00000000                        . = ALIGN (0x100)
                0x00000000                        _vector_start = .
 *(SORT_BY_ALIGNMENT(.exc_vector_table))
 *(SORT_BY_ALIGNMENT(.exc_vector_table.*))
 .exc_vector_table._vector_table_section
                0x00000000       0x40 zephyr/arch/arch/arm/core/cortex_m/libarch__arm__core__cortex_m.a(vector_table.S.obj)
                0x00000000                _vector_table
 *(SORT_BY_ALIGNMENT(.vectors))
                0x00000100                        _vector_end = .
                0x00000040                        . = ALIGN (0x4)
 *(SORT_BY_ALIGNMENT(.gnu.linkonce.irq_vector_table*))
 .gnu.linkonce.irq_vector_table
                0x00000040       0xc0 zephyr/arch/common/libisr_tables.a(isr_tables.c.obj)
                0x00000040                _irq_vector_table
                0x00000100                        _vector_end = .

text            0x00000100    0x28284
                0x00000100                        __text_region_start = .
 *(SORT_BY_ALIGNMENT(.text))
 .text          0x00000100      0x21c /opt/zephyr-sdk/gnu/arm-zephyr-eabi/bin/../lib/gcc/arm-zephyr-eabi/14.3.0/thumb/v7e-m/nofp/space/libgcc.a(_arm_addsubsf3.o)
                0x00000100                __aeabi_frsub
                0x00000108                __aeabi_fsub
                0x00000108                __subsf3
                0x0000010c                __aeabi_fadd
                0x0000010c                __addsf3
                0x0000026c                __aeabi_ui2f
                0x0000026c                __floatunsisf
                0x00000274                __floatsisf
                0x00000274                __aeabi_i2f
                0x00000290                __floatundisf
                0x00000290                __aeabi_ul2f
                0x000002a0                __floatdisf
                0x000002a0                __aeabi_l2f
 .text          0x0000031c      0x2a0 /opt/zephyr-sdk/gnu/arm-zephyr-eabi/bin/../lib/gcc/arm-zephyr-eabi/14.3.0/thumb/v7e-m/nofp/space/libgcc.a(_arm_muldivsf3.o)
                0x0000031c                __mulsf3
                0x0000031c                __aeabi_fmul
                0x00000484                __aeabi_fdiv
                0x00000484                __divsf3
 .text          0x000005bc       0xec /opt/zephyr-sdk/gnu/arm-zephyr-eabi/bin/../lib/gcc/arm-zephyr-eabi/14.3.0/thumb/v7e-m/nofp/space/libgcc.a(_arm_cmpsf2.o)
                0x000005bc                __gtsf2
                0x000005bc                __gesf2
                0x000005c4                __ltsf2
                0x000005c4                __lesf2
                0x000005cc                __eqsf2
                0x000005cc                __nesf2
                0x000005cc                __cmpsf2
                0x0000062c                __aeabi_cfrcmple
                0x00000634                __aeabi_cfcmple
                0x00000634                __aeabi_cfcmpeq
                0x00000644                __aeabi_fcmpeq
                0x00000658                __aeabi_fcmplt
                0x0000066c                __aeabi_fcmple
                0x00000680                __aeabi_fcmpge
                0x00000694                __aeabi_fcmpgt
 .text          0x000006a8       0x4c /opt/zephyr-sdk/gnu/arm-zephyr-eabi/bin/../lib/gcc/arm-zephyr-eabi/14.3.0/thumb/v7e-m/nofp/space/libgcc.a(_arm_fixsfsi.o)
                0x000006a8                __fixsfsi
                0x000006a8                __aeabi_f2iz
 .text          0x000006f4       0x40 /opt/zephyr-sdk/gnu/arm-zephyr-eabi/bin/../lib/gcc/arm-zephyr-eabi/14.3.0/thumb/v7e-m/nofp/space/libgcc.a(_arm_fixunssfsi.o)
                0x000006f4                __fixunssfsi
                0x000006f4                __aeabi_f2uiz
 .text          0x00000734       0x30 /opt/zephyr-sdk/gnu/arm-zephyr-eabi/bin/../lib/gcc/arm-zephyr-eabi/14.3.0/thumb/v7e-m/nofp/space/libgcc.a(_aeabi_uldivmod.o)
                0x00000734                __aeabi_uldivmod
 .text          0x00000764        0x4 /opt/zephyr-sdk/gnu/arm-zephyr-eabi/bin/../lib/gcc/arm-zephyr-eabi/14.3.0/thumb/v7e-m/nofp/space/libgcc.a(_dvmd_tls.o)
                0x00000764                __aeabi_ldiv0
                0x00000764                __aeabi_idiv0
 .text          0x00000768       0x10 /opt/zephyr-sdk/gnu/arm-zephyr-eabi/bin/../lib/gcc/arm-zephyr-eabi/14.3.0/../../../../arm-zephyr-eabi/lib/thumb/v7e-m/nofp/space/libc.a(strcpy.S.o)
                0x00000768                strcpy
 .text          0x00000778       0x10 /opt/zephyr-sdk/gnu/arm-zephyr-eabi/bin/../lib/gcc/arm-zephyr-eabi/14.3.0/../../../../arm-zephyr-eabi/lib/thumb/v7e-m/nofp/space/libc.a(strlen.S.o)
                0x00000778                strlen
 .text          0x00000788      0x2bc /opt/zephyr-sdk/gnu/arm-zephyr-eabi/bin/../lib/gcc/arm-zephyr-eabi/14.3.0/thumb/v7e-m/nofp/space/libgcc.a(_udivmoddi4.o)
                0x00000788                __udivmoddi4
 *(SORT_BY_ALIGNMENT(.text.*))
 *fill*         0x00000a44        0x4 
 .text.bt_init  0x00000a48      0x55c zephyr/subsys/bluetooth/host/libsubsys__bluetooth__host.a(hci_core.c.obj)
 *fill*         0x00000fa4        0x4 
 .text.ull_drift_ticks_get
                0x00000fa8       0x90 zephyr/subsys/bluetooth/controller/libsubsys__bluetooth__controller.a(ull.c.obj)
                0x00000fa8                ull_drift_ticks_get
 .text.ll_adv_enable
                0x00001038      0x368 zephyr/subsys/bluetooth/controller/libsubsys__bluetooth__controller.a(ull_adv.c.obj)
                0x00001038                ll_adv_enable
 .text.ull_adv_time_update
                0x000013a0       0xb4 zephyr/subsys/bluetooth/controller/libsubsys__bluetooth__controller.a(ull_adv.c.obj)
                0x000013a0                ull_adv_time_update
 *fill*         0x00001454        0x4 
 .text.ull_conn_update_ticker.constprop.0
                0x00001458       0xf8 zephyr/subsys/bluetooth/controller/libsubsys__bluetooth__controller.a(ull_conn.c.obj)
 .text.ull_conn_done
                0x00001550      0x384 zephyr/subsys/bluetooth/controller/libsubsys__bluetooth__controller.a(ull_conn.c.obj)
                0x00001550                ull_conn_done
 *fill*         0x000018d4        0x4 
 .text.ull_conn_update_parameters
                0x000018d8      0x264 zephyr/subsys/bluetooth/controller/libsubsys__bluetooth__controller.a(ull_conn.c.obj)
                0x000018d8                ull_conn_update_parameters
 *fill*         0x00001b3c        0x4 
 .text.ull_periph_setup
                0x00001b40      0x42c zephyr/subsys/bluetooth/controller/libsubsys__bluetooth__controller.a(ull_peripheral.c.obj)
                0x00001b40                ull_periph_setup
 *fill*         0x00001f6c        0x4 
 .text.prepare_cb
                0x00001f70      0x158 zephyr/subsys/bluetooth/controller/ll_sw/nordic/libsubsys__bluetooth__controller__ll_sw__nordic.a(lll_adv.c.obj)
 .text.prepare_cb
                0x000020c8      0x24c zephyr/subsys/bluetooth/controller/ll_sw/nordic/libsubsys__bluetooth__controller__ll_sw__nordic.a(lll_peripheral.c.obj)
 .text.aircraft_telemetry_bearing_deg.constprop.0
                0x00002314       0xd8 app/libapp.a(main.c.obj)
 .text.connected_cb
                0x000023ec       0x64 app/libapp.a(main.c.obj)
 .text.disconnected_cb
                0x00002450       0x50 app/libapp.a(main.c.obj)
 .text.temp_ccc_cfg_changed
                0x000024a0       0x48 app/libapp.a(main.c.obj)
 .text.heart_rate_ccc_cfg_changed
                0x000024e8       0x48 app/libapp.a(main.c.obj)
 .text.battery_ccc_cfg_changed
                0x00002530       0x48 app/libapp.a(main.c.obj)
 .text.write_update_interval
                0x00002578       0x7c app/libapp.a(main.c.obj)
 .text.sync_aircraft_payload
                0x000025f4       0x80 app/libapp.a(main.c.obj)
 .text.bt_ready
                0x00002674       0xc8 app/libapp.a(main.c.obj)
 .text.sensor_work_handler
                0x0000273c      0x50c app/libapp.a(main.c.obj)
 .text.main     0x00002c48       0xb4 app/libapp.a(main.c.obj)
                0x00002c48                main
 .text.free_list_add
                0x00002cfc       0x9c zephyr/libzephyr.a(heap.c.obj)
 .text.free_list_remove_bidx
                0x00002d98       0x88 zephyr/libzephyr.a(heap.c.obj)
 .text.free_chunk_check.isra.0
                0x00002e20       0x60 zephyr/libzephyr.a(heap.c.obj)
 .text.sys_heap_free
                0x00002e80      0x144 zephyr/libzephyr.a(heap.c.obj)
                0x00002e80                sys_heap_free
 .text.sys_heap_aligned_alloc
                0x00002fc4      0x114 zephyr/libzephyr.a(heap.c.obj)
                0x00002fc4                sys_heap_aligned_alloc
 .text.sys_heap_init
                0x000030d8      0x124 zephyr/libzephyr.a(heap.c.obj)
                0x000030d8                sys_heap_init
 .text.boot_banner
                0x000031fc       0x10 zephyr/libzephyr.a(boot_banner.c.obj)
 .text.cbvprintf_package
                0x0000320c      0x3d0 zephyr/libzephyr.a(cbprintf_packaged.c.obj)
                0x0000320c                cbvprintf_package
 .text.__printk_hook_install
                0x000035dc        0xc zephyr/libzephyr.a(printk.c.obj)
                0x000035dc                __printk_hook_install
 .text.process_event
                0x000035e8      0x39c zephyr/libzephyr.a(onoff.c.obj)
 .text.transition_complete
                0x00003984       0x64 zephyr/libzephyr.a(onoff.c.obj)
 .text.onoff_request
                0x000039e8      0x12c zephyr/libzephyr.a(onoff.c.obj)
                0x000039e8                onoff_request
 .text.onoff_release
                0x00003b14       0xd8 zephyr/libzephyr.a(onoff.c.obj)
                0x00003b14                onoff_release
 .text.onoff_cancel
                0x00003bec       0xd4 zephyr/libzephyr.a(onoff.c.obj)
                0x00003bec                onoff_cancel
 .text.sys_notify_finalize
                0x00003cc0       0x40 zephyr/libzephyr.a(notify.c.obj)
                0x00003cc0                sys_notify_finalize
 .text.log_backend_is_active
                0x00003d00       0x30 zephyr/libzephyr.a(log_core.c.obj)
 .text.log_backend_is_ready
                0x00003d30       0x34 zephyr/libzephyr.a(log_core.c.obj)
 .text.z_log_init.isra.0
                0x00003d64      0x114 zephyr/libzephyr.a(log_core.c.obj)
 .text.log_format_func_t_get
                0x00003e78        0xc zephyr/libzephyr.a(log_core.c.obj)
                0x00003e78                log_format_func_t_get
 .text.log_set_timestamp_func
                0x00003e84       0x20 zephyr/libzephyr.a(log_core.c.obj)
                0x00003e84                log_set_timestamp_func
 .text.log_core_init
                0x00003ea4       0x7c zephyr/libzephyr.a(log_core.c.obj)
                0x00003ea4                log_core_init
 .text.z_impl_log_panic
                0x00003f20       0x6c zephyr/libzephyr.a(log_core.c.obj)
                0x00003f20                z_impl_log_panic
 .text.z_log_dropped
                0x00003f8c       0x30 zephyr/libzephyr.a(log_core.c.obj)
                0x00003f8c                z_log_dropped
 .text.z_log_msg_commit
                0x00003fbc       0x78 zephyr/libzephyr.a(log_core.c.obj)
                0x00003fbc                z_log_msg_commit
 .text.log_source_name_get
                0x00004034       0x1c zephyr/libzephyr.a(log_mgmt.c.obj)
                0x00004034                log_source_name_get
 .text.z_log_msg_runtime_vcreate
                0x00004050       0xf0 zephyr/libzephyr.a(log_msg.c.obj)
                0x00004050                z_log_msg_runtime_vcreate
 .text.log_msg_get_source_id
                0x00004140       0x18 zephyr/libzephyr.a(log_msg.c.obj)
                0x00004140                log_msg_get_source_id
 .text.print_formatted
                0x00004158       0x24 zephyr/libzephyr.a(log_output.c.obj)
 .text.newline_print
                0x0000417c       0x1c zephyr/libzephyr.a(log_output.c.obj)
 .text.log_output_process
                0x00004198      0x2d0 zephyr/libzephyr.a(log_output.c.obj)
                0x00004198                log_output_process
 .text.log_output_timestamp_freq_set
                0x00004468       0x2c zephyr/libzephyr.a(log_output.c.obj)
                0x00004468                log_output_timestamp_freq_set
 .text.char_out
                0x00004494       0x24 zephyr/libzephyr.a(log_backend_uart.c.obj)
 .text.log_backend_uart_init
                0x000044b8       0x3c zephyr/libzephyr.a(log_backend_uart.c.obj)
 .text.mem_attr_get_regions
                0x000044f4        0xc zephyr/libzephyr.a(mem_attr.c.obj)
                0x000044f4                mem_attr_get_regions
 .text.read_ppcp
                0x00004500       0x2c zephyr/libzephyr.a(gap_svc.c.obj)
 .text.z_thread_entry
                0x0000452c       0x6c zephyr/libzephyr.a(thread_entry.c.obj)
                0x0000452c                z_thread_entry
 .text.arch_bss_zero
                0x00004598       0x18 zephyr/arch/common/libarch__common.a(init.c.obj)
                0x00004598                arch_bss_zero
 .text.arch_data_copy
                0x000045b0       0x38 zephyr/arch/common/libarch__common.a(xip.c.obj)
                0x000045b0                arch_data_copy
 .text.z_arm_fatal_error
                0x000045e8       0xc4 zephyr/arch/arch/arm/core/libarch__arm__core.a(fatal.c.obj)
                0x000045e8                z_arm_fatal_error
 .text.z_SysNmiOnReset
                0x000046ac        0x8 zephyr/arch/arch/arm/core/libarch__arm__core.a(nmi_on_reset.S.obj)
                0x000046ac                z_SysNmiOnReset
 .text.arch_tls_stack_setup
                0x000046b4       0x40 zephyr/arch/arch/arm/core/libarch__arm__core.a(tls.c.obj)
                0x000046b4                arch_tls_stack_setup
 .text.mem_manage_fault
                0x000046f4      0x198 zephyr/arch/arch/arm/core/cortex_m/libarch__arm__core__cortex_m.a(fault.c.obj)
 .text.usage_fault.isra.0
                0x0000488c      0x108 zephyr/arch/arch/arm/core/cortex_m/libarch__arm__core__cortex_m.a(fault.c.obj)
 .text.bus_fault.isra.0
                0x00004994      0x13c zephyr/arch/arch/arm/core/cortex_m/libarch__arm__core__cortex_m.a(fault.c.obj)
 .text.z_arm_fault
                0x00004ad0      0x288 zephyr/arch/arch/arm/core/cortex_m/libarch__arm__core__cortex_m.a(fault.c.obj)
                0x00004ad0                z_arm_fault
 .text.z_arm_fault_init
                0x00004d58       0x18 zephyr/arch/arch/arm/core/cortex_m/libarch__arm__core__cortex_m.a(fault.c.obj)
                0x00004d58                z_arm_fault_init
 .text.__fault  0x00004d70       0x14 zephyr/arch/arch/arm/core/cortex_m/libarch__arm__core__cortex_m.a(fault_s.S.obj)
                0x00004d70                z_arm_exc_spurious
                0x00004d70                z_arm_usage_fault
                0x00004d70                z_arm_mpu_fault
                0x00004d70                z_arm_debug_monitor
                0x00004d70                z_arm_hard_fault
                0x00004d70                z_arm_bus_fault
 .text._reset_section
                0x00004d84       0x38 zephyr/arch/arch/arm/core/cortex_m/libarch__arm__core__cortex_m.a(reset.S.obj)
                0x00004d84                __start
                0x00004d84                z_arm_reset
 .text.z_arm_svc
                0x00004dbc       0x24 zephyr/arch/arch/arm/core/cortex_m/libarch__arm__core__cortex_m.a(svc.S.obj)
                0x00004dbc                z_arm_svc
 .text.arm_irq_enable
                0x00004de0       0x1c zephyr/arch/arch/arm/core/cortex_m/libarch__arm__core__cortex_m.a(irq_manage.c.obj)
                0x00004de0                arm_irq_enable
 .text.arm_irq_disable
                0x00004dfc       0x28 zephyr/arch/arch/arm/core/cortex_m/libarch__arm__core__cortex_m.a(irq_manage.c.obj)
                0x00004dfc                arm_irq_disable
 .text.arm_irq_is_enabled
                0x00004e24       0x1c zephyr/arch/arch/arm/core/cortex_m/libarch__arm__core__cortex_m.a(irq_manage.c.obj)
                0x00004e24                arm_irq_is_enabled
 .text.arm_irq_priority_set
                0x00004e40       0x68 zephyr/arch/arch/arm/core/cortex_m/libarch__arm__core__cortex_m.a(irq_manage.c.obj)
                0x00004e40                arm_irq_priority_set
 .text.relocate_vector_table
                0x00004ea8       0x1c zephyr/arch/arch/arm/core/cortex_m/libarch__arm__core__cortex_m.a(prep_c.c.obj)
                0x00004ea8                relocate_vector_table
 .text.z_prep_c
                0x00004ec4       0x38 zephyr/arch/arch/arm/core/cortex_m/libarch__arm__core__cortex_m.a(prep_c.c.obj)
                0x00004ec4                z_prep_c
 .text.arch_new_thread
                0x00004efc       0x38 zephyr/arch/arch/arm/core/cortex_m/libarch__arm__core__cortex_m.a(thread.c.obj)
                0x00004efc                arch_new_thread
 .text.z_check_thread_stack_fail
                0x00004f34       0x2c zephyr/arch/arch/arm/core/cortex_m/libarch__arm__core__cortex_m.a(thread.c.obj)
                0x00004f34                z_check_thread_stack_fail
 .text.arch_switch_to_main_thread
                0x00004f60       0x3c zephyr/arch/arch/arm/core/cortex_m/libarch__arm__core__cortex_m.a(thread.c.obj)
                0x00004f60                arch_switch_to_main_thread
 .text.z_arm_cpu_idle_init
                0x00004f9c        0xc zephyr/arch/arch/arm/core/cortex_m/libarch__arm__core__cortex_m.a(cpu_idle.c.obj)
                0x00004f9c                z_arm_cpu_idle_init
 .text._HandlerModeExit
                0x00004fa8       0x20 zephyr/arch/arch/arm/core/cortex_m/libarch__arm__core__cortex_m.a(exc_exit.c.obj)
                0x00004fa8                z_arm_int_exit
                0x00004fa8                z_arm_exc_exit
 .text.z_impl_k_thread_abort
                0x00004fc8       0x2c zephyr/arch/arch/arm/core/cortex_m/libarch__arm__core__cortex_m.a(thread_abort.c.obj)
                0x00004fc8                z_impl_k_thread_abort
 .text.z_arm_pendsv
                0x00004ff4       0x60 zephyr/arch/arch/arm/core/cortex_m/libarch__arm__core__cortex_m.a(swap_helper.S.obj)
                0x00004ff4                z_arm_pendsv
 .text.z_arm_interrupt_init
                0x00005054       0x18 zephyr/arch/arch/arm/core/cortex_m/libarch__arm__core__cortex_m.a(irq_init.c.obj)
                0x00005054                z_arm_interrupt_init
 .text._isr_wrapper
                0x0000506c       0x24 zephyr/arch/arch/arm/core/cortex_m/libarch__arm__core__cortex_m.a(isr_wrapper.c.obj)
                0x0000506c                _isr_wrapper
 .text.__aeabi_read_tp
                0x00005090        0xc zephyr/arch/arch/arm/core/cortex_m/libarch__arm__core__cortex_m.a(__aeabi_read_tp.S.obj)
                0x00005090                __aeabi_read_tp
 .text.z_arm_configure_static_mpu_regions
                0x0000509c       0x18 zephyr/arch/arch/arm/core/mpu/libarch__arm__core__mpu.a(arm_core_mpu.c.obj)
                0x0000509c                z_arm_configure_static_mpu_regions
 .text.z_arm_configure_dynamic_mpu_regions
                0x000050b4       0x20 zephyr/arch/arch/arm/core/mpu/libarch__arm__core__mpu.a(arm_core_mpu.c.obj)
                0x000050b4                z_arm_configure_dynamic_mpu_regions
 .text.region_allocate_and_init
                0x000050d4       0x60 zephyr/arch/arch/arm/core/mpu/libarch__arm__core__mpu.a(arm_mpu.c.obj)
 .text.mpu_configure_regions
                0x00005134       0x74 zephyr/arch/arch/arm/core/mpu/libarch__arm__core__mpu.a(arm_mpu.c.obj)
 .text.arm_core_mpu_enable
                0x000051a8       0x18 zephyr/arch/arch/arm/core/mpu/libarch__arm__core__mpu.a(arm_mpu.c.obj)
                0x000051a8                arm_core_mpu_enable
 .text.arm_core_mpu_disable
                0x000051c0       0x14 zephyr/arch/arch/arm/core/mpu/libarch__arm__core__mpu.a(arm_mpu.c.obj)
                0x000051c0                arm_core_mpu_disable
 .text.arm_core_mpu_configure_static_mpu_regions
                0x000051d4       0x4c zephyr/arch/arch/arm/core/mpu/libarch__arm__core__mpu.a(arm_mpu.c.obj)
                0x000051d4                arm_core_mpu_configure_static_mpu_regions
 .text.arm_core_mpu_configure_dynamic_mpu_regions
                0x00005220       0x6c zephyr/arch/arch/arm/core/mpu/libarch__arm__core__mpu.a(arm_mpu.c.obj)
                0x00005220                arm_core_mpu_configure_dynamic_mpu_regions
 .text.z_arm_mpu_init
                0x0000528c      0x250 zephyr/arch/arch/arm/core/mpu/libarch__arm__core__mpu.a(arm_mpu.c.obj)
                0x0000528c                z_arm_mpu_init
 .text.cbvprintf
                0x000054dc       0x38 zephyr/lib/libc/picolibc/liblib__libc__picolibc.a(cbprintf.c.obj)
                0x000054dc                cbvprintf
 .text.z_impl_zephyr_fputc
                0x00005514       0x10 zephyr/lib/libc/picolibc/liblib__libc__picolibc.a(stdio.c.obj)
                0x00005514                z_impl_zephyr_fputc
 .text.__stdout_hook_install
                0x00005524       0x18 zephyr/lib/libc/picolibc/liblib__libc__picolibc.a(stdio.c.obj)
                0x00005524                __stdout_hook_install
 .text.malloc_prepare
                0x0000553c       0x24 zephyr/lib/libc/common/liblib__libc__common.a(malloc.c.obj)
 .text.malloc_lock
                0x00005560       0x38 zephyr/lib/libc/common/liblib__libc__common.a(malloc.c.obj)
 .text.malloc_unlock
                0x00005598        0xc zephyr/lib/libc/common/liblib__libc__common.a(malloc.c.obj)
 .text.malloc   0x000055a4       0x34 zephyr/lib/libc/common/liblib__libc__common.a(malloc.c.obj)
                0x000055a4                malloc
 .text.free     0x000055d8       0x1c zephyr/lib/libc/common/liblib__libc__common.a(malloc.c.obj)
                0x000055d8                free
 .text.calloc   0x000055f4       0x34 zephyr/lib/libc/common/liblib__libc__common.a(malloc.c.obj)
                0x000055f4                calloc
 .text.net_buf_destroy
                0x00005628       0x38 zephyr/lib/net_buf/liblib__net_buf.a(buf.c.obj)
 .text.net_buf_pool_get
                0x00005660       0x10 zephyr/lib/net_buf/liblib__net_buf.a(buf.c.obj)
                0x00005660                net_buf_pool_get
 .text.net_buf_id
                0x00005670       0x20 zephyr/lib/net_buf/liblib__net_buf.a(buf.c.obj)
                0x00005670                net_buf_id
 .text.fixed_data_alloc
                0x00005690       0x24 zephyr/lib/net_buf/liblib__net_buf.a(buf.c.obj)
 .text.net_buf_reset
                0x000056b4       0x30 zephyr/lib/net_buf/liblib__net_buf.a(buf.c.obj)
                0x000056b4                net_buf_reset
 .text.net_buf_alloc_len
                0x000056e4      0x1b8 zephyr/lib/net_buf/liblib__net_buf.a(buf.c.obj)
                0x000056e4                net_buf_alloc_len
 .text.net_buf_slist_put
                0x0000589c       0xd4 zephyr/lib/net_buf/liblib__net_buf.a(buf.c.obj)
                0x0000589c                net_buf_slist_put
 .text.net_buf_slist_get
                0x00005970       0xb8 zephyr/lib/net_buf/liblib__net_buf.a(buf.c.obj)
                0x00005970                net_buf_slist_get
 .text.net_buf_unref
                0x00005a28       0xa4 zephyr/lib/net_buf/liblib__net_buf.a(buf.c.obj)
                0x00005a28                net_buf_unref
 .text.net_buf_ref
                0x00005acc       0x70 zephyr/lib/net_buf/liblib__net_buf.a(buf.c.obj)
                0x00005acc                net_buf_ref
 .text.net_buf_frag_last
                0x00005b3c       0x34 zephyr/lib/net_buf/liblib__net_buf.a(buf.c.obj)
                0x00005b3c                net_buf_frag_last
 .text.net_buf_frag_insert
                0x00005b70       0x58 zephyr/lib/net_buf/liblib__net_buf.a(buf.c.obj)
                0x00005b70                net_buf_frag_insert
 .text.net_buf_frag_add
                0x00005bc8       0x48 zephyr/lib/net_buf/liblib__net_buf.a(buf.c.obj)
                0x00005bc8                net_buf_frag_add
 .text.net_buf_frag_del
                0x00005c10       0x78 zephyr/lib/net_buf/liblib__net_buf.a(buf.c.obj)
                0x00005c10                net_buf_frag_del
 .text.net_buf_simple_reserve
                0x00005c88       0x44 zephyr/lib/net_buf/liblib__net_buf.a(buf_simple.c.obj)
                0x00005c88                net_buf_simple_reserve
 .text.net_buf_simple_add
                0x00005ccc       0x40 zephyr/lib/net_buf/liblib__net_buf.a(buf_simple.c.obj)
                0x00005ccc                net_buf_simple_add
 .text.net_buf_simple_push
                0x00005d0c       0x40 zephyr/lib/net_buf/liblib__net_buf.a(buf_simple.c.obj)
                0x00005d0c                net_buf_simple_push
 .text.net_buf_simple_pull
                0x00005d4c       0x3c zephyr/lib/net_buf/liblib__net_buf.a(buf_simple.c.obj)
                0x00005d4c                net_buf_simple_pull
 .text.net_buf_simple_pull_mem
                0x00005d88       0x3c zephyr/lib/net_buf/liblib__net_buf.a(buf_simple.c.obj)
                0x00005d88                net_buf_simple_pull_mem
 .text.nordicsemi_nrf52_init
                0x00005dc4       0x38 zephyr/soc/soc/nrf52840/libsoc__nordic.a(soc.c.obj)
 .text.arch_busy_wait
                0x00005dfc       0x24 zephyr/soc/soc/nrf52840/libsoc__nordic.a(soc.c.obj)
                0x00005dfc                arch_busy_wait
 .text.gppi_init
                0x00005e20       0x20 zephyr/soc/soc/nrf52840/libsoc__nordic.a(gppi_init.c.obj)
 .text.bt_addr_le_tmp_str
                0x00005e40       0x98 zephyr/subsys/bluetooth/common/libsubsys__bluetooth__common.a(addr.c.obj)
                0x00005e40                bt_addr_le_tmp_str
 .text.bt_hex   0x00005ed8       0x44 zephyr/subsys/bluetooth/common/libsubsys__bluetooth__common.a(bt_str.c.obj)
                0x00005ed8                bt_hex
 .text.long_wq_init
                0x00005f1c       0x38 zephyr/subsys/bluetooth/host/libsubsys__bluetooth__host.a(long_wq.c.obj)
 .text.bt_long_wq_schedule
                0x00005f54        0xc zephyr/subsys/bluetooth/host/libsubsys__bluetooth__host.a(long_wq.c.obj)
                0x00005f54                bt_long_wq_schedule
 .text.bt_long_wq_submit
                0x00005f60        0xc zephyr/subsys/bluetooth/host/libsubsys__bluetooth__host.a(long_wq.c.obj)
                0x00005f60                bt_long_wq_submit
 .text.sys_memcpy_swap.constprop.0
                0x00005f6c       0x58 zephyr/subsys/bluetooth/host/libsubsys__bluetooth__host.a(uuid.c.obj)
 .text.bt_uuid_to_uuid
                0x00005fc4       0x90 zephyr/subsys/bluetooth/host/libsubsys__bluetooth__host.a(uuid.c.obj)
 .text.hci_rx_pool_destroy
                0x00006054       0x34 zephyr/subsys/bluetooth/host/libsubsys__bluetooth__host.a(buf.c.obj)
 .text.bt_buf_get_rx
                0x00006088       0x98 zephyr/subsys/bluetooth/host/libsubsys__bluetooth__host.a(buf.c.obj)
                0x00006088                bt_buf_get_rx
 .text.bt_buf_get_evt
                0x00006120       0x3c zephyr/subsys/bluetooth/host/libsubsys__bluetooth__host.a(buf.c.obj)
                0x00006120                bt_buf_get_evt
 .text.bt_buf_destroy_view
                0x0000615c       0x50 zephyr/subsys/bluetooth/host/libsubsys__bluetooth__host.a(buf.c.obj)
                0x0000615c                bt_buf_destroy_view
 .text.bt_buf_make_view
                0x000061ac       0xc0 zephyr/subsys/bluetooth/host/libsubsys__bluetooth__host.a(buf.c.obj)
                0x000061ac                bt_buf_make_view
 .text.hci_disconn_complete_prio
                0x0000626c       0x4c zephyr/subsys/bluetooth/host/libsubsys__bluetooth__host.a(hci_core.c.obj)
 .text.bt_tx_processor_init
                0x000062b8       0x30 zephyr/subsys/bluetooth/host/libsubsys__bluetooth__host.a(hci_core.c.obj)
 .text.find_pending_connect.part.0
                0x000062e8       0x2c zephyr/subsys/bluetooth/host/libsubsys__bluetooth__host.a(hci_core.c.obj)
 .text.rx_queue_put
                0x00006314       0x48 zephyr/subsys/bluetooth/host/libsubsys__bluetooth__host.a(hci_core.c.obj)
 .text.hci_hardware_error
                0x0000635c       0x30 zephyr/subsys/bluetooth/host/libsubsys__bluetooth__host.a(hci_core.c.obj)
 .text.le_data_len_change
                0x0000638c       0x3c zephyr/subsys/bluetooth/host/libsubsys__bluetooth__host.a(hci_core.c.obj)
 .text.le_phy_update_complete
                0x000063c8       0x3c zephyr/subsys/bluetooth/host/libsubsys__bluetooth__host.a(hci_core.c.obj)
 .text.hci_disconn_complete
                0x00006404       0x4c zephyr/subsys/bluetooth/host/libsubsys__bluetooth__host.a(hci_core.c.obj)
 .text.handle_event_common
                0x00006450       0x5c zephyr/subsys/bluetooth/host/libsubsys__bluetooth__host.a(hci_core.c.obj)
 .text.handle_event
                0x000064ac       0x40 zephyr/subsys/bluetooth/host/libsubsys__bluetooth__host.a(hci_core.c.obj)
 .text.hci_le_meta_prio_event
                0x000064ec       0x20 zephyr/subsys/bluetooth/host/libsubsys__bluetooth__host.a(hci_core.c.obj)
 .text.rx_work_handler
                0x0000650c      0x160 zephyr/subsys/bluetooth/host/libsubsys__bluetooth__host.a(hci_core.c.obj)
 .text.hci_le_meta_event
                0x0000666c       0x20 zephyr/subsys/bluetooth/host/libsubsys__bluetooth__host.a(hci_core.c.obj)
 .text.hci_vendor_event
                0x0000668c       0x54 zephyr/subsys/bluetooth/host/libsubsys__bluetooth__host.a(hci_core.c.obj)
 .text.hci_data_buf_overflow
                0x000066e0       0x2c zephyr/subsys/bluetooth/host/libsubsys__bluetooth__host.a(hci_core.c.obj)
 .text.le_remote_feat_complete
                0x0000670c       0x60 zephyr/subsys/bluetooth/host/libsubsys__bluetooth__host.a(hci_core.c.obj)
 .text.bt_hci_recv
                0x0000676c      0x14c zephyr/subsys/bluetooth/host/libsubsys__bluetooth__host.a(hci_core.c.obj)
                0x0000676c                bt_hci_recv
 .text.hci_cmd_done
                0x000068b8      0x168 zephyr/subsys/bluetooth/host/libsubsys__bluetooth__host.a(hci_core.c.obj)
 .text.le_conn_update_complete
                0x00006a20      0x154 zephyr/subsys/bluetooth/host/libsubsys__bluetooth__host.a(hci_core.c.obj)
 .text.enh_conn_complete_error_handle
                0x00006b74       0x78 zephyr/subsys/bluetooth/host/libsubsys__bluetooth__host.a(hci_core.c.obj)
 .text.hci_num_completed_packets
                0x00006bec      0x148 zephyr/subsys/bluetooth/host/libsubsys__bluetooth__host.a(hci_core.c.obj)
 .text.hci_reset_complete
                0x00006d34       0x2c zephyr/subsys/bluetooth/host/libsubsys__bluetooth__host.a(hci_core.c.obj)
 .text.bt_hci_cmd_state_set_init
                0x00006d60       0x24 zephyr/subsys/bluetooth/host/libsubsys__bluetooth__host.a(hci_core.c.obj)
                0x00006d60                bt_hci_cmd_state_set_init
 .text.bt_hci_cmd_alloc
                0x00006d84       0x50 zephyr/subsys/bluetooth/host/libsubsys__bluetooth__host.a(hci_core.c.obj)
                0x00006d84                bt_hci_cmd_alloc
 .text.bt_security_err_get
                0x00006dd4       0x10 zephyr/subsys/bluetooth/host/libsubsys__bluetooth__host.a(hci_core.c.obj)
                0x00006dd4                bt_security_err_get
 .text.hci_encrypt_key_refresh_complete
                0x00006de4       0xa0 zephyr/subsys/bluetooth/host/libsubsys__bluetooth__host.a(hci_core.c.obj)
 .text.hci_encrypt_change
                0x00006e84       0xcc zephyr/subsys/bluetooth/host/libsubsys__bluetooth__host.a(hci_core.c.obj)
 .text.bt_hci_get_ver_str
                0x00006f50       0x2c zephyr/subsys/bluetooth/host/libsubsys__bluetooth__host.a(hci_core.c.obj)
                0x00006f50                bt_hci_get_ver_str
 .text.bt_send  0x00006f7c       0x14 zephyr/subsys/bluetooth/host/libsubsys__bluetooth__host.a(hci_core.c.obj)
                0x00006f7c                bt_send
 .text.bt_finalize_init
                0x00006f90      0x11c zephyr/subsys/bluetooth/host/libsubsys__bluetooth__host.a(hci_core.c.obj)
                0x00006f90                bt_finalize_init
 .text.bt_get_name
                0x000070ac        0x8 zephyr/subsys/bluetooth/host/libsubsys__bluetooth__host.a(hci_core.c.obj)
                0x000070ac                bt_get_name
 .text.bt_tx_irq_raise
                0x000070b4       0x48 zephyr/subsys/bluetooth/host/libsubsys__bluetooth__host.a(hci_core.c.obj)
                0x000070b4                bt_tx_irq_raise
 .text.bt_hci_cmd_send
                0x000070fc       0xb0 zephyr/subsys/bluetooth/host/libsubsys__bluetooth__host.a(hci_core.c.obj)
                0x000070fc                bt_hci_cmd_send
 .text.bt_hci_cmd_send_sync
                0x000071ac      0x13c zephyr/subsys/bluetooth/host/libsubsys__bluetooth__host.a(hci_core.c.obj)
                0x000071ac                bt_hci_cmd_send_sync
 .text.bt_hci_le_read_max_data_len
                0x000072e8       0xa0 zephyr/subsys/bluetooth/host/libsubsys__bluetooth__host.a(hci_core.c.obj)
                0x000072e8                bt_hci_le_read_max_data_len
 .text.bt_hci_le_enh_conn_complete
                0x00007388      0x1a8 zephyr/subsys/bluetooth/host/libsubsys__bluetooth__host.a(hci_core.c.obj)
                0x00007388                bt_hci_le_enh_conn_complete
 .text.le_legacy_conn_complete
                0x00007530       0x7c zephyr/subsys/bluetooth/host/libsubsys__bluetooth__host.a(hci_core.c.obj)
 .text.init_work
                0x000075ac       0x18 zephyr/subsys/bluetooth/host/libsubsys__bluetooth__host.a(hci_core.c.obj)
 .text.bt_enable
                0x000075c4       0xe4 zephyr/subsys/bluetooth/host/libsubsys__bluetooth__host.a(hci_core.c.obj)
                0x000075c4                bt_enable
 .text.le_ltk_request
                0x000076a8       0xd0 zephyr/subsys/bluetooth/host/libsubsys__bluetooth__host.a(hci_core.c.obj)
 .text.le_conn_param_neg_reply
                0x00007778       0x50 zephyr/subsys/bluetooth/host/libsubsys__bluetooth__host.a(hci_core.c.obj)
 .text.le_conn_param_req
                0x000077c8       0xcc zephyr/subsys/bluetooth/host/libsubsys__bluetooth__host.a(hci_core.c.obj)
 .text.hci_cmd_status
                0x00007894       0x30 zephyr/subsys/bluetooth/host/libsubsys__bluetooth__host.a(hci_core.c.obj)
 .text.hci_cmd_complete
                0x000078c4       0x6c zephyr/subsys/bluetooth/host/libsubsys__bluetooth__host.a(hci_core.c.obj)
 .text.tx_processor
                0x00007930       0xfc zephyr/subsys/bluetooth/host/libsubsys__bluetooth__host.a(hci_core.c.obj)
 .text.bt_hci_evt_create
                0x00007a2c       0x50 zephyr/subsys/bluetooth/host/libsubsys__bluetooth__host.a(hci_common.c.obj)
                0x00007a2c                bt_hci_evt_create
 .text.id_find  0x00007a7c       0x30 zephyr/subsys/bluetooth/host/libsubsys__bluetooth__host.a(id.c.obj)
 .text.id_create.constprop.0
                0x00007aac       0x5c zephyr/subsys/bluetooth/host/libsubsys__bluetooth__host.a(id.c.obj)
 .text.set_random_address
                0x00007b08       0x78 zephyr/subsys/bluetooth/host/libsubsys__bluetooth__host.a(id.c.obj)
 .text.find_rl_conflict
                0x00007b80       0xd4 zephyr/subsys/bluetooth/host/libsubsys__bluetooth__host.a(id.c.obj)
 .text.bt_id_pending_keys_update_set
                0x00007c54       0x28 zephyr/subsys/bluetooth/host/libsubsys__bluetooth__host.a(id.c.obj)
                0x00007c54                bt_id_pending_keys_update_set
 .text.bt_id_pending_keys_update
                0x00007c7c       0x34 zephyr/subsys/bluetooth/host/libsubsys__bluetooth__host.a(id.c.obj)
                0x00007c7c                bt_id_pending_keys_update
 .text.bt_id_find_conflict
                0x00007cb0       0x20 zephyr/subsys/bluetooth/host/libsubsys__bluetooth__host.a(id.c.obj)
                0x00007cb0                bt_id_find_conflict
 .text.bt_id_add
                0x00007cd0      0x194 zephyr/subsys/bluetooth/host/libsubsys__bluetooth__host.a(id.c.obj)
                0x00007cd0                bt_id_add
 .text.bt_id_del
                0x00007e64      0x154 zephyr/subsys/bluetooth/host/libsubsys__bluetooth__host.a(id.c.obj)
                0x00007e64                bt_id_del
 .text.bt_id_create
                0x00007fb8       0xc0 zephyr/subsys/bluetooth/host/libsubsys__bluetooth__host.a(id.c.obj)
                0x00007fb8                bt_id_create
 .text.bt_id_read_public_addr
                0x00008078       0xa0 zephyr/subsys/bluetooth/host/libsubsys__bluetooth__host.a(id.c.obj)
                0x00008078                bt_id_read_public_addr
 .text.bt_setup_public_id_addr
                0x00008118       0x20 zephyr/subsys/bluetooth/host/libsubsys__bluetooth__host.a(id.c.obj)
                0x00008118                bt_setup_public_id_addr
 .text.bt_setup_random_id_addr
                0x00008138       0xe8 zephyr/subsys/bluetooth/host/libsubsys__bluetooth__host.a(id.c.obj)
                0x00008138                bt_setup_random_id_addr
 .text.bt_id_set_adv_own_addr
                0x00008220       0xd4 zephyr/subsys/bluetooth/host/libsubsys__bluetooth__host.a(id.c.obj)
                0x00008220                bt_id_set_adv_own_addr
 .text.bt_id_init
                0x000082f4       0x60 zephyr/subsys/bluetooth/host/libsubsys__bluetooth__host.a(id.c.obj)
                0x000082f4                bt_id_init
 .text.hci_set_ad.constprop.0
                0x00008354       0xd4 zephyr/subsys/bluetooth/host/libsubsys__bluetooth__host.a(adv.c.obj)
 .text.le_adv_update.constprop.0
                0x00008428       0x58 zephyr/subsys/bluetooth/host/libsubsys__bluetooth__host.a(adv.c.obj)
 .text.bt_le_ext_adv_foreach
                0x00008480        0xc zephyr/subsys/bluetooth/host/libsubsys__bluetooth__host.a(adv.c.obj)
                0x00008480                bt_le_ext_adv_foreach
 .text.bt_le_adv_lookup_legacy
                0x0000848c        0x8 zephyr/subsys/bluetooth/host/libsubsys__bluetooth__host.a(adv.c.obj)
                0x0000848c                bt_le_adv_lookup_legacy
 .text.bt_le_adv_update_data
                0x00008494       0x34 zephyr/subsys/bluetooth/host/libsubsys__bluetooth__host.a(adv.c.obj)
                0x00008494                bt_le_adv_update_data
 .text.bt_le_adv_start
                0x000084c8      0x3b4 zephyr/subsys/bluetooth/host/libsubsys__bluetooth__host.a(adv.c.obj)
                0x000084c8                bt_le_adv_start
 .text.bt_le_adv_stop
                0x0000887c       0x7c zephyr/subsys/bluetooth/host/libsubsys__bluetooth__host.a(adv.c.obj)
                0x0000887c                bt_le_adv_stop
 .text.adv_timeout
                0x000088f8       0x2c zephyr/subsys/bluetooth/host/libsubsys__bluetooth__host.a(adv.c.obj)
 .text.sys_memcpy_swap.constprop.0
                0x00008924       0x58 zephyr/subsys/bluetooth/host/libsubsys__bluetooth__host.a(ecc.c.obj)
 .text.generate_pub_key
                0x0000897c      0x15c zephyr/subsys/bluetooth/host/libsubsys__bluetooth__host.a(ecc.c.obj)
 .text.generate_dh_key
                0x00008ad8      0x114 zephyr/subsys/bluetooth/host/libsubsys__bluetooth__host.a(ecc.c.obj)
 .text.bt_pub_key_is_debug
                0x00008bec       0x18 zephyr/subsys/bluetooth/host/libsubsys__bluetooth__host.a(ecc.c.obj)
                0x00008bec                bt_pub_key_is_debug
 .text.bt_pub_key_is_valid
                0x00008c04       0x90 zephyr/subsys/bluetooth/host/libsubsys__bluetooth__host.a(ecc.c.obj)
                0x00008c04                bt_pub_key_is_valid
 .text.bt_pub_key_gen
                0x00008c94       0xb8 zephyr/subsys/bluetooth/host/libsubsys__bluetooth__host.a(ecc.c.obj)
                0x00008c94                bt_pub_key_gen
 .text.bt_pub_key_get
                0x00008d4c       0x20 zephyr/subsys/bluetooth/host/libsubsys__bluetooth__host.a(ecc.c.obj)
                0x00008d4c                bt_pub_key_get
 .text.bt_dh_key_gen
                0x00008d6c       0x98 zephyr/subsys/bluetooth/host/libsubsys__bluetooth__host.a(ecc.c.obj)
                0x00008d6c                bt_dh_key_gen
 .text.frag_destroy
                0x00008e04       0x20 zephyr/subsys/bluetooth/host/libsubsys__bluetooth__host.a(conn.c.obj)
 .text.notify_connected
                0x00008e24       0x70 zephyr/subsys/bluetooth/host/libsubsys__bluetooth__host.a(conn.c.obj)
 .text.k_current_get
                0x00008e94       0x48 zephyr/subsys/bluetooth/host/libsubsys__bluetooth__host.a(conn.c.obj)
 .text.acl_get_and_clear_cb
                0x00008edc       0x48 zephyr/subsys/bluetooth/host/libsubsys__bluetooth__host.a(conn.c.obj)
 .text.perform_auto_initiated_procedures
                0x00008f24       0xcc zephyr/subsys/bluetooth/host/libsubsys__bluetooth__host.a(conn.c.obj)
 .text.recycled_work_handler
                0x00008ff0       0x84 zephyr/subsys/bluetooth/host/libsubsys__bluetooth__host.a(conn.c.obj)
 .text.tx_notify_process
                0x00009074       0x8c zephyr/subsys/bluetooth/host/libsubsys__bluetooth__host.a(conn.c.obj)
 .text.bt_conn_get_pkts
                0x00009100       0x18 zephyr/subsys/bluetooth/host/libsubsys__bluetooth__host.a(conn.c.obj)
                0x00009100                bt_conn_get_pkts
 .text.bt_conn_tx_notify
                0x00009118       0x74 zephyr/subsys/bluetooth/host/libsubsys__bluetooth__host.a(conn.c.obj)
                0x00009118                bt_conn_tx_notify
 .text.bt_conn_new
                0x0000918c       0x64 zephyr/subsys/bluetooth/host/libsubsys__bluetooth__host.a(conn.c.obj)
                0x0000918c                bt_conn_new
 .text.bt_conn_recv
                0x000091f0      0x130 zephyr/subsys/bluetooth/host/libsubsys__bluetooth__host.a(conn.c.obj)
                0x000091f0                bt_conn_recv
 .text.bt_conn_ref
                0x00009320       0x60 zephyr/subsys/bluetooth/host/libsubsys__bluetooth__host.a(conn.c.obj)
                0x00009320                bt_conn_ref
 .text.bt_conn_unref
                0x00009380       0xdc zephyr/subsys/bluetooth/host/libsubsys__bluetooth__host.a(conn.c.obj)
                0x00009380                bt_conn_unref
 .text.bt_conn_data_ready
                0x0000945c       0x48 zephyr/subsys/bluetooth/host/libsubsys__bluetooth__host.a(conn.c.obj)
                0x0000945c                bt_conn_data_ready
 .text.bt_conn_set_state
                0x000094a4      0x188 zephyr/subsys/bluetooth/host/libsubsys__bluetooth__host.a(conn.c.obj)
                0x000094a4                bt_conn_set_state
 .text.bt_conn_foreach
                0x0000962c       0x30 zephyr/subsys/bluetooth/host/libsubsys__bluetooth__host.a(conn.c.obj)
                0x0000962c                bt_conn_foreach
 .text.auto_initiated_procedures
                0x0000965c       0x10 zephyr/subsys/bluetooth/host/libsubsys__bluetooth__host.a(conn.c.obj)
 .text.bt_conn_lookup_handle
                0x0000966c       0x58 zephyr/subsys/bluetooth/host/libsubsys__bluetooth__host.a(conn.c.obj)
                0x0000966c                bt_conn_lookup_handle
 .text.bt_conn_index
                0x000096c4       0x60 zephyr/subsys/bluetooth/host/libsubsys__bluetooth__host.a(conn.c.obj)
                0x000096c4                bt_conn_index
 .text.bt_conn_create_pdu_timeout
                0x00009724       0xa0 zephyr/subsys/bluetooth/host/libsubsys__bluetooth__host.a(conn.c.obj)
                0x00009724                bt_conn_create_pdu_timeout
 .text.bt_conn_connected
                0x000097c4       0x20 zephyr/subsys/bluetooth/host/libsubsys__bluetooth__host.a(conn.c.obj)
                0x000097c4                bt_conn_connected
 .text.bt_conn_disconnect
                0x000097e4       0x78 zephyr/subsys/bluetooth/host/libsubsys__bluetooth__host.a(conn.c.obj)
                0x000097e4                bt_conn_disconnect
 .text.bt_conn_tx_processor
                0x0000985c      0x41c zephyr/subsys/bluetooth/host/libsubsys__bluetooth__host.a(conn.c.obj)
                0x0000985c                bt_conn_tx_processor
 .text.bt_conn_notify_le_param_updated
                0x00009c78       0xd4 zephyr/subsys/bluetooth/host/libsubsys__bluetooth__host.a(conn.c.obj)
                0x00009c78                bt_conn_notify_le_param_updated
 .text.bt_conn_le_param_req
                0x00009d4c       0xa8 zephyr/subsys/bluetooth/host/libsubsys__bluetooth__host.a(conn.c.obj)
                0x00009d4c                bt_conn_le_param_req
 .text.bt_conn_identity_resolved
                0x00009df4       0x90 zephyr/subsys/bluetooth/host/libsubsys__bluetooth__host.a(conn.c.obj)
                0x00009df4                bt_conn_identity_resolved
 .text.bt_conn_security_changed
                0x00009e84       0x80 zephyr/subsys/bluetooth/host/libsubsys__bluetooth__host.a(conn.c.obj)
                0x00009e84                bt_conn_security_changed
 .text.bt_conn_add_le
                0x00009f04       0x58 zephyr/subsys/bluetooth/host/libsubsys__bluetooth__host.a(conn.c.obj)
                0x00009f04                bt_conn_add_le
 .text.bt_conn_lookup_addr_le
                0x00009f5c       0x34 zephyr/subsys/bluetooth/host/libsubsys__bluetooth__host.a(conn.c.obj)
                0x00009f5c                bt_conn_lookup_addr_le
 .text.bt_conn_exists_le
                0x00009f90       0x5c zephyr/subsys/bluetooth/host/libsubsys__bluetooth__host.a(conn.c.obj)
                0x00009f90                bt_conn_exists_le
 .text.bt_conn_lookup_state_le
                0x00009fec       0x44 zephyr/subsys/bluetooth/host/libsubsys__bluetooth__host.a(conn.c.obj)
                0x00009fec                bt_conn_lookup_state_le
 .text.bt_conn_dst_tmp_str
                0x0000a030       0xb4 zephyr/subsys/bluetooth/host/libsubsys__bluetooth__host.a(conn.c.obj)
                0x0000a030                bt_conn_dst_tmp_str
 .text.send_conn_le_param_update
                0x0000a0e4       0x6c zephyr/subsys/bluetooth/host/libsubsys__bluetooth__host.a(conn.c.obj)
 .text.deferred_work
                0x0000a150      0x150 zephyr/subsys/bluetooth/host/libsubsys__bluetooth__host.a(conn.c.obj)
 .text.bt_conn_init
                0x0000a2a0       0x4c zephyr/subsys/bluetooth/host/libsubsys__bluetooth__host.a(conn.c.obj)
                0x0000a2a0                bt_conn_init
 .text.lower_data_ready
                0x0000a2ec       0x4c zephyr/subsys/bluetooth/host/libsubsys__bluetooth__host.a(l2cap.c.obj)
 .text.l2cap_accept
                0x0000a338       0x40 zephyr/subsys/bluetooth/host/libsubsys__bluetooth__host.a(l2cap.c.obj)
 .text.bt_l2cap_create_pdu_timeout
                0x0000a378       0x70 zephyr/subsys/bluetooth/host/libsubsys__bluetooth__host.a(l2cap.c.obj)
                0x0000a378                bt_l2cap_create_pdu_timeout
 .text.l2cap_create_le_sig_pdu
                0x0000a3e8       0x50 zephyr/subsys/bluetooth/host/libsubsys__bluetooth__host.a(l2cap.c.obj)
 .text.bt_l2cap_send_pdu
                0x0000a438       0x60 zephyr/subsys/bluetooth/host/libsubsys__bluetooth__host.a(l2cap.c.obj)
                0x0000a438                bt_l2cap_send_pdu
 .text.l2cap_data_pull
                0x0000a498      0x138 zephyr/subsys/bluetooth/host/libsubsys__bluetooth__host.a(l2cap.c.obj)
                0x0000a498                l2cap_data_pull
 .text.bt_l2cap_connected
                0x0000a5d0      0x138 zephyr/subsys/bluetooth/host/libsubsys__bluetooth__host.a(l2cap.c.obj)
                0x0000a5d0                bt_l2cap_connected
 .text.l2cap_recv
                0x0000a708       0xd0 zephyr/subsys/bluetooth/host/libsubsys__bluetooth__host.a(l2cap.c.obj)
 .text.bt_l2cap_recv
                0x0000a7d8       0x70 zephyr/subsys/bluetooth/host/libsubsys__bluetooth__host.a(l2cap.c.obj)
                0x0000a7d8                bt_l2cap_recv
 .text.bt_l2cap_update_conn_param
                0x0000a848       0x58 zephyr/subsys/bluetooth/host/libsubsys__bluetooth__host.a(l2cap.c.obj)
                0x0000a848                bt_l2cap_update_conn_param
 .text.att_op_get_type
                0x0000a8a0       0x74 zephyr/subsys/bluetooth/host/libsubsys__bluetooth__host.a(att.c.obj)
 .text.bt_att_released
                0x0000a914        0xc zephyr/subsys/bluetooth/host/libsubsys__bluetooth__host.a(att.c.obj)
 .text.k_current_get
                0x0000a920       0x48 zephyr/subsys/bluetooth/host/libsubsys__bluetooth__host.a(att.c.obj)
 .text.att_get_tx_meta_data
                0x0000a968       0x4c zephyr/subsys/bluetooth/host/libsubsys__bluetooth__host.a(att.c.obj)
 .text.att_create_rsp_pdu
                0x0000a9b4       0x60 zephyr/subsys/bluetooth/host/libsubsys__bluetooth__host.a(att.c.obj)
 .text.att_tx_destroy
                0x0000aa14       0xe0 zephyr/subsys/bluetooth/host/libsubsys__bluetooth__host.a(att.c.obj)
 .text.bt_att_chan_create_pdu
                0x0000aaf4       0xa8 zephyr/subsys/bluetooth/host/libsubsys__bluetooth__host.a(att.c.obj)
 .text.chan_send
                0x0000ab9c      0x110 zephyr/subsys/bluetooth/host/libsubsys__bluetooth__host.a(att.c.obj)
 .text.send_err_rsp
                0x0000acac       0x58 zephyr/subsys/bluetooth/host/libsubsys__bluetooth__host.a(att.c.obj)
 .text.bt_att_recv
                0x0000ad04       0xe8 zephyr/subsys/bluetooth/host/libsubsys__bluetooth__host.a(att.c.obj)
 .text.att_find_info_req
                0x0000adec       0x6c zephyr/subsys/bluetooth/host/libsubsys__bluetooth__host.a(att.c.obj)
 .text.bt_att_connected
                0x0000ae58       0x40 zephyr/subsys/bluetooth/host/libsubsys__bluetooth__host.a(att.c.obj)
 .text.att_write_rsp.constprop.0
                0x0000ae98       0xd4 zephyr/subsys/bluetooth/host/libsubsys__bluetooth__host.a(att.c.obj)
 .text.att_read_rsp
                0x0000af6c       0x90 zephyr/subsys/bluetooth/host/libsubsys__bluetooth__host.a(att.c.obj)
 .text.att_read_mult_req
                0x0000affc       0x94 zephyr/subsys/bluetooth/host/libsubsys__bluetooth__host.a(att.c.obj)
 .text.att_read_mult_vl_req
                0x0000b090       0x94 zephyr/subsys/bluetooth/host/libsubsys__bluetooth__host.a(att.c.obj)
 .text.att_find_type_req
                0x0000b124       0xc0 zephyr/subsys/bluetooth/host/libsubsys__bluetooth__host.a(att.c.obj)
 .text.att_read_type_req
                0x0000b1e4      0x114 zephyr/subsys/bluetooth/host/libsubsys__bluetooth__host.a(att.c.obj)
 .text.att_read_group_req
                0x0000b2f8       0xf0 zephyr/subsys/bluetooth/host/libsubsys__bluetooth__host.a(att.c.obj)
 .text.find_type_cb
                0x0000b3e8      0x168 zephyr/subsys/bluetooth/host/libsubsys__bluetooth__host.a(att.c.obj)
 .text.read_group_cb
                0x0000b550       0xb8 zephyr/subsys/bluetooth/host/libsubsys__bluetooth__host.a(att.c.obj)
 .text.read_type_cb
                0x0000b608       0xc0 zephyr/subsys/bluetooth/host/libsubsys__bluetooth__host.a(att.c.obj)
 .text.bt_att_accept
                0x0000b6c8       0xf8 zephyr/subsys/bluetooth/host/libsubsys__bluetooth__host.a(att.c.obj)
 .text.att_get  0x0000b7c0       0x70 zephyr/subsys/bluetooth/host/libsubsys__bluetooth__host.a(att.c.obj)
 .text.att_tx_destroy_work_handler
                0x0000b830      0x21c zephyr/subsys/bluetooth/host/libsubsys__bluetooth__host.a(att.c.obj)
 .text.bt_att_create_pdu
                0x0000ba4c       0x74 zephyr/subsys/bluetooth/host/libsubsys__bluetooth__host.a(att.c.obj)
                0x0000ba4c                bt_att_create_pdu
 .text.bt_att_req_alloc
                0x0000bac0       0x54 zephyr/subsys/bluetooth/host/libsubsys__bluetooth__host.a(att.c.obj)
                0x0000bac0                bt_att_req_alloc
 .text.bt_att_req_free
                0x0000bb14       0x20 zephyr/subsys/bluetooth/host/libsubsys__bluetooth__host.a(att.c.obj)
                0x0000bb14                bt_att_req_free
 .text.att_handle_rsp.isra.0
                0x0000bb34       0x80 zephyr/subsys/bluetooth/host/libsubsys__bluetooth__host.a(att.c.obj)
 .text.bt_att_disconnected
                0x0000bbb4       0xc8 zephyr/subsys/bluetooth/host/libsubsys__bluetooth__host.a(att.c.obj)
 .text.att_disconnect
                0x0000bc7c       0x38 zephyr/subsys/bluetooth/host/libsubsys__bluetooth__host.a(att.c.obj)
 .text.att_timeout
                0x0000bcb4       0x3c zephyr/subsys/bluetooth/host/libsubsys__bluetooth__host.a(att.c.obj)
 .text.bt_att_encrypt_change
                0x0000bcf0       0xa0 zephyr/subsys/bluetooth/host/libsubsys__bluetooth__host.a(att.c.obj)
 .text.bt_att_send
                0x0000bd90       0xa0 zephyr/subsys/bluetooth/host/libsubsys__bluetooth__host.a(att.c.obj)
                0x0000bd90                bt_att_send
 .text.bt_att_req_send
                0x0000be30       0x7c zephyr/subsys/bluetooth/host/libsubsys__bluetooth__host.a(att.c.obj)
                0x0000be30                bt_att_req_send
 .text.find_cf_cfg
                0x0000beac       0x64 zephyr/subsys/bluetooth/host/libsubsys__bluetooth__host.a(gatt.c.obj)
 .text.find_sc_cfg
                0x0000bf10       0x44 zephyr/subsys/bluetooth/host/libsubsys__bluetooth__host.a(gatt.c.obj)
 .text.find_ccc_cfg
                0x0000bf54       0x48 zephyr/subsys/bluetooth/host/libsubsys__bluetooth__host.a(gatt.c.obj)
 .text.bt_gatt_attr_write_ccc
                0x0000bf9c       0xc8 zephyr/subsys/bluetooth/host/libsubsys__bluetooth__host.a(gatt.c.obj)
                0x0000bf9c                bt_gatt_attr_write_ccc
 .text.db_hash_update
                0x0000c064       0x30 zephyr/subsys/bluetooth/host/libsubsys__bluetooth__host.a(gatt.c.obj)
 .text.clear_cf_cfg
                0x0000c094       0x2c zephyr/subsys/bluetooth/host/libsubsys__bluetooth__host.a(gatt.c.obj)
 .text.sc_save  0x0000c0c0       0xa8 zephyr/subsys/bluetooth/host/libsubsys__bluetooth__host.a(gatt.c.obj)
 .text.disconnected_cb
                0x0000c168       0xb4 zephyr/subsys/bluetooth/host/libsubsys__bluetooth__host.a(gatt.c.obj)
 .text.cf_write
                0x0000c21c       0xa4 zephyr/subsys/bluetooth/host/libsubsys__bluetooth__host.a(gatt.c.obj)
 .text.sc_indicate_rsp
                0x0000c2c0       0x58 zephyr/subsys/bluetooth/host/libsubsys__bluetooth__host.a(gatt.c.obj)
 .text.bt_gatt_init
                0x0000c318       0xac zephyr/subsys/bluetooth/host/libsubsys__bluetooth__host.a(gatt.c.obj)
                0x0000c318                bt_gatt_init
 .text.bt_gatt_attr_get_handle
                0x0000c3c4       0x90 zephyr/subsys/bluetooth/host/libsubsys__bluetooth__host.a(gatt.c.obj)
                0x0000c3c4                bt_gatt_attr_get_handle
 .text.bt_gatt_foreach_attr_type
                0x0000c454       0xe0 zephyr/subsys/bluetooth/host/libsubsys__bluetooth__host.a(gatt.c.obj)
                0x0000c454                bt_gatt_foreach_attr_type
 .text.db_hash_gen
                0x0000c534      0x11c zephyr/subsys/bluetooth/host/libsubsys__bluetooth__host.a(gatt.c.obj)
 .text.db_hash_read
                0x0000c650       0x6c zephyr/subsys/bluetooth/host/libsubsys__bluetooth__host.a(gatt.c.obj)
 .text.db_hash_process
                0x0000c6bc       0x1c zephyr/subsys/bluetooth/host/libsubsys__bluetooth__host.a(gatt.c.obj)
 .text.bt_gatt_attr_next
                0x0000c6d8       0x24 zephyr/subsys/bluetooth/host/libsubsys__bluetooth__host.a(gatt.c.obj)
                0x0000c6d8                bt_gatt_attr_next
 .text.bt_gatt_is_subscribed
                0x0000c6fc      0x218 zephyr/subsys/bluetooth/host/libsubsys__bluetooth__host.a(gatt.c.obj)
                0x0000c6fc                bt_gatt_is_subscribed
 .text.gatt_indicate
                0x0000c914       0xb0 zephyr/subsys/bluetooth/host/libsubsys__bluetooth__host.a(gatt.c.obj)
 .text.bt_gatt_indicate
                0x0000c9c4      0x144 zephyr/subsys/bluetooth/host/libsubsys__bluetooth__host.a(gatt.c.obj)
                0x0000c9c4                bt_gatt_indicate
 .text.sc_process
                0x0000cb08       0xa4 zephyr/subsys/bluetooth/host/libsubsys__bluetooth__host.a(gatt.c.obj)
 .text.update_ccc
                0x0000cbac      0x11c zephyr/subsys/bluetooth/host/libsubsys__bluetooth__host.a(gatt.c.obj)
 .text.bt_gatt_notify_cb
                0x0000ccc8      0x13c zephyr/subsys/bluetooth/host/libsubsys__bluetooth__host.a(gatt.c.obj)
                0x0000ccc8                bt_gatt_notify_cb
 .text.notify_cb
                0x0000ce04      0x118 zephyr/subsys/bluetooth/host/libsubsys__bluetooth__host.a(gatt.c.obj)
 .text.bt_gatt_connected
                0x0000cf1c       0x58 zephyr/subsys/bluetooth/host/libsubsys__bluetooth__host.a(gatt.c.obj)
                0x0000cf1c                bt_gatt_connected
 .text.bt_gatt_att_max_mtu_changed
                0x0000cf74       0x40 zephyr/subsys/bluetooth/host/libsubsys__bluetooth__host.a(gatt.c.obj)
                0x0000cf74                bt_gatt_att_max_mtu_changed
 .text.bt_gatt_encrypt_change
                0x0000cfb4       0x28 zephyr/subsys/bluetooth/host/libsubsys__bluetooth__host.a(gatt.c.obj)
                0x0000cfb4                bt_gatt_encrypt_change
 .text.bt_gatt_disconnected
                0x0000cfdc       0x48 zephyr/subsys/bluetooth/host/libsubsys__bluetooth__host.a(gatt.c.obj)
                0x0000cfdc                bt_gatt_disconnected
 .text.gatt_gap_svc_validate
                0x0000d024       0x40 zephyr/subsys/bluetooth/host/libsubsys__bluetooth__host.a(gatt_gap_svc_validate.c.obj)
                0x0000d024                gatt_gap_svc_validate
 .text.smp_find
                0x0000d064       0x1c zephyr/subsys/bluetooth/host/libsubsys__bluetooth__host.a(smp.c.obj)
 .text.latch_auth_cb
                0x0000d080       0x3c zephyr/subsys/bluetooth/host/libsubsys__bluetooth__host.a(smp.c.obj)
 .text.get_io_capa
                0x0000d0bc       0x48 zephyr/subsys/bluetooth/host/libsubsys__bluetooth__host.a(smp.c.obj)
 .text.smp_send.constprop.0
                0x0000d104       0x54 zephyr/subsys/bluetooth/host/libsubsys__bluetooth__host.a(smp.c.obj)
 .text.smp_chan_get
                0x0000d158       0x34 zephyr/subsys/bluetooth/host/libsubsys__bluetooth__host.a(smp.c.obj)
 .text.bt_smp_accept
                0x0000d18c       0x48 zephyr/subsys/bluetooth/host/libsubsys__bluetooth__host.a(smp.c.obj)
 .text.smp_dhkey_generate
                0x0000d1d4       0x4c zephyr/subsys/bluetooth/host/libsubsys__bluetooth__host.a(smp.c.obj)
 .text.smp_init
                0x0000d220       0x38 zephyr/subsys/bluetooth/host/libsubsys__bluetooth__host.a(smp.c.obj)
 .text.smp_ident_info
                0x0000d258       0x78 zephyr/subsys/bluetooth/host/libsubsys__bluetooth__host.a(smp.c.obj)
 .text.smp_pairing_random
                0x0000d2d0      0x194 zephyr/subsys/bluetooth/host/libsubsys__bluetooth__host.a(smp.c.obj)
 .text.compute_and_check_and_send_periph_dhcheck
                0x0000d464      0x1a4 zephyr/subsys/bluetooth/host/libsubsys__bluetooth__host.a(smp.c.obj)
 .text.smp_send_pairing_confirm
                0x0000d608       0x98 zephyr/subsys/bluetooth/host/libsubsys__bluetooth__host.a(smp.c.obj)
 .text.smp_pairing_confirm
                0x0000d6a0       0x80 zephyr/subsys/bluetooth/host/libsubsys__bluetooth__host.a(smp.c.obj)
 .text.smp_public_key_periph
                0x0000d720      0x178 zephyr/subsys/bluetooth/host/libsubsys__bluetooth__host.a(smp.c.obj)
 .text.smp_public_key
                0x0000d898       0xd8 zephyr/subsys/bluetooth/host/libsubsys__bluetooth__host.a(smp.c.obj)
 .text.bt_smp_connected
                0x0000d970       0x54 zephyr/subsys/bluetooth/host/libsubsys__bluetooth__host.a(smp.c.obj)
 .text.get_auth
                0x0000d9c4       0x68 zephyr/subsys/bluetooth/host/libsubsys__bluetooth__host.a(smp.c.obj)
 .text.smp_pairing_req
                0x0000da2c      0x1ec zephyr/subsys/bluetooth/host/libsubsys__bluetooth__host.a(smp.c.obj)
 .text.bt_smp_start_security
                0x0000dc18      0x184 zephyr/subsys/bluetooth/host/libsubsys__bluetooth__host.a(smp.c.obj)
                0x0000dc18                bt_smp_start_security
 .text.smp_pairing_complete
                0x0000dd9c      0x124 zephyr/subsys/bluetooth/host/libsubsys__bluetooth__host.a(smp.c.obj)
 .text.smp_error
                0x0000dec0       0xb0 zephyr/subsys/bluetooth/host/libsubsys__bluetooth__host.a(smp.c.obj)
 .text.bt_smp_pkey_ready
                0x0000df70       0xb4 zephyr/subsys/bluetooth/host/libsubsys__bluetooth__host.a(smp.c.obj)
 .text.bt_smp_recv
                0x0000e024      0x128 zephyr/subsys/bluetooth/host/libsubsys__bluetooth__host.a(smp.c.obj)
 .text.smp_ident_addr_info
                0x0000e14c      0x1f0 zephyr/subsys/bluetooth/host/libsubsys__bluetooth__host.a(smp.c.obj)
 .text.smp_pairing_failed
                0x0000e33c       0x6c zephyr/subsys/bluetooth/host/libsubsys__bluetooth__host.a(smp.c.obj)
 .text.bt_smp_encrypt_change
                0x0000e3a8      0x11c zephyr/subsys/bluetooth/host/libsubsys__bluetooth__host.a(smp.c.obj)
 .text.smp_timeout
                0x0000e4c4       0x58 zephyr/subsys/bluetooth/host/libsubsys__bluetooth__host.a(smp.c.obj)
 .text.bt_smp_update_keys
                0x0000e51c      0x144 zephyr/subsys/bluetooth/host/libsubsys__bluetooth__host.a(smp.c.obj)
                0x0000e51c                bt_smp_update_keys
 .text.bt_smp_init
                0x0000e660       0x1c zephyr/subsys/bluetooth/host/libsubsys__bluetooth__host.a(smp.c.obj)
                0x0000e660                bt_smp_init
 .text.bt_keys_get_addr
                0x0000e67c       0x7c zephyr/subsys/bluetooth/host/libsubsys__bluetooth__host.a(keys.c.obj)
                0x0000e67c                bt_keys_get_addr
 .text.bt_keys_foreach_type
                0x0000e6f8       0x48 zephyr/subsys/bluetooth/host/libsubsys__bluetooth__host.a(keys.c.obj)
                0x0000e6f8                bt_keys_foreach_type
 .text.bt_keys_find
                0x0000e740       0x54 zephyr/subsys/bluetooth/host/libsubsys__bluetooth__host.a(keys.c.obj)
                0x0000e740                bt_keys_find
 .text.bt_keys_find_irk
                0x0000e794       0xa4 zephyr/subsys/bluetooth/host/libsubsys__bluetooth__host.a(keys.c.obj)
                0x0000e794                bt_keys_find_irk
 .text.bt_keys_find_addr
                0x0000e838       0x4c zephyr/subsys/bluetooth/host/libsubsys__bluetooth__host.a(keys.c.obj)
                0x0000e838                bt_keys_find_addr
 .text.bt_keys_add_type
                0x0000e884       0x30 zephyr/subsys/bluetooth/host/libsubsys__bluetooth__host.a(keys.c.obj)
                0x0000e884                bt_keys_add_type
 .text.bt_keys_get_type
                0x0000e8b4       0x48 zephyr/subsys/bluetooth/host/libsubsys__bluetooth__host.a(keys.c.obj)
                0x0000e8b4                bt_keys_get_type
 .text.bt_keys_clear
                0x0000e8fc       0x44 zephyr/subsys/bluetooth/host/libsubsys__bluetooth__host.a(keys.c.obj)
                0x0000e8fc                bt_keys_clear
 .text.sys_memcpy_swap
                0x0000e940       0x58 zephyr/subsys/bluetooth/crypto/libsubsys__bluetooth__crypto.a(bt_crypto.c.obj)
 .text.bt_crypto_f5
                0x0000e998       0xd0 zephyr/subsys/bluetooth/crypto/libsubsys__bluetooth__crypto.a(bt_crypto.c.obj)
                0x0000e998                bt_crypto_f5
 .text.bt_crypto_g2
                0x0000ea68       0x5c zephyr/subsys/bluetooth/crypto/libsubsys__bluetooth__crypto.a(bt_crypto.c.obj)
                0x0000ea68                bt_crypto_g2
 .text.bt_crypto_aes_cmac
                0x0000eac4       0xa4 zephyr/subsys/bluetooth/crypto/libsubsys__bluetooth__crypto.a(bt_crypto_psa.c.obj)
                0x0000eac4                bt_crypto_aes_cmac
 .text.mem_init
                0x0000eb68       0x48 zephyr/subsys/bluetooth/controller/libsubsys__bluetooth__controller.a(mem.c.obj)
                0x0000eb68                mem_init
 .text.mem_acquire
                0x0000ebb0       0x2c zephyr/subsys/bluetooth/controller/libsubsys__bluetooth__controller.a(mem.c.obj)
                0x0000ebb0                mem_acquire
 .text.mem_release
                0x0000ebdc       0x28 zephyr/subsys/bluetooth/controller/libsubsys__bluetooth__controller.a(mem.c.obj)
                0x0000ebdc                mem_release
 .text.mem_get  0x0000ec04        0x8 zephyr/subsys/bluetooth/controller/libsubsys__bluetooth__controller.a(mem.c.obj)
                0x0000ec04                mem_get
 .text.mem_index_get
                0x0000ec0c        0xc zephyr/subsys/bluetooth/controller/libsubsys__bluetooth__controller.a(mem.c.obj)
                0x0000ec0c                mem_index_get
 .text.mem_rcopy
                0x0000ec18       0x1c zephyr/subsys/bluetooth/controller/libsubsys__bluetooth__controller.a(mem.c.obj)
                0x0000ec18                mem_rcopy
 .text.mem_nz   0x0000ec34       0x18 zephyr/subsys/bluetooth/controller/libsubsys__bluetooth__controller.a(mem.c.obj)
                0x0000ec34                mem_nz
 .text.memq_init
                0x0000ec4c        0x8 zephyr/subsys/bluetooth/controller/libsubsys__bluetooth__controller.a(memq.c.obj)
                0x0000ec4c                memq_init
 .text.memq_deinit
                0x0000ec54       0x14 zephyr/subsys/bluetooth/controller/libsubsys__bluetooth__controller.a(memq.c.obj)
                0x0000ec54                memq_deinit
 .text.memq_enqueue
                0x0000ec68       0x14 zephyr/subsys/bluetooth/controller/libsubsys__bluetooth__controller.a(memq.c.obj)
                0x0000ec68                memq_enqueue
 .text.memq_peek
                0x0000ec7c       0x10 zephyr/subsys/bluetooth/controller/libsubsys__bluetooth__controller.a(memq.c.obj)
                0x0000ec7c                memq_peek
 .text.memq_dequeue
                0x0000ec8c       0x20 zephyr/subsys/bluetooth/controller/libsubsys__bluetooth__controller.a(memq.c.obj)
                0x0000ec8c                memq_dequeue
 .text.mayfly_init
                0x0000ecac       0x48 zephyr/subsys/bluetooth/controller/libsubsys__bluetooth__controller.a(mayfly.c.obj)
                0x0000ecac                mayfly_init
 .text.mayfly_enable
                0x0000ecf4       0x68 zephyr/subsys/bluetooth/controller/libsubsys__bluetooth__controller.a(mayfly.c.obj)
                0x0000ecf4                mayfly_enable
 .text.mayfly_enqueue
                0x0000ed5c       0xc4 zephyr/subsys/bluetooth/controller/libsubsys__bluetooth__controller.a(mayfly.c.obj)
                0x0000ed5c                mayfly_enqueue
 .text.mayfly_run
                0x0000ee20      0x170 zephyr/subsys/bluetooth/controller/libsubsys__bluetooth__controller.a(mayfly.c.obj)
                0x0000ee20                mayfly_run
 .text.util_ones_count_get
                0x0000ef90       0x28 zephyr/subsys/bluetooth/controller/libsubsys__bluetooth__controller.a(util.c.obj)
                0x0000ef90                util_ones_count_get
 .text.ticker_dequeue
                0x0000efb8       0x64 zephyr/subsys/bluetooth/controller/libsubsys__bluetooth__controller.a(ticker.c.obj)
 .text.ticks_to_expire_prep
                0x0000f01c       0x48 zephyr/subsys/bluetooth/controller/libsubsys__bluetooth__controller.a(ticker.c.obj)
 .text.start_us.isra.0
                0x0000f064       0x9c zephyr/subsys/bluetooth/controller/libsubsys__bluetooth__controller.a(ticker.c.obj)
 .text.ticker_job_list_insert
                0x0000f100      0x1fc zephyr/subsys/bluetooth/controller/libsubsys__bluetooth__controller.a(ticker.c.obj)
 .text.ticker_worker
                0x0000f2fc      0x3d4 zephyr/subsys/bluetooth/controller/libsubsys__bluetooth__controller.a(ticker.c.obj)
                0x0000f2fc                ticker_worker
 .text.ticker_job
                0x0000f6d0      0x93c zephyr/subsys/bluetooth/controller/libsubsys__bluetooth__controller.a(ticker.c.obj)
                0x0000f6d0                ticker_job
 .text.ticker_init
                0x0001000c       0x64 zephyr/subsys/bluetooth/controller/libsubsys__bluetooth__controller.a(ticker.c.obj)
                0x0001000c                ticker_init
 .text.ticker_deinit
                0x00010070       0x20 zephyr/subsys/bluetooth/controller/libsubsys__bluetooth__controller.a(ticker.c.obj)
                0x00010070                ticker_deinit
 .text.ticker_trigger
                0x00010090       0x24 zephyr/subsys/bluetooth/controller/libsubsys__bluetooth__controller.a(ticker.c.obj)
                0x00010090                ticker_trigger
 .text.ticker_start
                0x000100b4       0x38 zephyr/subsys/bluetooth/controller/libsubsys__bluetooth__controller.a(ticker.c.obj)
                0x000100b4                ticker_start
 .text.ticker_start_ext
                0x000100ec       0x10 zephyr/subsys/bluetooth/controller/libsubsys__bluetooth__controller.a(ticker.c.obj)
                0x000100ec                ticker_start_ext
 .text.ticker_update_ext
                0x000100fc       0x9c zephyr/subsys/bluetooth/controller/libsubsys__bluetooth__controller.a(ticker.c.obj)
                0x000100fc                ticker_update_ext
 .text.ticker_update
                0x00010198       0x30 zephyr/subsys/bluetooth/controller/libsubsys__bluetooth__controller.a(ticker.c.obj)
                0x00010198                ticker_update
 .text.ticker_stop
                0x000101c8       0x6c zephyr/subsys/bluetooth/controller/libsubsys__bluetooth__controller.a(ticker.c.obj)
                0x000101c8                ticker_stop
 .text.ticker_stop_abs
                0x00010234       0x70 zephyr/subsys/bluetooth/controller/libsubsys__bluetooth__controller.a(ticker.c.obj)
                0x00010234                ticker_stop_abs
 .text.ticker_ticks_now_get
                0x000102a4        0x4 zephyr/subsys/bluetooth/controller/libsubsys__bluetooth__controller.a(ticker.c.obj)
                0x000102a4                ticker_ticks_now_get
 .text.ticker_ticks_diff_get
                0x000102a8        0x8 zephyr/subsys/bluetooth/controller/libsubsys__bluetooth__controller.a(ticker.c.obj)
                0x000102a8                ticker_ticks_diff_get
 .text.ll_feat_get
                0x000102b0        0xc zephyr/subsys/bluetooth/controller/libsubsys__bluetooth__controller.a(ll_feat.c.obj)
                0x000102b0                ll_feat_get
 .text.ll_tx_pwr_lvl_get
                0x000102bc       0x20 zephyr/subsys/bluetooth/controller/libsubsys__bluetooth__controller.a(ll_tx_pwr.c.obj)
                0x000102bc                ll_tx_pwr_lvl_get
 .text.ll_tx_pwr_get
                0x000102dc        0x8 zephyr/subsys/bluetooth/controller/libsubsys__bluetooth__controller.a(ll_tx_pwr.c.obj)
                0x000102dc                ll_tx_pwr_get
 .text.ll_addr_set
                0x000102e4       0x38 zephyr/subsys/bluetooth/controller/libsubsys__bluetooth__controller.a(ll_addr.c.obj)
                0x000102e4                ll_addr_set
 .text.ll_addr_get
                0x0001031c       0x1c zephyr/subsys/bluetooth/controller/libsubsys__bluetooth__controller.a(ll_addr.c.obj)
                0x0001031c                ll_addr_get
 .text.ll_addr_read
                0x00010338       0x28 zephyr/subsys/bluetooth/controller/libsubsys__bluetooth__controller.a(ll_addr.c.obj)
                0x00010338                ll_addr_read
 .text.perform_lll_reset
                0x00010360       0x40 zephyr/subsys/bluetooth/controller/libsubsys__bluetooth__controller.a(ull.c.obj)
 .text.ull_ticker_status_give
                0x000103a0        0xc zephyr/subsys/bluetooth/controller/libsubsys__bluetooth__controller.a(ull.c.obj)
                0x000103a0                ull_ticker_status_give
 .text.disabled_cb
                0x000103ac        0x4 zephyr/subsys/bluetooth/controller/libsubsys__bluetooth__controller.a(ull.c.obj)
 .text.tx_cmplt_get
                0x000103b0       0xc0 zephyr/subsys/bluetooth/controller/libsubsys__bluetooth__controller.a(ull.c.obj)
 .text.rx_replenish
                0x00010470       0xe4 zephyr/subsys/bluetooth/controller/libsubsys__bluetooth__controller.a(ull.c.obj)
 .text.init_reset.isra.0
                0x00010554       0xe4 zephyr/subsys/bluetooth/controller/libsubsys__bluetooth__controller.a(ull.c.obj)
 .text.rx_demux
                0x00010638      0x208 zephyr/subsys/bluetooth/controller/libsubsys__bluetooth__controller.a(ull.c.obj)
 .text.ll_init  0x00010840       0xc4 zephyr/subsys/bluetooth/controller/libsubsys__bluetooth__controller.a(ull.c.obj)
                0x00010840                ll_init
 .text.ll_reset
                0x00010904       0x9c zephyr/subsys/bluetooth/controller/libsubsys__bluetooth__controller.a(ull.c.obj)
                0x00010904                ll_reset
 .text.ll_deinit
                0x000109a0       0x18 zephyr/subsys/bluetooth/controller/libsubsys__bluetooth__controller.a(ull.c.obj)
                0x000109a0                ll_deinit
 .text.ll_rx_get
                0x000109b8       0xc8 zephyr/subsys/bluetooth/controller/libsubsys__bluetooth__controller.a(ull.c.obj)
                0x000109b8                ll_rx_get
 .text.ll_rx_dequeue
                0x00010a80       0xe4 zephyr/subsys/bluetooth/controller/libsubsys__bluetooth__controller.a(ull.c.obj)
                0x00010a80                ll_rx_dequeue
 .text.ll_rx_mem_release
                0x00010b64       0xdc zephyr/subsys/bluetooth/controller/libsubsys__bluetooth__controller.a(ull.c.obj)
                0x00010b64                ll_rx_mem_release
 .text.ll_rx_link_alloc
                0x00010c40        0xc zephyr/subsys/bluetooth/controller/libsubsys__bluetooth__controller.a(ull.c.obj)
                0x00010c40                ll_rx_link_alloc
 .text.ll_rx_link_release
                0x00010c4c        0xc zephyr/subsys/bluetooth/controller/libsubsys__bluetooth__controller.a(ull.c.obj)
                0x00010c4c                ll_rx_link_release
 .text.ll_rx_alloc
                0x00010c58        0xc zephyr/subsys/bluetooth/controller/libsubsys__bluetooth__controller.a(ull.c.obj)
                0x00010c58                ll_rx_alloc
 .text.ll_rx_release
                0x00010c64        0xc zephyr/subsys/bluetooth/controller/libsubsys__bluetooth__controller.a(ull.c.obj)
                0x00010c64                ll_rx_release
 .text.ll_rx_put
                0x00010c70       0x18 zephyr/subsys/bluetooth/controller/libsubsys__bluetooth__controller.a(ull.c.obj)
                0x00010c70                ll_rx_put
 .text.ll_rx_put_sched
                0x00010c88       0x28 zephyr/subsys/bluetooth/controller/libsubsys__bluetooth__controller.a(ull.c.obj)
                0x00010c88                ll_rx_put_sched
 .text.ll_pdu_rx_alloc_peek
                0x00010cb0       0x34 zephyr/subsys/bluetooth/controller/libsubsys__bluetooth__controller.a(ull.c.obj)
                0x00010cb0                ll_pdu_rx_alloc_peek
 .text.ll_pdu_rx_alloc
                0x00010ce4       0x24 zephyr/subsys/bluetooth/controller/libsubsys__bluetooth__controller.a(ull.c.obj)
                0x00010ce4                ll_pdu_rx_alloc
 .text.ll_tx_ack_put
                0x00010d08       0x3c zephyr/subsys/bluetooth/controller/libsubsys__bluetooth__controller.a(ull.c.obj)
                0x00010d08                ll_tx_ack_put
 .text.ull_ticker_status_take
                0x00010d44       0x24 zephyr/subsys/bluetooth/controller/libsubsys__bluetooth__controller.a(ull.c.obj)
                0x00010d44                ull_ticker_status_take
 .text.ull_disable_mark
                0x00010d68       0x18 zephyr/subsys/bluetooth/controller/libsubsys__bluetooth__controller.a(ull.c.obj)
                0x00010d68                ull_disable_mark
 .text.ull_disable_unmark
                0x00010d80       0x18 zephyr/subsys/bluetooth/controller/libsubsys__bluetooth__controller.a(ull.c.obj)
                0x00010d80                ull_disable_unmark
 .text.ull_disable_mark_get
                0x00010d98        0xc zephyr/subsys/bluetooth/controller/libsubsys__bluetooth__controller.a(ull.c.obj)
                0x00010d98                ull_disable_mark_get
 .text.ull_update_mark
                0x00010da4       0x18 zephyr/subsys/bluetooth/controller/libsubsys__bluetooth__controller.a(ull.c.obj)
                0x00010da4                ull_update_mark
 .text.ull_update_unmark
                0x00010dbc       0x18 zephyr/subsys/bluetooth/controller/libsubsys__bluetooth__controller.a(ull.c.obj)
                0x00010dbc                ull_update_unmark
 .text.ull_update_mark_get
                0x00010dd4        0xc zephyr/subsys/bluetooth/controller/libsubsys__bluetooth__controller.a(ull.c.obj)
                0x00010dd4                ull_update_mark_get
 .text.ull_disable
                0x00010de0       0x54 zephyr/subsys/bluetooth/controller/libsubsys__bluetooth__controller.a(ull.c.obj)
                0x00010de0                ull_disable
 .text.ull_ticker_stop_with_mark
                0x00010e34       0xa0 zephyr/subsys/bluetooth/controller/libsubsys__bluetooth__controller.a(ull.c.obj)
                0x00010e34                ull_ticker_stop_with_mark
 .text.ull_pdu_rx_alloc_peek
                0x00010ed4       0x34 zephyr/subsys/bluetooth/controller/libsubsys__bluetooth__controller.a(ull.c.obj)
                0x00010ed4                ull_pdu_rx_alloc_peek
 .text.ull_pdu_rx_alloc
                0x00010f08       0x24 zephyr/subsys/bluetooth/controller/libsubsys__bluetooth__controller.a(ull.c.obj)
                0x00010f08                ull_pdu_rx_alloc
 .text.ull_rx_put
                0x00010f2c       0x20 zephyr/subsys/bluetooth/controller/libsubsys__bluetooth__controller.a(ull.c.obj)
                0x00010f2c                ull_rx_put
 .text.ull_rx_sched
                0x00010f4c       0x10 zephyr/subsys/bluetooth/controller/libsubsys__bluetooth__controller.a(ull.c.obj)
                0x00010f4c                ull_rx_sched
 .text.ull_rx_put_sched
                0x00010f5c       0x30 zephyr/subsys/bluetooth/controller/libsubsys__bluetooth__controller.a(ull.c.obj)
                0x00010f5c                ull_rx_put_sched
 .text.ull_prepare_enqueue
                0x00010f8c       0x74 zephyr/subsys/bluetooth/controller/libsubsys__bluetooth__controller.a(ull.c.obj)
                0x00010f8c                ull_prepare_enqueue
 .text.ull_prepare_dequeue_get
                0x00011000       0x1c zephyr/subsys/bluetooth/controller/libsubsys__bluetooth__controller.a(ull.c.obj)
                0x00011000                ull_prepare_dequeue_get
 .text.ull_prepare_dequeue_iter
                0x0001101c       0x34 zephyr/subsys/bluetooth/controller/libsubsys__bluetooth__controller.a(ull.c.obj)
                0x0001101c                ull_prepare_dequeue_iter
 .text.ull_prepare_dequeue
                0x00011050      0x104 zephyr/subsys/bluetooth/controller/libsubsys__bluetooth__controller.a(ull.c.obj)
                0x00011050                ull_prepare_dequeue
 .text.ull_event_done_extra_get
                0x00011154       0x1c zephyr/subsys/bluetooth/controller/libsubsys__bluetooth__controller.a(ull.c.obj)
                0x00011154                ull_event_done_extra_get
 .text.ull_event_done
                0x00011170       0x5c zephyr/subsys/bluetooth/controller/libsubsys__bluetooth__controller.a(ull.c.obj)
                0x00011170                ull_event_done
 .text.lll_prepare
                0x000111cc       0x20 zephyr/subsys/bluetooth/controller/libsubsys__bluetooth__controller.a(lll_common.c.obj)
                0x000111cc                lll_prepare
 .text.lll_resume
                0x000111ec       0x28 zephyr/subsys/bluetooth/controller/libsubsys__bluetooth__controller.a(lll_common.c.obj)
                0x000111ec                lll_resume
 .text.bt_recv_prio
                0x00011214       0x20 zephyr/subsys/bluetooth/controller/libsubsys__bluetooth__controller.a(hci_driver.c.obj)
 .text.hci_driver_close
                0x00011234       0x28 zephyr/subsys/bluetooth/controller/libsubsys__bluetooth__controller.a(hci_driver.c.obj)
 .text.recv_thread
                0x0001125c       0xec zephyr/subsys/bluetooth/controller/libsubsys__bluetooth__controller.a(hci_driver.c.obj)
 .text.prio_recv_thread
                0x00011348       0xcc zephyr/subsys/bluetooth/controller/libsubsys__bluetooth__controller.a(hci_driver.c.obj)
 .text.z_log_msg_runtime_create.constprop.0
                0x00011414       0x20 zephyr/subsys/bluetooth/controller/libsubsys__bluetooth__controller.a(hci_driver.c.obj)
 .text.hci_driver_open
                0x00011434       0xe0 zephyr/subsys/bluetooth/controller/libsubsys__bluetooth__controller.a(hci_driver.c.obj)
 .text.hci_driver_send
                0x00011514       0xb4 zephyr/subsys/bluetooth/controller/libsubsys__bluetooth__controller.a(hci_driver.c.obj)
 .text.hci_recv_fifo_reset
                0x000115c8       0x20 zephyr/subsys/bluetooth/controller/libsubsys__bluetooth__controller.a(hci_driver.c.obj)
                0x000115c8                hci_recv_fifo_reset
 .text.z_log_msg_runtime_create.constprop.0
                0x000115e8       0x20 zephyr/subsys/bluetooth/controller/libsubsys__bluetooth__controller.a(hci.c.obj)
 .text.le_remote_feat_complete
                0x00011608       0x78 zephyr/subsys/bluetooth/controller/libsubsys__bluetooth__controller.a(hci.c.obj)
 .text.hci_vendor_cmd_handle_common
                0x00011680      0x194 zephyr/subsys/bluetooth/controller/libsubsys__bluetooth__controller.a(hci.c.obj)
                0x00011680                hci_vendor_cmd_handle_common
 .text.hci_cmd_handle
                0x00011814      0x920 zephyr/subsys/bluetooth/controller/libsubsys__bluetooth__controller.a(hci.c.obj)
                0x00011814                hci_cmd_handle
 .text.hci_acl_handle
                0x00012134      0x120 zephyr/subsys/bluetooth/controller/libsubsys__bluetooth__controller.a(hci.c.obj)
                0x00012134                hci_acl_handle
 .text.hci_disconn_complete_encode
                0x00012254       0x40 zephyr/subsys/bluetooth/controller/libsubsys__bluetooth__controller.a(hci.c.obj)
                0x00012254                hci_disconn_complete_encode
 .text.hci_disconn_complete_process
                0x00012294       0x10 zephyr/subsys/bluetooth/controller/libsubsys__bluetooth__controller.a(hci.c.obj)
                0x00012294                hci_disconn_complete_process
 .text.hci_acl_encode
                0x000122a4       0x50 zephyr/subsys/bluetooth/controller/libsubsys__bluetooth__controller.a(hci.c.obj)
                0x000122a4                hci_acl_encode
 .text.hci_evt_encode
                0x000122f4      0x5c0 zephyr/subsys/bluetooth/controller/libsubsys__bluetooth__controller.a(hci.c.obj)
                0x000122f4                hci_evt_encode
 .text.hci_num_cmplt_encode
                0x000128b4       0x30 zephyr/subsys/bluetooth/controller/libsubsys__bluetooth__controller.a(hci.c.obj)
                0x000128b4                hci_num_cmplt_encode
 .text.hci_get_class
                0x000128e4       0x2c zephyr/subsys/bluetooth/controller/libsubsys__bluetooth__controller.a(hci.c.obj)
                0x000128e4                hci_get_class
 .text.hci_init
                0x00012910       0x40 zephyr/subsys/bluetooth/controller/libsubsys__bluetooth__controller.a(hci.c.obj)
                0x00012910                hci_init
 .text.ticker_stop_cb
                0x00012950       0x48 zephyr/subsys/bluetooth/controller/libsubsys__bluetooth__controller.a(ull_adv.c.obj)
 .text.disabled_cb
                0x00012998       0x50 zephyr/subsys/bluetooth/controller/libsubsys__bluetooth__controller.a(ull_adv.c.obj)
 .text.ticker_update_op_cb
                0x000129e8       0x44 zephyr/subsys/bluetooth/controller/libsubsys__bluetooth__controller.a(ull_adv.c.obj)
 .text.ticker_stop_op_cb
                0x00012a2c       0x24 zephyr/subsys/bluetooth/controller/libsubsys__bluetooth__controller.a(ull_adv.c.obj)
 .text.adv_disable
                0x00012a50       0x40 zephyr/subsys/bluetooth/controller/libsubsys__bluetooth__controller.a(ull_adv.c.obj)
 .text.conn_release.constprop.0
                0x00012a90       0x54 zephyr/subsys/bluetooth/controller/libsubsys__bluetooth__controller.a(ull_adv.c.obj)
 .text.disable.constprop.0
                0x00012ae4       0xd0 zephyr/subsys/bluetooth/controller/libsubsys__bluetooth__controller.a(ull_adv.c.obj)
 .text.adv_time_get.constprop.0
                0x00012bb4       0x78 zephyr/subsys/bluetooth/controller/libsubsys__bluetooth__controller.a(ull_adv.c.obj)
 .text.ticker_cb
                0x00012c2c       0xe0 zephyr/subsys/bluetooth/controller/libsubsys__bluetooth__controller.a(ull_adv.c.obj)
 .text.init_reset.isra.0
                0x00012d0c       0x64 zephyr/subsys/bluetooth/controller/libsubsys__bluetooth__controller.a(ull_adv.c.obj)
 .text.ll_adv_params_set
                0x00012d70      0x198 zephyr/subsys/bluetooth/controller/libsubsys__bluetooth__controller.a(ull_adv.c.obj)
                0x00012d70                ll_adv_params_set
 .text.ull_adv_init
                0x00012f08        0xc zephyr/subsys/bluetooth/controller/libsubsys__bluetooth__controller.a(ull_adv.c.obj)
                0x00012f08                ull_adv_init
 .text.ull_adv_reset
                0x00012f14        0xc zephyr/subsys/bluetooth/controller/libsubsys__bluetooth__controller.a(ull_adv.c.obj)
                0x00012f14                ull_adv_reset
 .text.ull_adv_reset_finalize
                0x00012f20       0x20 zephyr/subsys/bluetooth/controller/libsubsys__bluetooth__controller.a(ull_adv.c.obj)
                0x00012f20                ull_adv_reset_finalize
 .text.ull_adv_handle_get
                0x00012f40       0x18 zephyr/subsys/bluetooth/controller/libsubsys__bluetooth__controller.a(ull_adv.c.obj)
                0x00012f40                ull_adv_handle_get
 .text.ull_adv_lll_handle_get
                0x00012f58       0x1c zephyr/subsys/bluetooth/controller/libsubsys__bluetooth__controller.a(ull_adv.c.obj)
                0x00012f58                ull_adv_lll_handle_get
 .text.ull_adv_is_enabled_get
                0x00012f74       0x18 zephyr/subsys/bluetooth/controller/libsubsys__bluetooth__controller.a(ull_adv.c.obj)
                0x00012f74                ull_adv_is_enabled_get
 .text.ull_adv_is_enabled
                0x00012f8c       0x18 zephyr/subsys/bluetooth/controller/libsubsys__bluetooth__controller.a(ull_adv.c.obj)
                0x00012f8c                ull_adv_is_enabled
 .text.ull_adv_filter_pol_get
                0x00012fa4       0x20 zephyr/subsys/bluetooth/controller/libsubsys__bluetooth__controller.a(ull_adv.c.obj)
                0x00012fa4                ull_adv_filter_pol_get
 .text.ull_adv_pdu_update_addrs
                0x00012fc4       0x60 zephyr/subsys/bluetooth/controller/libsubsys__bluetooth__controller.a(ull_adv.c.obj)
                0x00012fc4                ull_adv_pdu_update_addrs
 .text.ull_adv_data_set
                0x00013024      0x110 zephyr/subsys/bluetooth/controller/libsubsys__bluetooth__controller.a(ull_adv.c.obj)
                0x00013024                ull_adv_data_set
 .text.ll_adv_data_set
                0x00013134       0x10 zephyr/subsys/bluetooth/controller/libsubsys__bluetooth__controller.a(ull_adv.c.obj)
                0x00013134                ll_adv_data_set
 .text.ull_scan_rsp_set
                0x00013144       0xcc zephyr/subsys/bluetooth/controller/libsubsys__bluetooth__controller.a(ull_adv.c.obj)
                0x00013144                ull_scan_rsp_set
 .text.ll_adv_scan_rsp_set
                0x00013210       0x10 zephyr/subsys/bluetooth/controller/libsubsys__bluetooth__controller.a(ull_adv.c.obj)
                0x00013210                ll_adv_scan_rsp_set
 .text.disabled_cb
                0x00013220       0x1c zephyr/subsys/bluetooth/controller/libsubsys__bluetooth__controller.a(ull_conn.c.obj)
 .text.conn_setup_adv_scan_disabled_cb
                0x0001323c       0x18 zephyr/subsys/bluetooth/controller/libsubsys__bluetooth__controller.a(ull_conn.c.obj)
 .text.tx_lll_flush
                0x00013254       0xa0 zephyr/subsys/bluetooth/controller/libsubsys__bluetooth__controller.a(ull_conn.c.obj)
 .text.ticker_start_conn_op_cb
                0x000132f4       0x18 zephyr/subsys/bluetooth/controller/libsubsys__bluetooth__controller.a(ull_conn.c.obj)
 .text.ticker_stop_conn_op_cb
                0x0001330c       0x18 zephyr/subsys/bluetooth/controller/libsubsys__bluetooth__controller.a(ull_conn.c.obj)
 .text.ticker_stop_op_cb
                0x00013324       0x28 zephyr/subsys/bluetooth/controller/libsubsys__bluetooth__controller.a(ull_conn.c.obj)
 .text.ticker_update_conn_op_cb
                0x0001334c       0x28 zephyr/subsys/bluetooth/controller/libsubsys__bluetooth__controller.a(ull_conn.c.obj)
 .text.init_reset.isra.0
                0x00013374       0x88 zephyr/subsys/bluetooth/controller/libsubsys__bluetooth__controller.a(ull_conn.c.obj)
 .text.conn_disable
                0x000133fc       0x54 zephyr/subsys/bluetooth/controller/libsubsys__bluetooth__controller.a(ull_conn.c.obj)
 .text.ll_conn_acquire
                0x00013450        0xc zephyr/subsys/bluetooth/controller/libsubsys__bluetooth__controller.a(ull_conn.c.obj)
                0x00013450                ll_conn_acquire
 .text.ll_conn_release
                0x0001345c        0xc zephyr/subsys/bluetooth/controller/libsubsys__bluetooth__controller.a(ull_conn.c.obj)
                0x0001345c                ll_conn_release
 .text.ll_conn_handle_get
                0x00013468       0x10 zephyr/subsys/bluetooth/controller/libsubsys__bluetooth__controller.a(ull_conn.c.obj)
                0x00013468                ll_conn_handle_get
 .text.ll_conn_get
                0x00013478       0x18 zephyr/subsys/bluetooth/controller/libsubsys__bluetooth__controller.a(ull_conn.c.obj)
                0x00013478                ll_conn_get
 .text.ll_connected_get
                0x00013490       0x24 zephyr/subsys/bluetooth/controller/libsubsys__bluetooth__controller.a(ull_conn.c.obj)
                0x00013490                ll_connected_get
 .text.ll_tx_mem_acquire
                0x000134b4        0xc zephyr/subsys/bluetooth/controller/libsubsys__bluetooth__controller.a(ull_conn.c.obj)
                0x000134b4                ll_tx_mem_acquire
 .text.ll_tx_mem_release
                0x000134c0        0xc zephyr/subsys/bluetooth/controller/libsubsys__bluetooth__controller.a(ull_conn.c.obj)
                0x000134c0                ll_tx_mem_release
 .text.ll_tx_mem_enqueue
                0x000134cc       0x94 zephyr/subsys/bluetooth/controller/libsubsys__bluetooth__controller.a(ull_conn.c.obj)