Archive member included to satisfy reference by file (symbol)

app/libapp.a(main.c.obj)      (--whole-archive)
zephyr/libzephyr.a(validate_libc.c.obj)
                              (--whole-archive)
zephyr/libzephyr.a(heap.c.obj)
                              (--whole-archive)
zephyr/libzephyr.a(boot_banner.c.obj)
                              (--whole-archive)
zephyr/libzephyr.a(cbprintf_packaged.c.obj)
                              (--whole-archive)
zephyr/libzephyr.a(clock.c.obj)
                              (--whole-archive)
zephyr/libzephyr.a(printk.c.obj)
                              (--whole-archive)
zephyr/libzephyr.a(cbprintf_complete.c.obj)
                              (--whole-archive)
zephyr/libzephyr.a(assert.c.obj)
                              (--whole-archive)
zephyr/libzephyr.a(dec.c.obj)
                              (--whole-archive)
zephyr/libzephyr.a(hex.c.obj)
                              (--whole-archive)
zephyr/libzephyr.a(rb.c.obj)  (--whole-archive)
zephyr/libzephyr.a(set.c.obj)
                              (--whole-archive)
zephyr/libzephyr.a(timeutil.c.obj)
                              (--whole-archive)
zephyr/libzephyr.a(bitarray.c.obj)
                              (--whole-archive)
zephyr/libzephyr.a(bitmask.c.obj)
                              (--whole-archive)
zephyr/libzephyr.a(getopt.c.obj)
                              (--whole-archive)
zephyr/libzephyr.a(getopt_common.c.obj)
                              (--whole-archive)
zephyr/libzephyr.a(onoff.c.obj)
                              (--whole-archive)
zephyr/libzephyr.a(notify.c.obj)
                              (--whole-archive)
zephyr/libzephyr.a(ring_buffer.c.obj)
                              (--whole-archive)
zephyr/libzephyr.a(last_section_id.c.obj)
                              (--whole-archive)
zephyr/libzephyr.a(uuid.c.obj)
                              (--whole-archive)
zephyr/libzephyr.a(configs.c.obj)
                              (--whole-archive)
zephyr/libzephyr.a(log_core.c.obj)
                              (--whole-archive)
zephyr/libzephyr.a(log_mgmt.c.obj)
                              (--whole-archive)
zephyr/libzephyr.a(log_cache.c.obj)
                              (--whole-archive)
zephyr/libzephyr.a(log_msg.c.obj)
                              (--whole-archive)
zephyr/libzephyr.a(log_output.c.obj)
                              (--whole-archive)
zephyr/libzephyr.a(log_backend_uart.c.obj)
                              (--whole-archive)
zephyr/libzephyr.a(mem_attr.c.obj)
                              (--whole-archive)
zephyr/libzephyr.a(tracing_none.c.obj)
                              (--whole-archive)
zephyr/libzephyr.a(gap_svc.c.obj)
                              (--whole-archive)
zephyr/libzephyr.a(sem.c.obj)
                              (--whole-archive)
zephyr/libzephyr.a(thread_entry.c.obj)
                              (--whole-archive)
zephyr/arch/common/libarch__common.a(sw_isr_common.c.obj)
                              (--whole-archive)
zephyr/arch/common/libarch__common.a(init.c.obj)
                              (--whole-archive)
zephyr/arch/common/libarch__common.a(xip.c.obj)
                              (--whole-archive)
zephyr/arch/arch/arm/core/libarch__arm__core.a(fatal.c.obj)
                              (--whole-archive)
zephyr/arch/arch/arm/core/libarch__arm__core.a(nmi.c.obj)
                              (--whole-archive)
zephyr/arch/arch/arm/core/libarch__arm__core.a(nmi_on_reset.S.obj)
                              (--whole-archive)
zephyr/arch/arch/arm/core/libarch__arm__core.a(tls.c.obj)
                              (--whole-archive)
zephyr/arch/arch/arm/core/cortex_m/libarch__arm__core__cortex_m.a(fault.c.obj)
                              (--whole-archive)
zephyr/arch/arch/arm/core/cortex_m/libarch__arm__core__cortex_m.a(fault_s.S.obj)
                              (--whole-archive)
zephyr/arch/arch/arm/core/cortex_m/libarch__arm__core__cortex_m.a(fpu.c.obj)
                              (--whole-archive)
zephyr/arch/arch/arm/core/cortex_m/libarch__arm__core__cortex_m.a(reset.S.obj)
                              (--whole-archive)
zephyr/arch/arch/arm/core/cortex_m/libarch__arm__core__cortex_m.a(scb.c.obj)
                              (--whole-archive)
zephyr/arch/arch/arm/core/cortex_m/libarch__arm__core__cortex_m.a(vector_table.S.obj)
                              (--whole-archive)
zephyr/arch/arch/arm/core/cortex_m/libarch__arm__core__cortex_m.a(svc.S.obj)
                              (--whole-archive)
zephyr/arch/arch/arm/core/cortex_m/libarch__arm__core__cortex_m.a(irq_manage.c.obj)
                              (--whole-archive)
zephyr/arch/arch/arm/core/cortex_m/libarch__arm__core__cortex_m.a(prep_c.c.obj)
                              (--whole-archive)
zephyr/arch/arch/arm/core/cortex_m/libarch__arm__core__cortex_m.a(thread.c.obj)
                              (--whole-archive)
[...]
Memory Configuration

Name             Origin             Length             Attributes
FLASH            0x00000000         0x00100000         xr
RAM              0x20000000         0x00040000         xw
IDT_LIST         0xffff7fff         0x00008000         xw
*default*        0x00000000         0xffffffff

Linker script and memory map

                0x000233fc                        vfprintf = __l_vfprintf
                0x00000000                        vfscanf = __l_vfscanf
LOAD zephyr/CMakeFiles/zephyr_final.dir/misc/empty_file.c.obj
LOAD zephyr/CMakeFiles/zephyr_final.dir/isr_tables.c.obj
LOAD zephyr/CMakeFiles/offsets.dir/./arch/arm/core/offsets/offsets.c.obj
LOAD app/libapp.a
LOAD zephyr/libzephyr.a
LOAD zephyr/arch/common/libarch__common.a
LOAD zephyr/arch/arch/arm/core/libarch__arm__core.a
LOAD zephyr/arch/arch/arm/core/cortex_m/libarch__arm__core__cortex_m.a
LOAD zephyr/arch/arch/arm/core/mpu/libarch__arm__core__mpu.a
LOAD zephyr/lib/libc/picolibc/liblib__libc__picolibc.a
LOAD zephyr/lib/libc/common/liblib__libc__common.a
LOAD zephyr/lib/net_buf/liblib__net_buf.a
LOAD zephyr/soc/soc/nrf52840/libsoc__nordic.a
LOAD zephyr/subsys/portability/posix/c_lib_ext/libsubsys__portability__posix__c_lib_ext.a
LOAD zephyr/subsys/random/libsubsys__random.a
LOAD zephyr/subsys/bluetooth/common/libsubsys__bluetooth__common.a
LOAD zephyr/subsys/bluetooth/host/libsubsys__bluetooth__host.a
LOAD zephyr/subsys/bluetooth/crypto/libsubsys__bluetooth__crypto.a
LOAD zephyr/subsys/bluetooth/controller/libsubsys__bluetooth__controller.a
LOAD zephyr/subsys/bluetooth/controller/ll_sw/nordic/libsubsys__bluetooth__controller__ll_sw__nordic.a
LOAD zephyr/drivers/clock_control/libdrivers__clock_control.a
LOAD zephyr/drivers/console/libdrivers__console.a
LOAD zephyr/drivers/entropy/libdrivers__entropy.a
LOAD zephyr/drivers/gpio/libdrivers__gpio.a
LOAD zephyr/drivers/pinctrl/libdrivers__pinctrl.a
LOAD zephyr/drivers/serial/libdrivers__serial.a
LOAD zephyr/drivers/timer/libdrivers__timer.a
LOAD modules/hal_nordic/nrfx/libnrfx.a
LOAD modules/mbedtls/mbedtls/library/libmbedtls.a
LOAD modules/mbedtls/libmodules__mbedtls.a
LOAD zephyr/kernel/libkernel.a
LOAD zephyr/arch/common/libisr_tables.a
LOAD modules/mbedtls/mbedtls/library/libmbedx509.a
LOAD modules/mbedtls/mbedtls/tf-psa-crypto/core/libtfpsacrypto.a
LOAD /opt/zephyr-sdk/gnu/arm-zephyr-eabi/bin/../lib/gcc/arm-zephyr-eabi/14.3.0/../../../../arm-zephyr-eabi/lib/thumb/v7e-m/nofp/space/libc.a
LOAD /opt/zephyr-sdk/gnu/arm-zephyr-eabi/bin/../lib/gcc/arm-zephyr-eabi/14.3.0/thumb/v7e-m/nofp/space/libgcc.a
                0x00000020                        _region_min_align = 0x20

.rel.plt        0x00000000        0x0
 *(SORT_BY_ALIGNMENT(.rel.plt))
                [!provide]                        PROVIDE (__rel_iplt_start = .)
 *(SORT_BY_ALIGNMENT(.rel.iplt))
 .rel.iplt      0x00000000        0x0 zephyr/CMakeFiles/zephyr_final.dir/isr_tables.c.obj
                [!provide]                        PROVIDE (__rel_iplt_end = .)

.rela.plt       0x00000000        0x0
 *(SORT_BY_ALIGNMENT(.rela.plt))
                [!provide]                        PROVIDE (__rela_iplt_start = .)
 *(SORT_BY_ALIGNMENT(.rela.iplt))
                [!provide]                        PROVIDE (__rela_iplt_end = .)

.rel.dyn
 *(SORT_BY_ALIGNMENT(.rel.*))

.rela.dyn
 *(SORT_BY_ALIGNMENT(.rela.*))

/DISCARD/
 *(SORT_BY_ALIGNMENT(.plt))

/DISCARD/
 *(SORT_BY_ALIGNMENT(.iplt))
                0x00000000                        __rom_region_start = 0x0

rom_start       0x00000000      0x100
                0x00000000                        __rom_start_address = .
 FILL mask 0x00
                0x00000000                        . = (. + (0x0 - (. - __rom_start_address)))
                0x00000000                        . = ALIGN (0x4)
                0x00000000                        . = ALIGN (0x80)
                0x00000000                        . = ALIGN (0x100)
                0x00000000                        _vector_start = .
 *(SORT_BY_ALIGNMENT(.exc_vector_table))
 *(SORT_BY_ALIGNMENT(.exc_vector_table.*))
 .exc_vector_table._vector_table_section
                0x00000000       0x40 zephyr/arch/arch/arm/core/cortex_m/libarch__arm__core__cortex_m.a(vector_table.S.obj)
                0x00000000                _vector_table
 *(SORT_BY_ALIGNMENT(.vectors))
                0x00000100                        _vector_end = .
                0x00000040                        . = ALIGN (0x4)
 *(SORT_BY_ALIGNMENT(.gnu.linkonce.irq_vector_table*))
 .gnu.linkonce.irq_vector_table
                0x00000040       0xc0 zephyr/CMakeFiles/zephyr_final.dir/isr_tables.c.obj
                0x00000040                _irq_vector_table
                0x00000100                        _vector_end = .

text            0x00000100    0x2887c
                0x00000100                        __text_region_start = .
 *(SORT_BY_ALIGNMENT(.text))
 .text          0x00000100      0x378 /opt/zephyr-sdk/gnu/arm-zephyr-eabi/bin/../lib/gcc/arm-zephyr-eabi/14.3.0/thumb/v7e-m/nofp/space/libgcc.a(_arm_addsubdf3.o)
                0x00000100                __aeabi_drsub
                0x00000108                __aeabi_dsub
                0x00000108                __subdf3
                0x0000010c                __adddf3
                0x0000010c                __aeabi_dadd
                0x00000384                __aeabi_ui2d
                0x00000384                __floatunsidf
                0x000003a4                __aeabi_i2d
                0x000003a4                __floatsidf
                0x000003c8                __extendsfdf2
                0x000003c8                __aeabi_f2d
                0x0000040c                __aeabi_ul2d
                0x0000040c                __floatundidf
                0x0000041c                __floatdidf
                0x0000041c                __aeabi_l2d
 .text          0x00000478      0x21c /opt/zephyr-sdk/gnu/arm-zephyr-eabi/bin/../lib/gcc/arm-zephyr-eabi/14.3.0/thumb/v7e-m/nofp/space/libgcc.a(_arm_addsubsf3.o)
                0x00000478                __aeabi_frsub
                0x00000480                __aeabi_fsub
                0x00000480                __subsf3
                0x00000484                __aeabi_fadd
                0x00000484                __addsf3
                0x000005e4                __aeabi_ui2f
                0x000005e4                __floatunsisf
                0x000005ec                __floatsisf
                0x000005ec                __aeabi_i2f
                0x00000608                __floatundisf
                0x00000608                __aeabi_ul2f
                0x00000618                __floatdisf
                0x00000618                __aeabi_l2f
 .text          0x00000694      0x2a0 /opt/zephyr-sdk/gnu/arm-zephyr-eabi/bin/../lib/gcc/arm-zephyr-eabi/14.3.0/thumb/v7e-m/nofp/space/libgcc.a(_arm_muldivsf3.o)
                0x00000694                __mulsf3
                0x00000694                __aeabi_fmul
                0x000007fc                __aeabi_fdiv
                0x000007fc                __divsf3
 .text          0x00000934       0xec /opt/zephyr-sdk/gnu/arm-zephyr-eabi/bin/../lib/gcc/arm-zephyr-eabi/14.3.0/thumb/v7e-m/nofp/space/libgcc.a(_arm_cmpsf2.o)
                0x00000934                __gtsf2
                0x00000934                __gesf2
                0x0000093c                __ltsf2
                0x0000093c                __lesf2
                0x00000944                __eqsf2
                0x00000944                __nesf2
                0x00000944                __cmpsf2
                0x000009a4                __aeabi_cfrcmple
                0x000009ac                __aeabi_cfcmple
                0x000009ac                __aeabi_cfcmpeq
                0x000009bc                __aeabi_fcmpeq
                0x000009d0                __aeabi_fcmplt
                0x000009e4                __aeabi_fcmple
                0x000009f8                __aeabi_fcmpge
                0x00000a0c                __aeabi_fcmpgt
 .text          0x00000a20       0x4c /opt/zephyr-sdk/gnu/arm-zephyr-eabi/bin/../lib/gcc/arm-zephyr-eabi/14.3.0/thumb/v7e-m/nofp/space/libgcc.a(_arm_fixsfsi.o)
                0x00000a20                __fixsfsi
                0x00000a20                __aeabi_f2iz
 .text          0x00000a6c       0x40 /opt/zephyr-sdk/gnu/arm-zephyr-eabi/bin/../lib/gcc/arm-zephyr-eabi/14.3.0/thumb/v7e-m/nofp/space/libgcc.a(_arm_fixunssfsi.o)
                0x00000a6c                __fixunssfsi
                0x00000a6c                __aeabi_f2uiz
 .text          0x00000aac       0x30 /opt/zephyr-sdk/gnu/arm-zephyr-eabi/bin/../lib/gcc/arm-zephyr-eabi/14.3.0/thumb/v7e-m/nofp/space/libgcc.a(_aeabi_uldivmod.o)
                0x00000aac                __aeabi_uldivmod
 .text          0x00000adc        0x4 /opt/zephyr-sdk/gnu/arm-zephyr-eabi/bin/../lib/gcc/arm-zephyr-eabi/14.3.0/thumb/v7e-m/nofp/space/libgcc.a(_dvmd_tls.o)
                0x00000adc                __aeabi_ldiv0
                0x00000adc                __aeabi_idiv0
 .text          0x00000ae0       0x10 /opt/zephyr-sdk/gnu/arm-zephyr-eabi/bin/../lib/gcc/arm-zephyr-eabi/14.3.0/../../../../arm-zephyr-eabi/lib/thumb/v7e-m/nofp/space/libc.a(strcpy.S.o)
                0x00000ae0                strcpy
 .text          0x00000af0       0x10 /opt/zephyr-sdk/gnu/arm-zephyr-eabi/bin/../lib/gcc/arm-zephyr-eabi/14.3.0/../../../../arm-zephyr-eabi/lib/thumb/v7e-m/nofp/space/libc.a(strlen.S.o)
                0x00000af0                strlen
 .text          0x00000b00      0x2bc /opt/zephyr-sdk/gnu/arm-zephyr-eabi/bin/../lib/gcc/arm-zephyr-eabi/14.3.0/thumb/v7e-m/nofp/space/libgcc.a(_udivmoddi4.o)
                0x00000b00                __udivmoddi4
 *(SORT_BY_ALIGNMENT(.text.*))
 *fill*         0x00000dbc        0x4 
 .text.bt_init  0x00000dc0      0x55c zephyr/subsys/bluetooth/host/libsubsys__bluetooth__host.a(hci_core.c.obj)
 *fill*         0x0000131c        0x4 
 .text.ull_drift_ticks_get
                0x00001320       0x90 zephyr/subsys/bluetooth/controller/libsubsys__bluetooth__controller.a(ull.c.obj)
                0x00001320                ull_drift_ticks_get
 .text.ll_adv_enable
                0x000013b0      0x368 zephyr/subsys/bluetooth/controller/libsubsys__bluetooth__controller.a(ull_adv.c.obj)
                0x000013b0                ll_adv_enable
 .text.ull_adv_time_update
                0x00001718       0xb4 zephyr/subsys/bluetooth/controller/libsubsys__bluetooth__controller.a(ull_adv.c.obj)
                0x00001718                ull_adv_time_update
 *fill*         0x000017cc        0x4 
 .text.ull_conn_update_ticker.constprop.0
                0x000017d0       0xf8 zephyr/subsys/bluetooth/controller/libsubsys__bluetooth__controller.a(ull_conn.c.obj)
 .text.ull_conn_done
                0x000018c8      0x384 zephyr/subsys/bluetooth/controller/libsubsys__bluetooth__controller.a(ull_conn.c.obj)
                0x000018c8                ull_conn_done
 *fill*         0x00001c4c        0x4 
 .text.ull_conn_update_parameters
                0x00001c50      0x264 zephyr/subsys/bluetooth/controller/libsubsys__bluetooth__controller.a(ull_conn.c.obj)
                0x00001c50                ull_conn_update_parameters
 *fill*         0x00001eb4        0x4 
 .text.ull_periph_setup
                0x00001eb8      0x42c zephyr/subsys/bluetooth/controller/libsubsys__bluetooth__controller.a(ull_peripheral.c.obj)
                0x00001eb8                ull_periph_setup
 *fill*         0x000022e4        0x4 
 .text.prepare_cb
                0x000022e8      0x158 zephyr/subsys/bluetooth/controller/ll_sw/nordic/libsubsys__bluetooth__controller__ll_sw__nordic.a(lll_adv.c.obj)
 .text.prepare_cb
                0x00002440      0x24c zephyr/subsys/bluetooth/controller/ll_sw/nordic/libsubsys__bluetooth__controller__ll_sw__nordic.a(lll_peripheral.c.obj)
 .text.aircraft_telemetry_distance_m.constprop.0
                0x0000268c       0xc8 app/libapp.a(main.c.obj)
 .text.connected_cb
                0x00002754       0x64 app/libapp.a(main.c.obj)
 .text.disconnected_cb
                0x000027b8       0x50 app/libapp.a(main.c.obj)
 .text.temp_ccc_cfg_changed
                0x00002808       0x48 app/libapp.a(main.c.obj)
 .text.heart_rate_ccc_cfg_changed
                0x00002850       0x48 app/libapp.a(main.c.obj)
 .text.battery_ccc_cfg_changed
                0x00002898       0x48 app/libapp.a(main.c.obj)
 .text.write_update_interval
                0x000028e0       0x7c app/libapp.a(main.c.obj)
 .text.aircraft_telemetry_bearing_deg.constprop.0
                0x0000295c       0xd8 app/libapp.a(main.c.obj)
 .text.sync_aircraft_payload
                0x00002a34       0x80 app/libapp.a(main.c.obj)
 .text.bt_ready
                0x00002ab4       0xc8 app/libapp.a(main.c.obj)
 .text.sensor_work_handler
                0x00002b7c      0x61c app/libapp.a(main.c.obj)
 .text.main     0x00003198       0xc0 app/libapp.a(main.c.obj)
                0x00003198                main
 .text.free_list_add
                0x00003258       0x9c zephyr/libzephyr.a(heap.c.obj)
 .text.free_list_remove_bidx
                0x000032f4       0x88 zephyr/libzephyr.a(heap.c.obj)
 .text.free_chunk_check.isra.0
                0x0000337c       0x60 zephyr/libzephyr.a(heap.c.obj)
 .text.sys_heap_free
                0x000033dc      0x144 zephyr/libzephyr.a(heap.c.obj)
                0x000033dc                sys_heap_free
 .text.sys_heap_aligned_alloc
                0x00003520      0x114 zephyr/libzephyr.a(heap.c.obj)
                0x00003520                sys_heap_aligned_alloc
 .text.sys_heap_init
                0x00003634      0x124 zephyr/libzephyr.a(heap.c.obj)
                0x00003634                sys_heap_init
 .text.boot_banner
                0x00003758       0x10 zephyr/libzephyr.a(boot_banner.c.obj)
 .text.cbvprintf_package
                0x00003768      0x3d0 zephyr/libzephyr.a(cbprintf_packaged.c.obj)
                0x00003768                cbvprintf_package
 .text.__printk_hook_install
                0x00003b38        0xc zephyr/libzephyr.a(printk.c.obj)
                0x00003b38                __printk_hook_install
 .text.process_event
                0x00003b44      0x39c zephyr/libzephyr.a(onoff.c.obj)
 .text.transition_complete
                0x00003ee0       0x64 zephyr/libzephyr.a(onoff.c.obj)
 .text.onoff_request
                0x00003f44      0x12c zephyr/libzephyr.a(onoff.c.obj)
                0x00003f44                onoff_request
 .text.onoff_release
                0x00004070       0xd8 zephyr/libzephyr.a(onoff.c.obj)
                0x00004070                onoff_release
 .text.onoff_cancel
                0x00004148       0xd4 zephyr/libzephyr.a(onoff.c.obj)
                0x00004148                onoff_cancel
 .text.sys_notify_finalize
                0x0000421c       0x40 zephyr/libzephyr.a(notify.c.obj)
                0x0000421c                sys_notify_finalize
 .text.log_backend_is_active
                0x0000425c       0x30 zephyr/libzephyr.a(log_core.c.obj)
 .text.log_backend_is_ready
                0x0000428c       0x34 zephyr/libzephyr.a(log_core.c.obj)
 .text.z_log_init.isra.0
                0x000042c0      0x114 zephyr/libzephyr.a(log_core.c.obj)
 .text.log_format_func_t_get
                0x000043d4        0xc zephyr/libzephyr.a(log_core.c.obj)
                0x000043d4                log_format_func_t_get
 .text.log_set_timestamp_func
                0x000043e0       0x20 zephyr/libzephyr.a(log_core.c.obj)
                0x000043e0                log_set_timestamp_func
 .text.log_core_init
                0x00004400       0x7c zephyr/libzephyr.a(log_core.c.obj)
                0x00004400                log_core_init
 .text.z_impl_log_panic
                0x0000447c       0x6c zephyr/libzephyr.a(log_core.c.obj)
                0x0000447c                z_impl_log_panic
 .text.z_log_dropped
                0x000044e8       0x30 zephyr/libzephyr.a(log_core.c.obj)
                0x000044e8                z_log_dropped
 .text.z_log_msg_commit
                0x00004518       0x78 zephyr/libzephyr.a(log_core.c.obj)
                0x00004518                z_log_msg_commit
 .text.log_source_name_get
                0x00004590       0x1c zephyr/libzephyr.a(log_mgmt.c.obj)
                0x00004590                log_source_name_get
 .text.z_log_msg_runtime_vcreate
                0x000045ac       0xf0 zephyr/libzephyr.a(log_msg.c.obj)
                0x000045ac                z_log_msg_runtime_vcreate
 .text.log_msg_get_source_id
                0x0000469c       0x18 zephyr/libzephyr.a(log_msg.c.obj)
                0x0000469c                log_msg_get_source_id
 .text.print_formatted
                0x000046b4       0x24 zephyr/libzephyr.a(log_output.c.obj)
 .text.newline_print
                0x000046d8       0x1c zephyr/libzephyr.a(log_output.c.obj)
 .text.log_output_process
                0x000046f4      0x2d0 zephyr/libzephyr.a(log_output.c.obj)
                0x000046f4                log_output_process
 .text.log_output_timestamp_freq_set
                0x000049c4       0x2c zephyr/libzephyr.a(log_output.c.obj)
                0x000049c4                log_output_timestamp_freq_set
 .text.char_out
                0x000049f0       0x24 zephyr/libzephyr.a(log_backend_uart.c.obj)
 .text.log_backend_uart_init
                0x00004a14       0x3c zephyr/libzephyr.a(log_backend_uart.c.obj)
 .text.mem_attr_get_regions
                0x00004a50        0xc zephyr/libzephyr.a(mem_attr.c.obj)
                0x00004a50                mem_attr_get_regions
 .text.read_ppcp
                0x00004a5c       0x2c zephyr/libzephyr.a(gap_svc.c.obj)
 .text.z_thread_entry
                0x00004a88       0x6c zephyr/libzephyr.a(thread_entry.c.obj)
                0x00004a88                z_thread_entry
 .text.arch_bss_zero
                0x00004af4       0x18 zephyr/arch/common/libarch__common.a(init.c.obj)
                0x00004af4                arch_bss_zero
 .text.arch_data_copy
                0x00004b0c       0x38 zephyr/arch/common/libarch__common.a(xip.c.obj)
                0x00004b0c                arch_data_copy
 .text.z_arm_fatal_error
                0x00004b44       0xc4 zephyr/arch/arch/arm/core/libarch__arm__core.a(fatal.c.obj)
                0x00004b44                z_arm_fatal_error
 .text.z_SysNmiOnReset
                0x00004c08        0x8 zephyr/arch/arch/arm/core/libarch__arm__core.a(nmi_on_reset.S.obj)
                0x00004c08                z_SysNmiOnReset
 .text.arch_tls_stack_setup
                0x00004c10       0x40 zephyr/arch/arch/arm/core/libarch__arm__core.a(tls.c.obj)
                0x00004c10                arch_tls_stack_setup
 .text.mem_manage_fault
                0x00004c50      0x198 zephyr/arch/arch/arm/core/cortex_m/libarch__arm__core__cortex_m.a(fault.c.obj)
 .text.usage_fault.isra.0
                0x00004de8      0x108 zephyr/arch/arch/arm/core/cortex_m/libarch__arm__core__cortex_m.a(fault.c.obj)
 .text.bus_fault.isra.0
                0x00004ef0      0x13c zephyr/arch/arch/arm/core/cortex_m/libarch__arm__core__cortex_m.a(fault.c.obj)
 .text.z_arm_fault
                0x0000502c      0x288 zephyr/arch/arch/arm/core/cortex_m/libarch__arm__core__cortex_m.a(fault.c.obj)
                0x0000502c                z_arm_fault
 .text.z_arm_fault_init
                0x000052b4       0x18 zephyr/arch/arch/arm/core/cortex_m/libarch__arm__core__cortex_m.a(fault.c.obj)
                0x000052b4                z_arm_fault_init
 .text.__fault  0x000052cc       0x14 zephyr/arch/arch/arm/core/cortex_m/libarch__arm__core__cortex_m.a(fault_s.S.obj)
                0x000052cc                z_arm_exc_spurious
                0x000052cc                z_arm_usage_fault
                0x000052cc                z_arm_mpu_fault
                0x000052cc                z_arm_debug_monitor
                0x000052cc                z_arm_hard_fault
                0x000052cc                z_arm_bus_fault
 .text._reset_section
                0x000052e0       0x38 zephyr/arch/arch/arm/core/cortex_m/libarch__arm__core__cortex_m.a(reset.S.obj)
                0x000052e0                __start
                0x000052e0                z_arm_reset
 .text.z_arm_svc
                0x00005318       0x24 zephyr/arch/arch/arm/core/cortex_m/libarch__arm__core__cortex_m.a(svc.S.obj)
                0x00005318                z_arm_svc
 .text.arm_irq_enable
                0x0000533c       0x1c zephyr/arch/arch/arm/core/cortex_m/libarch__arm__core__cortex_m.a(irq_manage.c.obj)
                0x0000533c                arm_irq_enable
 .text.arm_irq_disable
                0x00005358       0x28 zephyr/arch/arch/arm/core/cortex_m/libarch__arm__core__cortex_m.a(irq_manage.c.obj)
                0x00005358                arm_irq_disable
 .text.arm_irq_is_enabled
                0x00005380       0x1c zephyr/arch/arch/arm/core/cortex_m/libarch__arm__core__cortex_m.a(irq_manage.c.obj)
                0x00005380                arm_irq_is_enabled
 .text.arm_irq_priority_set
                0x0000539c       0x68 zephyr/arch/arch/arm/core/cortex_m/libarch__arm__core__cortex_m.a(irq_manage.c.obj)
                0x0000539c                arm_irq_priority_set
 .text.relocate_vector_table
                0x00005404       0x1c zephyr/arch/arch/arm/core/cortex_m/libarch__arm__core__cortex_m.a(prep_c.c.obj)
                0x00005404                relocate_vector_table
 .text.z_prep_c
                0x00005420       0x38 zephyr/arch/arch/arm/core/cortex_m/libarch__arm__core__cortex_m.a(prep_c.c.obj)
                0x00005420                z_prep_c
 .text.arch_new_thread
                0x00005458       0x38 zephyr/arch/arch/arm/core/cortex_m/libarch__arm__core__cortex_m.a(thread.c.obj)
                0x00005458                arch_new_thread
 .text.z_check_thread_stack_fail
                0x00005490       0x2c zephyr/arch/arch/arm/core/cortex_m/libarch__arm__core__cortex_m.a(thread.c.obj)
                0x00005490                z_check_thread_stack_fail
 .text.arch_switch_to_main_thread
                0x000054bc       0x3c zephyr/arch/arch/arm/core/cortex_m/libarch__arm__core__cortex_m.a(thread.c.obj)
                0x000054bc                arch_switch_to_main_thread
 .text.z_arm_cpu_idle_init
                0x000054f8        0xc zephyr/arch/arch/arm/core/cortex_m/libarch__arm__core__cortex_m.a(cpu_idle.c.obj)
                0x000054f8                z_arm_cpu_idle_init
 .text._HandlerModeExit
                0x00005504       0x20 zephyr/arch/arch/arm/core/cortex_m/libarch__arm__core__cortex_m.a(exc_exit.c.obj)
                0x00005504                z_arm_int_exit
                0x00005504                z_arm_exc_exit
 .text.z_impl_k_thread_abort
                0x00005524       0x2c zephyr/arch/arch/arm/core/cortex_m/libarch__arm__core__cortex_m.a(thread_abort.c.obj)
                0x00005524                z_impl_k_thread_abort
 .text.z_arm_pendsv
                0x00005550       0x60 zephyr/arch/arch/arm/core/cortex_m/libarch__arm__core__cortex_m.a(swap_helper.S.obj)
                0x00005550                z_arm_pendsv
 .text.z_arm_interrupt_init
                0x000055b0       0x18 zephyr/arch/arch/arm/core/cortex_m/libarch__arm__core__cortex_m.a(irq_init.c.obj)
                0x000055b0                z_arm_interrupt_init
 .text._isr_wrapper
                0x000055c8       0x24 zephyr/arch/arch/arm/core/cortex_m/libarch__arm__core__cortex_m.a(isr_wrapper.c.obj)
                0x000055c8                _isr_wrapper
 .text.__aeabi_read_tp
                0x000055ec        0xc zephyr/arch/arch/arm/core/cortex_m/libarch__arm__core__cortex_m.a(__aeabi_read_tp.S.obj)
                0x000055ec                __aeabi_read_tp
 .text.z_arm_configure_static_mpu_regions
                0x000055f8       0x18 zephyr/arch/arch/arm/core/mpu/libarch__arm__core__mpu.a(arm_core_mpu.c.obj)
                0x000055f8                z_arm_configure_static_mpu_regions
 .text.z_arm_configure_dynamic_mpu_regions
                0x00005610       0x20 zephyr/arch/arch/arm/core/mpu/libarch__arm__core__mpu.a(arm_core_mpu.c.obj)
                0x00005610                z_arm_configure_dynamic_mpu_regions
 .text.region_allocate_and_init
                0x00005630       0x60 zephyr/arch/arch/arm/core/mpu/libarch__arm__core__mpu.a(arm_mpu.c.obj)
 .text.mpu_configure_regions
                0x00005690       0x74 zephyr/arch/arch/arm/core/mpu/libarch__arm__core__mpu.a(arm_mpu.c.obj)
 .text.arm_core_mpu_enable
                0x00005704       0x18 zephyr/arch/arch/arm/core/mpu/libarch__arm__core__mpu.a(arm_mpu.c.obj)
                0x00005704                arm_core_mpu_enable
 .text.arm_core_mpu_disable
                0x0000571c       0x14 zephyr/arch/arch/arm/core/mpu/libarch__arm__core__mpu.a(arm_mpu.c.obj)
                0x0000571c                arm_core_mpu_disable
 .text.arm_core_mpu_configure_static_mpu_regions
                0x00005730       0x4c zephyr/arch/arch/arm/core/mpu/libarch__arm__core__mpu.a(arm_mpu.c.obj)
                0x00005730                arm_core_mpu_configure_static_mpu_regions
 .text.arm_core_mpu_configure_dynamic_mpu_regions
                0x0000577c       0x6c zephyr/arch/arch/arm/core/mpu/libarch__arm__core__mpu.a(arm_mpu.c.obj)
                0x0000577c                arm_core_mpu_configure_dynamic_mpu_regions
 .text.z_arm_mpu_init
                0x000057e8      0x250 zephyr/arch/arch/arm/core/mpu/libarch__arm__core__mpu.a(arm_mpu.c.obj)
                0x000057e8                z_arm_mpu_init
 .text.cbvprintf
                0x00005a38       0x38 zephyr/lib/libc/picolibc/liblib__libc__picolibc.a(cbprintf.c.obj)
                0x00005a38                cbvprintf
 .text.z_impl_zephyr_fputc
                0x00005a70       0x10 zephyr/lib/libc/picolibc/liblib__libc__picolibc.a(stdio.c.obj)
                0x00005a70                z_impl_zephyr_fputc
 .text.__stdout_hook_install
                0x00005a80       0x18 zephyr/lib/libc/picolibc/liblib__libc__picolibc.a(stdio.c.obj)
                0x00005a80                __stdout_hook_install
 .text.malloc_prepare
                0x00005a98       0x24 zephyr/lib/libc/common/liblib__libc__common.a(malloc.c.obj)
 .text.malloc_lock
                0x00005abc       0x38 zephyr/lib/libc/common/liblib__libc__common.a(malloc.c.obj)
 .text.malloc_unlock
                0x00005af4        0xc zephyr/lib/libc/common/liblib__libc__common.a(malloc.c.obj)
 .text.malloc   0x00005b00       0x34 zephyr/lib/libc/common/liblib__libc__common.a(malloc.c.obj)
                0x00005b00                malloc
 .text.free     0x00005b34       0x1c zephyr/lib/libc/common/liblib__libc__common.a(malloc.c.obj)
                0x00005b34                free
 .text.calloc   0x00005b50       0x34 zephyr/lib/libc/common/liblib__libc__common.a(malloc.c.obj)
                0x00005b50                calloc
 .text.net_buf_destroy
                0x00005b84       0x38 zephyr/lib/net_buf/liblib__net_buf.a(buf.c.obj)
 .text.net_buf_pool_get
                0x00005bbc       0x10 zephyr/lib/net_buf/liblib__net_buf.a(buf.c.obj)
                0x00005bbc                net_buf_pool_get
 .text.net_buf_id
                0x00005bcc       0x20 zephyr/lib/net_buf/liblib__net_buf.a(buf.c.obj)
                0x00005bcc                net_buf_id
 .text.fixed_data_alloc
                0x00005bec       0x24 zephyr/lib/net_buf/liblib__net_buf.a(buf.c.obj)
 .text.net_buf_reset
                0x00005c10       0x30 zephyr/lib/net_buf/liblib__net_buf.a(buf.c.obj)
                0x00005c10                net_buf_reset
 .text.net_buf_alloc_len
                0x00005c40      0x1b8 zephyr/lib/net_buf/liblib__net_buf.a(buf.c.obj)
                0x00005c40                net_buf_alloc_len
 .text.net_buf_slist_put
                0x00005df8       0xd4 zephyr/lib/net_buf/liblib__net_buf.a(buf.c.obj)
                0x00005df8                net_buf_slist_put
 .text.net_buf_slist_get
                0x00005ecc       0xb8 zephyr/lib/net_buf/liblib__net_buf.a(buf.c.obj)
                0x00005ecc                net_buf_slist_get
 .text.net_buf_unref
                0x00005f84       0xa4 zephyr/lib/net_buf/liblib__net_buf.a(buf.c.obj)
                0x00005f84                net_buf_unref
 .text.net_buf_ref
                0x00006028       0x70 zephyr/lib/net_buf/liblib__net_buf.a(buf.c.obj)
                0x00006028                net_buf_ref
 .text.net_buf_frag_last
                0x00006098       0x34 zephyr/lib/net_buf/liblib__net_buf.a(buf.c.obj)
                0x00006098                net_buf_frag_last
 .text.net_buf_frag_insert
                0x000060cc       0x58 zephyr/lib/net_buf/liblib__net_buf.a(buf.c.obj)
                0x000060cc                net_buf_frag_insert
 .text.net_buf_frag_add
                0x00006124       0x48 zephyr/lib/net_buf/liblib__net_buf.a(buf.c.obj)
                0x00006124                net_buf_frag_add
 .text.net_buf_frag_del
                0x0000616c       0x78 zephyr/lib/net_buf/liblib__net_buf.a(buf.c.obj)
                0x0000616c                net_buf_frag_del
 .text.net_buf_simple_reserve
                0x000061e4       0x44 zephyr/lib/net_buf/liblib__net_buf.a(buf_simple.c.obj)
                0x000061e4                net_buf_simple_reserve
 .text.net_buf_simple_add
                0x00006228       0x40 zephyr/lib/net_buf/liblib__net_buf.a(buf_simple.c.obj)
                0x00006228                net_buf_simple_add
 .text.net_buf_simple_push
                0x00006268       0x40 zephyr/lib/net_buf/liblib__net_buf.a(buf_simple.c.obj)
                0x00006268                net_buf_simple_push
 .text.net_buf_simple_pull
                0x000062a8       0x3c zephyr/lib/net_buf/liblib__net_buf.a(buf_simple.c.obj)
                0x000062a8                net_buf_simple_pull
 .text.net_buf_simple_pull_mem
                0x000062e4       0x3c zephyr/lib/net_buf/liblib__net_buf.a(buf_simple.c.obj)
                0x000062e4                net_buf_simple_pull_mem
 .text.nordicsemi_nrf52_init
                0x00006320       0x38 zephyr/soc/soc/nrf52840/libsoc__nordic.a(soc.c.obj)
 .text.arch_busy_wait
                0x00006358       0x24 zephyr/soc/soc/nrf52840/libsoc__nordic.a(soc.c.obj)
                0x00006358                arch_busy_wait
 .text.gppi_init
                0x0000637c       0x20 zephyr/soc/soc/nrf52840/libsoc__nordic.a(gppi_init.c.obj)
 .text.rand_get
                0x0000639c       0x84 zephyr/subsys/random/libsubsys__random.a(random_entropy_device.c.obj)
 .text.bt_addr_le_tmp_str
                0x00006420       0x98 zephyr/subsys/bluetooth/common/libsubsys__bluetooth__common.a(addr.c.obj)
                0x00006420                bt_addr_le_tmp_str
 .text.bt_hex   0x000064b8       0x44 zephyr/subsys/bluetooth/common/libsubsys__bluetooth__common.a(bt_str.c.obj)
                0x000064b8                bt_hex
 .text.long_wq_init
                0x000064fc       0x38 zephyr/subsys/bluetooth/host/libsubsys__bluetooth__host.a(long_wq.c.obj)
 .text.bt_long_wq_schedule
                0x00006534        0xc zephyr/subsys/bluetooth/host/libsubsys__bluetooth__host.a(long_wq.c.obj)
                0x00006534                bt_long_wq_schedule
 .text.bt_long_wq_submit
                0x00006540        0xc zephyr/subsys/bluetooth/host/libsubsys__bluetooth__host.a(long_wq.c.obj)
                0x00006540                bt_long_wq_submit
 .text.sys_memcpy_swap.constprop.0
                0x0000654c       0x58 zephyr/subsys/bluetooth/host/libsubsys__bluetooth__host.a(uuid.c.obj)
 .text.bt_uuid_to_uuid
                0x000065a4       0x90 zephyr/subsys/bluetooth/host/libsubsys__bluetooth__host.a(uuid.c.obj)
 .text.hci_rx_pool_destroy
                0x00006634       0x34 zephyr/subsys/bluetooth/host/libsubsys__bluetooth__host.a(buf.c.obj)
 .text.bt_buf_get_rx
                0x00006668       0x98 zephyr/subsys/bluetooth/host/libsubsys__bluetooth__host.a(buf.c.obj)
                0x00006668                bt_buf_get_rx
 .text.bt_buf_get_evt
                0x00006700       0x3c zephyr/subsys/bluetooth/host/libsubsys__bluetooth__host.a(buf.c.obj)
                0x00006700                bt_buf_get_evt
 .text.bt_buf_destroy_view
                0x0000673c       0x50 zephyr/subsys/bluetooth/host/libsubsys__bluetooth__host.a(buf.c.obj)
                0x0000673c                bt_buf_destroy_view
 .text.bt_buf_make_view
                0x0000678c       0xc0 zephyr/subsys/bluetooth/host/libsubsys__bluetooth__host.a(buf.c.obj)
                0x0000678c                bt_buf_make_view
 .text.hci_disconn_complete_prio
                0x0000684c       0x4c zephyr/subsys/bluetooth/host/libsubsys__bluetooth__host.a(hci_core.c.obj)
 .text.bt_tx_processor_init
                0x00006898       0x30 zephyr/subsys/bluetooth/host/libsubsys__bluetooth__host.a(hci_core.c.obj)
 .text.find_pending_connect.part.0
                0x000068c8       0x2c zephyr/subsys/bluetooth/host/libsubsys__bluetooth__host.a(hci_core.c.obj)
 .text.rx_queue_put
                0x000068f4       0x48 zephyr/subsys/bluetooth/host/libsubsys__bluetooth__host.a(hci_core.c.obj)
 .text.hci_hardware_error
                0x0000693c       0x30 zephyr/subsys/bluetooth/host/libsubsys__bluetooth__host.a(hci_core.c.obj)
 .text.le_data_len_change
                0x0000696c       0x3c zephyr/subsys/bluetooth/host/libsubsys__bluetooth__host.a(hci_core.c.obj)
 .text.le_phy_update_complete
                0x000069a8       0x3c zephyr/subsys/bluetooth/host/libsubsys__bluetooth__host.a(hci_core.c.obj)
 .text.hci_disconn_complete
                0x000069e4       0x4c zephyr/subsys/bluetooth/host/libsubsys__bluetooth__host.a(hci_core.c.obj)
 .text.handle_event_common
                0x00006a30       0x5c zephyr/subsys/bluetooth/host/libsubsys__bluetooth__host.a(hci_core.c.obj)
 .text.handle_event
                0x00006a8c       0x40 zephyr/subsys/bluetooth/host/libsubsys__bluetooth__host.a(hci_core.c.obj)
 .text.hci_le_meta_prio_event
                0x00006acc       0x20 zephyr/subsys/bluetooth/host/libsubsys__bluetooth__host.a(hci_core.c.obj)
 .text.rx_work_handler
                0x00006aec      0x160 zephyr/subsys/bluetooth/host/libsubsys__bluetooth__host.a(hci_core.c.obj)
 .text.hci_le_meta_event
                0x00006c4c       0x20 zephyr/subsys/bluetooth/host/libsubsys__bluetooth__host.a(hci_core.c.obj)
 .text.hci_vendor_event
                0x00006c6c       0x54 zephyr/subsys/bluetooth/host/libsubsys__bluetooth__host.a(hci_core.c.obj)
 .text.hci_data_buf_overflow
                0x00006cc0       0x2c zephyr/subsys/bluetooth/host/libsubsys__bluetooth__host.a(hci_core.c.obj)
 .text.le_remote_feat_complete
                0x00006cec       0x60 zephyr/subsys/bluetooth/host/libsubsys__bluetooth__host.a(hci_core.c.obj)
 .text.bt_hci_recv
                0x00006d4c      0x14c zephyr/subsys/bluetooth/host/libsubsys__bluetooth__host.a(hci_core.c.obj)
                0x00006d4c                bt_hci_recv
 .text.hci_cmd_done
                0x00006e98      0x168 zephyr/subsys/bluetooth/host/libsubsys__bluetooth__host.a(hci_core.c.obj)
 .text.le_conn_update_complete
                0x00007000      0x154 zephyr/subsys/bluetooth/host/libsubsys__bluetooth__host.a(hci_core.c.obj)
 .text.enh_conn_complete_error_handle
                0x00007154       0x78 zephyr/subsys/bluetooth/host/libsubsys__bluetooth__host.a(hci_core.c.obj)
 .text.hci_num_completed_packets
                0x000071cc      0x148 zephyr/subsys/bluetooth/host/libsubsys__bluetooth__host.a(hci_core.c.obj)
 .text.hci_reset_complete
                0x00007314       0x2c zephyr/subsys/bluetooth/host/libsubsys__bluetooth__host.a(hci_core.c.obj)
 .text.bt_hci_cmd_state_set_init
                0x00007340       0x24 zephyr/subsys/bluetooth/host/libsubsys__bluetooth__host.a(hci_core.c.obj)
                0x00007340                bt_hci_cmd_state_set_init
 .text.bt_hci_cmd_alloc
                0x00007364       0x50 zephyr/subsys/bluetooth/host/libsubsys__bluetooth__host.a(hci_core.c.obj)
                0x00007364                bt_hci_cmd_alloc
 .text.bt_security_err_get
                0x000073b4       0x10 zephyr/subsys/bluetooth/host/libsubsys__bluetooth__host.a(hci_core.c.obj)
                0x000073b4                bt_security_err_get
 .text.hci_encrypt_key_refresh_complete
                0x000073c4       0xa0 zephyr/subsys/bluetooth/host/libsubsys__bluetooth__host.a(hci_core.c.obj)
 .text.hci_encrypt_change
                0x00007464       0xcc zephyr/subsys/bluetooth/host/libsubsys__bluetooth__host.a(hci_core.c.obj)
 .text.bt_hci_get_ver_str
                0x00007530       0x2c zephyr/subsys/bluetooth/host/libsubsys__bluetooth__host.a(hci_core.c.obj)
                0x00007530                bt_hci_get_ver_str
 .text.bt_send  0x0000755c       0x14 zephyr/subsys/bluetooth/host/libsubsys__bluetooth__host.a(hci_core.c.obj)
                0x0000755c                bt_send
 .text.bt_finalize_init
                0x00007570      0x11c zephyr/subsys/bluetooth/host/libsubsys__bluetooth__host.a(hci_core.c.obj)
                0x00007570                bt_finalize_init
 .text.bt_get_name
                0x0000768c        0x8 zephyr/subsys/bluetooth/host/libsubsys__bluetooth__host.a(hci_core.c.obj)
                0x0000768c                bt_get_name
 .text.bt_tx_irq_raise
                0x00007694       0x48 zephyr/subsys/bluetooth/host/libsubsys__bluetooth__host.a(hci_core.c.obj)
                0x00007694                bt_tx_irq_raise
 .text.bt_hci_cmd_send
                0x000076dc       0xb0 zephyr/subsys/bluetooth/host/libsubsys__bluetooth__host.a(hci_core.c.obj)
                0x000076dc                bt_hci_cmd_send
 .text.bt_hci_cmd_send_sync
                0x0000778c      0x13c zephyr/subsys/bluetooth/host/libsubsys__bluetooth__host.a(hci_core.c.obj)
                0x0000778c                bt_hci_cmd_send_sync
 .text.bt_hci_le_read_max_data_len
                0x000078c8       0xa0 zephyr/subsys/bluetooth/host/libsubsys__bluetooth__host.a(hci_core.c.obj)
                0x000078c8                bt_hci_le_read_max_data_len
 .text.bt_hci_le_enh_conn_complete
                0x00007968      0x1a8 zephyr/subsys/bluetooth/host/libsubsys__bluetooth__host.a(hci_core.c.obj)
                0x00007968                bt_hci_le_enh_conn_complete
 .text.le_legacy_conn_complete
                0x00007b10       0x7c zephyr/subsys/bluetooth/host/libsubsys__bluetooth__host.a(hci_core.c.obj)
 .text.init_work
                0x00007b8c       0x18 zephyr/subsys/bluetooth/host/libsubsys__bluetooth__host.a(hci_core.c.obj)
 .text.bt_enable
                0x00007ba4       0xe4 zephyr/subsys/bluetooth/host/libsubsys__bluetooth__host.a(hci_core.c.obj)
                0x00007ba4                bt_enable
 .text.le_ltk_request
                0x00007c88       0xd0 zephyr/subsys/bluetooth/host/libsubsys__bluetooth__host.a(hci_core.c.obj)
 .text.le_conn_param_neg_reply
                0x00007d58       0x50 zephyr/subsys/bluetooth/host/libsubsys__bluetooth__host.a(hci_core.c.obj)
 .text.le_conn_param_req
                0x00007da8       0xcc zephyr/subsys/bluetooth/host/libsubsys__bluetooth__host.a(hci_core.c.obj)
 .text.hci_cmd_status
                0x00007e74       0x30 zephyr/subsys/bluetooth/host/libsubsys__bluetooth__host.a(hci_core.c.obj)
 .text.hci_cmd_complete
                0x00007ea4       0x6c zephyr/subsys/bluetooth/host/libsubsys__bluetooth__host.a(hci_core.c.obj)
 .text.tx_processor
                0x00007f10       0xfc zephyr/subsys/bluetooth/host/libsubsys__bluetooth__host.a(hci_core.c.obj)
 .text.bt_hci_evt_create
                0x0000800c       0x50 zephyr/subsys/bluetooth/host/libsubsys__bluetooth__host.a(hci_common.c.obj)
                0x0000800c                bt_hci_evt_create
 .text.id_find  0x0000805c       0x30 zephyr/subsys/bluetooth/host/libsubsys__bluetooth__host.a(id.c.obj)
 .text.id_create.constprop.0
                0x0000808c       0x5c zephyr/subsys/bluetooth/host/libsubsys__bluetooth__host.a(id.c.obj)
 .text.set_random_address
                0x000080e8       0x78 zephyr/subsys/bluetooth/host/libsubsys__bluetooth__host.a(id.c.obj)
 .text.find_rl_conflict
                0x00008160       0xd4 zephyr/subsys/bluetooth/host/libsubsys__bluetooth__host.a(id.c.obj)
 .text.bt_id_pending_keys_update_set
                0x00008234       0x28 zephyr/subsys/bluetooth/host/libsubsys__bluetooth__host.a(id.c.obj)
                0x00008234                bt_id_pending_keys_update_set
 .text.bt_id_pending_keys_update
                0x0000825c       0x34 zephyr/subsys/bluetooth/host/libsubsys__bluetooth__host.a(id.c.obj)
                0x0000825c                bt_id_pending_keys_update
 .text.bt_id_find_conflict
                0x00008290       0x20 zephyr/subsys/bluetooth/host/libsubsys__bluetooth__host.a(id.c.obj)
                0x00008290                bt_id_find_conflict
 .text.bt_id_add
                0x000082b0      0x194 zephyr/subsys/bluetooth/host/libsubsys__bluetooth__host.a(id.c.obj)
                0x000082b0                bt_id_add
 .text.bt_id_del
                0x00008444      0x154 zephyr/subsys/bluetooth/host/libsubsys__bluetooth__host.a(id.c.obj)
                0x00008444                bt_id_del
 .text.bt_id_create
                0x00008598       0xc0 zephyr/subsys/bluetooth/host/libsubsys__bluetooth__host.a(id.c.obj)
                0x00008598                bt_id_create
 .text.bt_id_read_public_addr
                0x00008658       0xa0 zephyr/subsys/bluetooth/host/libsubsys__bluetooth__host.a(id.c.obj)
                0x00008658                bt_id_read_public_addr
 .text.bt_setup_public_id_addr
                0x000086f8       0x20 zephyr/subsys/bluetooth/host/libsubsys__bluetooth__host.a(id.c.obj)
                0x000086f8                bt_setup_public_id_addr
 .text.bt_setup_random_id_addr
                0x00008718       0xe8 zephyr/subsys/bluetooth/host/libsubsys__bluetooth__host.a(id.c.obj)
                0x00008718                bt_setup_random_id_addr
 .text.bt_id_set_adv_own_addr
                0x00008800       0xd4 zephyr/subsys/bluetooth/host/libsubsys__bluetooth__host.a(id.c.obj)
                0x00008800                bt_id_set_adv_own_addr
 .text.bt_id_init
                0x000088d4       0x60 zephyr/subsys/bluetooth/host/libsubsys__bluetooth__host.a(id.c.obj)
                0x000088d4                bt_id_init
 .text.hci_set_ad.constprop.0
                0x00008934       0xd4 zephyr/subsys/bluetooth/host/libsubsys__bluetooth__host.a(adv.c.obj)
 .text.le_adv_update.constprop.0
                0x00008a08       0x58 zephyr/subsys/bluetooth/host/libsubsys__bluetooth__host.a(adv.c.obj)
 .text.bt_le_ext_adv_foreach
                0x00008a60        0xc zephyr/subsys/bluetooth/host/libsubsys__bluetooth__host.a(adv.c.obj)
                0x00008a60                bt_le_ext_adv_foreach
 .text.bt_le_adv_lookup_legacy
                0x00008a6c        0x8 zephyr/subsys/bluetooth/host/libsubsys__bluetooth__host.a(adv.c.obj)
                0x00008a6c                bt_le_adv_lookup_legacy
 .text.bt_le_adv_update_data
                0x00008a74       0x34 zephyr/subsys/bluetooth/host/libsubsys__bluetooth__host.a(adv.c.obj)
                0x00008a74                bt_le_adv_update_data
 .text.bt_le_adv_start
                0x00008aa8      0x3b4 zephyr/subsys/bluetooth/host/libsubsys__bluetooth__host.a(adv.c.obj)
                0x00008aa8                bt_le_adv_start
 .text.bt_le_adv_stop
                0x00008e5c       0x7c zephyr/subsys/bluetooth/host/libsubsys__bluetooth__host.a(adv.c.obj)
                0x00008e5c                bt_le_adv_stop
 .text.adv_timeout
                0x00008ed8       0x2c zephyr/subsys/bluetooth/host/libsubsys__bluetooth__host.a(adv.c.obj)
 .text.sys_memcpy_swap.constprop.0
                0x00008f04       0x58 zephyr/subsys/bluetooth/host/libsubsys__bluetooth__host.a(ecc.c.obj)
 .text.generate_pub_key
                0x00008f5c      0x15c zephyr/subsys/bluetooth/host/libsubsys__bluetooth__host.a(ecc.c.obj)
 .text.generate_dh_key
                0x000090b8      0x114 zephyr/subsys/bluetooth/host/libsubsys__bluetooth__host.a(ecc.c.obj)
 .text.bt_pub_key_is_debug
                0x000091cc       0x18 zephyr/subsys/bluetooth/host/libsubsys__bluetooth__host.a(ecc.c.obj)
                0x000091cc                bt_pub_key_is_debug
 .text.bt_pub_key_is_valid
                0x000091e4       0x90 zephyr/subsys/bluetooth/host/libsubsys__bluetooth__host.a(ecc.c.obj)
                0x000091e4                bt_pub_key_is_valid
 .text.bt_pub_key_gen
                0x00009274       0xb8 zephyr/subsys/bluetooth/host/libsubsys__bluetooth__host.a(ecc.c.obj)
                0x00009274                bt_pub_key_gen
 .text.bt_pub_key_get
                0x0000932c       0x20 zephyr/subsys/bluetooth/host/libsubsys__bluetooth__host.a(ecc.c.obj)
                0x0000932c                bt_pub_key_get
 .text.bt_dh_key_gen
                0x0000934c       0x98 zephyr/subsys/bluetooth/host/libsubsys__bluetooth__host.a(ecc.c.obj)
                0x0000934c                bt_dh_key_gen
 .text.frag_destroy
                0x000093e4       0x20 zephyr/subsys/bluetooth/host/libsubsys__bluetooth__host.a(conn.c.obj)
 .text.notify_connected
                0x00009404       0x70 zephyr/subsys/bluetooth/host/libsubsys__bluetooth__host.a(conn.c.obj)
 .text.k_current_get
                0x00009474       0x48 zephyr/subsys/bluetooth/host/libsubsys__bluetooth__host.a(conn.c.obj)
 .text.acl_get_and_clear_cb
                0x000094bc       0x48 zephyr/subsys/bluetooth/host/libsubsys__bluetooth__host.a(conn.c.obj)
 .text.perform_auto_initiated_procedures
                0x00009504       0xcc zephyr/subsys/bluetooth/host/libsubsys__bluetooth__host.a(conn.c.obj)
 .text.recycled_work_handler
                0x000095d0       0x84 zephyr/subsys/bluetooth/host/libsubsys__bluetooth__host.a(conn.c.obj)
 .text.tx_notify_process
                0x00009654       0x8c zephyr/subsys/bluetooth/host/libsubsys__bluetooth__host.a(conn.c.obj)
 .text.bt_conn_get_pkts
                0x000096e0       0x18 zephyr/subsys/bluetooth/host/libsubsys__bluetooth__host.a(conn.c.obj)
                0x000096e0                bt_conn_get_pkts
 .text.bt_conn_tx_notify
                0x000096f8       0x74 zephyr/subsys/bluetooth/host/libsubsys__bluetooth__host.a(conn.c.obj)
                0x000096f8                bt_conn_tx_notify
 .text.bt_conn_new
                0x0000976c       0x64 zephyr/subsys/bluetooth/host/libsubsys__bluetooth__host.a(conn.c.obj)
                0x0000976c                bt_conn_new
 .text.bt_conn_recv
                0x000097d0      0x130 zephyr/subsys/bluetooth/host/libsubsys__bluetooth__host.a(conn.c.obj)
                0x000097d0                bt_conn_recv
 .text.bt_conn_ref
                0x00009900       0x60 zephyr/subsys/bluetooth/host/libsubsys__bluetooth__host.a(conn.c.obj)
                0x00009900                bt_conn_ref
 .text.bt_conn_unref
                0x00009960       0xdc zephyr/subsys/bluetooth/host/libsubsys__bluetooth__host.a(conn.c.obj)
                0x00009960                bt_conn_unref
 .text.bt_conn_data_ready
                0x00009a3c       0x48 zephyr/subsys/bluetooth/host/libsubsys__bluetooth__host.a(conn.c.obj)
                0x00009a3c                bt_conn_data_ready
 .text.bt_conn_set_state
                0x00009a84      0x188 zephyr/subsys/bluetooth/host/libsubsys__bluetooth__host.a(conn.c.obj)
                0x00009a84                bt_conn_set_state
 .text.bt_conn_foreach
                0x00009c0c       0x30 zephyr/subsys/bluetooth/host/libsubsys__bluetooth__host.a(conn.c.obj)
                0x00009c0c                bt_conn_foreach
 .text.auto_initiated_procedures
                0x00009c3c       0x10 zephyr/subsys/bluetooth/host/libsubsys__bluetooth__host.a(conn.c.obj)
 .text.bt_conn_lookup_handle
                0x00009c4c       0x58 zephyr/subsys/bluetooth/host/libsubsys__bluetooth__host.a(conn.c.obj)
                0x00009c4c                bt_conn_lookup_handle
 .text.bt_conn_index
                0x00009ca4       0x60 zephyr/subsys/bluetooth/host/libsubsys__bluetooth__host.a(conn.c.obj)
                0x00009ca4                bt_conn_index
 .text.bt_conn_create_pdu_timeout
                0x00009d04       0xa0 zephyr/subsys/bluetooth/host/libsubsys__bluetooth__host.a(conn.c.obj)
                0x00009d04                bt_conn_create_pdu_timeout
 .text.bt_conn_connected
                0x00009da4       0x20 zephyr/subsys/bluetooth/host/libsubsys__bluetooth__host.a(conn.c.obj)
                0x00009da4                bt_conn_connected
 .text.bt_conn_disconnect
                0x00009dc4       0x78 zephyr/subsys/bluetooth/host/libsubsys__bluetooth__host.a(conn.c.obj)
                0x00009dc4                bt_conn_disconnect
 .text.bt_conn_tx_processor
                0x00009e3c      0x41c zephyr/subsys/bluetooth/host/libsubsys__bluetooth__host.a(conn.c.obj)
                0x00009e3c                bt_conn_tx_processor
 .text.bt_conn_notify_le_param_updated
                0x0000a258       0xd4 zephyr/subsys/bluetooth/host/libsubsys__bluetooth__host.a(conn.c.obj)
                0x0000a258                bt_conn_notify_le_param_updated
 .text.bt_conn_le_param_req
                0x0000a32c       0xa8 zephyr/subsys/bluetooth/host/libsubsys__bluetooth__host.a(conn.c.obj)
                0x0000a32c                bt_conn_le_param_req
 .text.bt_conn_identity_resolved
                0x0000a3d4       0x90 zephyr/subsys/bluetooth/host/libsubsys__bluetooth__host.a(conn.c.obj)
                0x0000a3d4                bt_conn_identity_resolved
 .text.bt_conn_security_changed
                0x0000a464       0x80 zephyr/subsys/bluetooth/host/libsubsys__bluetooth__host.a(conn.c.obj)
                0x0000a464                bt_conn_security_changed
 .text.bt_conn_add_le
                0x0000a4e4       0x58 zephyr/subsys/bluetooth/host/libsubsys__bluetooth__host.a(conn.c.obj)
                0x0000a4e4                bt_conn_add_le
 .text.bt_conn_lookup_addr_le
                0x0000a53c       0x34 zephyr/subsys/bluetooth/host/libsubsys__bluetooth__host.a(conn.c.obj)
                0x0000a53c                bt_conn_lookup_addr_le
 .text.bt_conn_exists_le
                0x0000a570       0x5c zephyr/subsys/bluetooth/host/libsubsys__bluetooth__host.a(conn.c.obj)
                0x0000a570                bt_conn_exists_le
 .text.bt_conn_lookup_state_le
                0x0000a5cc       0x44 zephyr/subsys/bluetooth/host/libsubsys__bluetooth__host.a(conn.c.obj)
                0x0000a5cc                bt_conn_lookup_state_le
 .text.bt_conn_dst_tmp_str
                0x0000a610       0xb4 zephyr/subsys/bluetooth/host/libsubsys__bluetooth__host.a(conn.c.obj)
                0x0000a610                bt_conn_dst_tmp_str
 .text.send_conn_le_param_update
                0x0000a6c4       0x6c zephyr/subsys/bluetooth/host/libsubsys__bluetooth__host.a(conn.c.obj)
 .text.deferred_work
                0x0000a730      0x150 zephyr/subsys/bluetooth/host/libsubsys__bluetooth__host.a(conn.c.obj)
 .text.bt_conn_init
                0x0000a880       0x4c zephyr/subsys/bluetooth/host/libsubsys__bluetooth__host.a(conn.c.obj)
                0x0000a880                bt_conn_init
 .text.lower_data_ready
                0x0000a8cc       0x4c zephyr/subsys/bluetooth/host/libsubsys__bluetooth__host.a(l2cap.c.obj)
 .text.l2cap_accept
                0x0000a918       0x40 zephyr/subsys/bluetooth/host/libsubsys__bluetooth__host.a(l2cap.c.obj)
 .text.bt_l2cap_create_pdu_timeout
                0x0000a958       0x70 zephyr/subsys/bluetooth/host/libsubsys__bluetooth__host.a(l2cap.c.obj)
                0x0000a958                bt_l2cap_create_pdu_timeout
 .text.l2cap_create_le_sig_pdu
                0x0000a9c8       0x50 zephyr/subsys/bluetooth/host/libsubsys__bluetooth__host.a(l2cap.c.obj)
 .text.bt_l2cap_send_pdu
                0x0000aa18       0x60 zephyr/subsys/bluetooth/host/libsubsys__bluetooth__host.a(l2cap.c.obj)
                0x0000aa18                bt_l2cap_send_pdu
 .text.l2cap_data_pull
                0x0000aa78      0x138 zephyr/subsys/bluetooth/host/libsubsys__bluetooth__host.a(l2cap.c.obj)
                0x0000aa78                l2cap_data_pull
 .text.bt_l2cap_connected
                0x0000abb0      0x138 zephyr/subsys/bluetooth/host/libsubsys__bluetooth__host.a(l2cap.c.obj)
                0x0000abb0                bt_l2cap_connected
 .text.l2cap_recv
                0x0000ace8       0xd0 zephyr/subsys/bluetooth/host/libsubsys__bluetooth__host.a(l2cap.c.obj)
 .text.bt_l2cap_recv
                0x0000adb8       0x70 zephyr/subsys/bluetooth/host/libsubsys__bluetooth__host.a(l2cap.c.obj)
                0x0000adb8                bt_l2cap_recv
 .text.bt_l2cap_update_conn_param
                0x0000ae28       0x58 zephyr/subsys/bluetooth/host/libsubsys__bluetooth__host.a(l2cap.c.obj)
                0x0000ae28                bt_l2cap_update_conn_param
 .text.att_op_get_type
                0x0000ae80       0x74 zephyr/subsys/bluetooth/host/libsubsys__bluetooth__host.a(att.c.obj)
 .text.bt_att_released
                0x0000aef4        0xc zephyr/subsys/bluetooth/host/libsubsys__bluetooth__host.a(att.c.obj)
 .text.k_current_get
                0x0000af00       0x48 zephyr/subsys/bluetooth/host/libsubsys__bluetooth__host.a(att.c.obj)
 .text.att_get_tx_meta_data
                0x0000af48       0x4c zephyr/subsys/bluetooth/host/libsubsys__bluetooth__host.a(att.c.obj)
 .text.att_create_rsp_pdu
                0x0000af94       0x60 zephyr/subsys/bluetooth/host/libsubsys__bluetooth__host.a(att.c.obj)
 .text.att_tx_destroy
                0x0000aff4       0xe0 zephyr/subsys/bluetooth/host/libsubsys__bluetooth__host.a(att.c.obj)
 .text.bt_att_chan_create_pdu
                0x0000b0d4       0xa8 zephyr/subsys/bluetooth/host/libsubsys__bluetooth__host.a(att.c.obj)
 .text.chan_send
                0x0000b17c      0x110 zephyr/subsys/bluetooth/host/libsubsys__bluetooth__host.a(att.c.obj)
 .text.send_err_rsp
                0x0000b28c       0x58 zephyr/subsys/bluetooth/host/libsubsys__bluetooth__host.a(att.c.obj)
 .text.bt_att_recv
                0x0000b2e4       0xe8 zephyr/subsys/bluetooth/host/libsubsys__bluetooth__host.a(att.c.obj)
 .text.att_find_info_req
                0x0000b3cc       0x6c zephyr/subsys/bluetooth/host/libsubsys__bluetooth__host.a(att.c.obj)
 .text.bt_att_connected
                0x0000b438       0x40 zephyr/subsys/bluetooth/host/libsubsys__bluetooth__host.a(att.c.obj)
 .text.att_write_rsp.constprop.0
                0x0000b478       0xd4 zephyr/subsys/bluetooth/host/libsubsys__bluetooth__host.a(att.c.obj)
 .text.att_read_rsp
                0x0000b54c       0x90 zephyr/subsys/bluetooth/host/libsubsys__bluetooth__host.a(att.c.obj)
 .text.att_read_mult_req
                0x0000b5dc       0x94 zephyr/subsys/bluetooth/host/libsubsys__bluetooth__host.a(att.c.obj)
 .text.att_read_mult_vl_req
                0x0000b670       0x94 zephyr/subsys/bluetooth/host/libsubsys__bluetooth__host.a(att.c.obj)
 .text.att_find_type_req
                0x0000b704       0xc0 zephyr/subsys/bluetooth/host/libsubsys__bluetooth__host.a(att.c.obj)
 .text.att_read_type_req
                0x0000b7c4      0x114 zephyr/subsys/bluetooth/host/libsubsys__bluetooth__host.a(att.c.obj)
 .text.att_read_group_req
                0x0000b8d8       0xf0 zephyr/subsys/bluetooth/host/libsubsys__bluetooth__host.a(att.c.obj)
 .text.find_type_cb
                0x0000b9c8      0x168 zephyr/subsys/bluetooth/host/libsubsys__bluetooth__host.a(att.c.obj)
 .text.read_group_cb
                0x0000bb30       0xb8 zephyr/subsys/bluetooth/host/libsubsys__bluetooth__host.a(att.c.obj)
 .text.read_type_cb
                0x0000bbe8       0xc0 zephyr/subsys/bluetooth/host/libsubsys__bluetooth__host.a(att.c.obj)
 .text.bt_att_accept
                0x0000bca8       0xf8 zephyr/subsys/bluetooth/host/libsubsys__bluetooth__host.a(att.c.obj)
 .text.att_get  0x0000bda0       0x70 zephyr/subsys/bluetooth/host/libsubsys__bluetooth__host.a(att.c.obj)
 .text.att_tx_destroy_work_handler
                0x0000be10      0x21c zephyr/subsys/bluetooth/host/libsubsys__bluetooth__host.a(att.c.obj)
 .text.bt_att_create_pdu
                0x0000c02c       0x74 zephyr/subsys/bluetooth/host/libsubsys__bluetooth__host.a(att.c.obj)
                0x0000c02c                bt_att_create_pdu
 .text.bt_att_req_alloc
                0x0000c0a0       0x54 zephyr/subsys/bluetooth/host/libsubsys__bluetooth__host.a(att.c.obj)
                0x0000c0a0                bt_att_req_alloc
 .text.bt_att_req_free
                0x0000c0f4       0x20 zephyr/subsys/bluetooth/host/libsubsys__bluetooth__host.a(att.c.obj)
                0x0000c0f4                bt_att_req_free
 .text.att_handle_rsp.isra.0
                0x0000c114       0x80 zephyr/subsys/bluetooth/host/libsubsys__bluetooth__host.a(att.c.obj)
 .text.bt_att_disconnected
                0x0000c194       0xc8 zephyr/subsys/bluetooth/host/libsubsys__bluetooth__host.a(att.c.obj)
 .text.att_disconnect
                0x0000c25c       0x38 zephyr/subsys/bluetooth/host/libsubsys__bluetooth__host.a(att.c.obj)
 .text.att_timeout
                0x0000c294       0x3c zephyr/subsys/bluetooth/host/libsubsys__bluetooth__host.a(att.c.obj)
 .text.bt_att_encrypt_change
                0x0000c2d0       0xa0 zephyr/subsys/bluetooth/host/libsubsys__bluetooth__host.a(att.c.obj)
 .text.bt_att_send
                0x0000c370       0xa0 zephyr/subsys/bluetooth/host/libsubsys__bluetooth__host.a(att.c.obj)
                0x0000c370                bt_att_send
 .text.bt_att_req_send
                0x0000c410       0x7c zephyr/subsys/bluetooth/host/libsubsys__bluetooth__host.a(att.c.obj)
                0x0000c410                bt_att_req_send
 .text.find_cf_cfg
                0x0000c48c       0x64 zephyr/subsys/bluetooth/host/libsubsys__bluetooth__host.a(gatt.c.obj)
 .text.find_sc_cfg
                0x0000c4f0       0x44 zephyr/subsys/bluetooth/host/libsubsys__bluetooth__host.a(gatt.c.obj)
 .text.find_ccc_cfg
                0x0000c534       0x48 zephyr/subsys/bluetooth/host/libsubsys__bluetooth__host.a(gatt.c.obj)
 .text.bt_gatt_attr_write_ccc
                0x0000c57c       0xc8 zephyr/subsys/bluetooth/host/libsubsys__bluetooth__host.a(gatt.c.obj)
                0x0000c57c                bt_gatt_attr_write_ccc
 .text.db_hash_update
                0x0000c644       0x30 zephyr/subsys/bluetooth/host/libsubsys__bluetooth__host.a(gatt.c.obj)
 .text.clear_cf_cfg
                0x0000c674       0x2c zephyr/subsys/bluetooth/host/libsubsys__bluetooth__host.a(gatt.c.obj)
 .text.sc_save  0x0000c6a0       0xa8 zephyr/subsys/bluetooth/host/libsubsys__bluetooth__host.a(gatt.c.obj)
 .text.disconnected_cb
                0x0000c748       0xb4 zephyr/subsys/bluetooth/host/libsubsys__bluetooth__host.a(gatt.c.obj)
 .text.cf_write
                0x0000c7fc       0xa4 zephyr/subsys/bluetooth/host/libsubsys__bluetooth__host.a(gatt.c.obj)
 .text.sc_indicate_rsp
                0x0000c8a0       0x58 zephyr/subsys/bluetooth/host/libsubsys__bluetooth__host.a(gatt.c.obj)
 .text.bt_gatt_init
                0x0000c8f8       0xac zephyr/subsys/bluetooth/host/libsubsys__bluetooth__host.a(gatt.c.obj)
                0x0000c8f8                bt_gatt_init
 .text.bt_gatt_attr_get_handle
                0x0000c9a4       0x90 zephyr/subsys/bluetooth/host/libsubsys__bluetooth__host.a(gatt.c.obj)
                0x0000c9a4                bt_gatt_attr_get_handle
 .text.bt_gatt_foreach_attr_type
                0x0000ca34       0xe0 zephyr/subsys/bluetooth/host/libsubsys__bluetooth__host.a(gatt.c.obj)
                0x0000ca34                bt_gatt_foreach_attr_type
 .text.db_hash_gen
                0x0000cb14      0x11c zephyr/subsys/bluetooth/host/libsubsys__bluetooth__host.a(gatt.c.obj)
 .text.db_hash_read
                0x0000cc30       0x6c zephyr/subsys/bluetooth/host/libsubsys__bluetooth__host.a(gatt.c.obj)
 .text.db_hash_process
                0x0000cc9c       0x1c zephyr/subsys/bluetooth/host/libsubsys__bluetooth__host.a(gatt.c.obj)
 .text.bt_gatt_attr_next
                0x0000ccb8       0x24 zephyr/subsys/bluetooth/host/libsubsys__bluetooth__host.a(gatt.c.obj)
                0x0000ccb8                bt_gatt_attr_next
 .text.bt_gatt_is_subscribed
                0x0000ccdc      0x218 zephyr/subsys/bluetooth/host/libsubsys__bluetooth__host.a(gatt.c.obj)
                0x0000ccdc                bt_gatt_is_subscribed
 .text.gatt_indicate
                0x0000cef4       0xb0 zephyr/subsys/bluetooth/host/libsubsys__bluetooth__host.a(gatt.c.obj)
 .text.bt_gatt_indicate
                0x0000cfa4      0x144 zephyr/subsys/bluetooth/host/libsubsys__bluetooth__host.a(gatt.c.obj)
                0x0000cfa4                bt_gatt_indicate
 .text.sc_process
                0x0000d0e8       0xa4 zephyr/subsys/bluetooth/host/libsubsys__bluetooth__host.a(gatt.c.obj)
 .text.update_ccc
                0x0000d18c      0x11c zephyr/subsys/bluetooth/host/libsubsys__bluetooth__host.a(gatt.c.obj)
 .text.bt_gatt_notify_cb
                0x0000d2a8      0x13c zephyr/subsys/bluetooth/host/libsubsys__bluetooth__host.a(gatt.c.obj)
                0x0000d2a8                bt_gatt_notify_cb
 .text.notify_cb
                0x0000d3e4      0x118 zephyr/subsys/bluetooth/host/libsubsys__bluetooth__host.a(gatt.c.obj)
 .text.bt_gatt_connected
                0x0000d4fc       0x58 zephyr/subsys/bluetooth/host/libsubsys__bluetooth__host.a(gatt.c.obj)
                0x0000d4fc                bt_gatt_connected
 .text.bt_gatt_att_max_mtu_changed
                0x0000d554       0x40 zephyr/subsys/bluetooth/host/libsubsys__bluetooth__host.a(gatt.c.obj)
                0x0000d554                bt_gatt_att_max_mtu_changed
 .text.bt_gatt_encrypt_change
                0x0000d594       0x28 zephyr/subsys/bluetooth/host/libsubsys__bluetooth__host.a(gatt.c.obj)
                0x0000d594                bt_gatt_encrypt_change
 .text.bt_gatt_disconnected
                0x0000d5bc       0x48 zephyr/subsys/bluetooth/host/libsubsys__bluetooth__host.a(gatt.c.obj)
                0x0000d5bc                bt_gatt_disconnected
 .text.gatt_gap_svc_validate
                0x0000d604       0x40 zephyr/subsys/bluetooth/host/libsubsys__bluetooth__host.a(gatt_gap_svc_validate.c.obj)
                0x0000d604                gatt_gap_svc_validate
 .text.smp_find
                0x0000d644       0x1c zephyr/subsys/bluetooth/host/libsubsys__bluetooth__host.a(smp.c.obj)
 .text.latch_auth_cb
                0x0000d660       0x3c zephyr/subsys/bluetooth/host/libsubsys__bluetooth__host.a(smp.c.obj)
 .text.get_io_capa
                0x0000d69c       0x48 zephyr/subsys/bluetooth/host/libsubsys__bluetooth__host.a(smp.c.obj)
 .text.smp_send.constprop.0
                0x0000d6e4       0x54 zephyr/subsys/bluetooth/host/libsubsys__bluetooth__host.a(smp.c.obj)
 .text.smp_chan_get
                0x0000d738       0x34 zephyr/subsys/bluetooth/host/libsubsys__bluetooth__host.a(smp.c.obj)
 .text.bt_smp_accept
                0x0000d76c       0x48 zephyr/subsys/bluetooth/host/libsubsys__bluetooth__host.a(smp.c.obj)
 .text.smp_dhkey_generate
                0x0000d7b4       0x4c zephyr/subsys/bluetooth/host/libsubsys__bluetooth__host.a(smp.c.obj)
 .text.smp_init
                0x0000d800       0x38 zephyr/subsys/bluetooth/host/libsubsys__bluetooth__host.a(smp.c.obj)
 .text.smp_ident_info
                0x0000d838       0x78 zephyr/subsys/bluetooth/host/libsubsys__bluetooth__host.a(smp.c.obj)
 .text.smp_pairing_random
                0x0000d8b0      0x194 zephyr/subsys/bluetooth/host/libsubsys__bluetooth__host.a(smp.c.obj)
 .text.compute_and_check_and_send_periph_dhcheck
                0x0000da44      0x1a4 zephyr/subsys/bluetooth/host/libsubsys__bluetooth__host.a(smp.c.obj)
 .text.smp_send_pairing_confirm
                0x0000dbe8       0x98 zephyr/subsys/bluetooth/host/libsubsys__bluetooth__host.a(smp.c.obj)
 .text.smp_pairing_confirm
                0x0000dc80       0x80 zephyr/subsys/bluetooth/host/libsubsys__bluetooth__host.a(smp.c.obj)
 .text.smp_public_key_periph
                0x0000dd00      0x178 zephyr/subsys/bluetooth/host/libsubsys__bluetooth__host.a(smp.c.obj)
 .text.smp_public_key
                0x0000de78       0xd8 zephyr/subsys/bluetooth/host/libsubsys__bluetooth__host.a(smp.c.obj)
 .text.bt_smp_connected
                0x0000df50       0x54 zephyr/subsys/bluetooth/host/libsubsys__bluetooth__host.a(smp.c.obj)
 .text.get_auth
                0x0000dfa4       0x68 zephyr/subsys/bluetooth/host/libsubsys__bluetooth__host.a(smp.c.obj)
 .text.smp_pairing_req
                0x0000e00c      0x1ec zephyr/subsys/bluetooth/host/libsubsys__bluetooth__host.a(smp.c.obj)
 .text.bt_smp_start_security
                0x0000e1f8      0x184 zephyr/subsys/bluetooth/host/libsubsys__bluetooth__host.a(smp.c.obj)
                0x0000e1f8                bt_smp_start_security
 .text.smp_pairing_complete
                0x0000e37c      0x124 zephyr/subsys/bluetooth/host/libsubsys__bluetooth__host.a(smp.c.obj)
 .text.smp_error
                0x0000e4a0       0xb0 zephyr/subsys/bluetooth/host/libsubsys__bluetooth__host.a(smp.c.obj)
 .text.bt_smp_pkey_ready
                0x0000e550       0xb4 zephyr/subsys/bluetooth/host/libsubsys__bluetooth__host.a(smp.c.obj)
 .text.bt_smp_recv
                0x0000e604      0x128 zephyr/subsys/bluetooth/host/libsubsys__bluetooth__host.a(smp.c.obj)
 .text.smp_ident_addr_info
                0x0000e72c      0x1f0 zephyr/subsys/bluetooth/host/libsubsys__bluetooth__host.a(smp.c.obj)
 .text.smp_pairing_failed
                0x0000e91c       0x6c zephyr/subsys/bluetooth/host/libsubsys__bluetooth__host.a(smp.c.obj)
 .text.bt_smp_encrypt_change
                0x0000e988      0x11c zephyr/subsys/bluetooth/host/libsubsys__bluetooth__host.a(smp.c.obj)
 .text.smp_timeout
                0x0000eaa4       0x58 zephyr/subsys/bluetooth/host/libsubsys__bluetooth__host.a(smp.c.obj)
 .text.bt_smp_update_keys
                0x0000eafc      0x144 zephyr/subsys/bluetooth/host/libsubsys__bluetooth__host.a(smp.c.obj)
                0x0000eafc                bt_smp_update_keys
 .text.bt_smp_init
                0x0000ec40       0x1c zephyr/subsys/bluetooth/host/libsubsys__bluetooth__host.a(smp.c.obj)
                0x0000ec40                bt_smp_init
 .text.bt_keys_get_addr
                0x0000ec5c       0x7c zephyr/subsys/bluetooth/host/libsubsys__bluetooth__host.a(keys.c.obj)
                0x0000ec5c                bt_keys_get_addr
 .text.bt_keys_foreach_type
                0x0000ecd8       0x48 zephyr/subsys/bluetooth/host/libsubsys__bluetooth__host.a(keys.c.obj)
                0x0000ecd8                bt_keys_foreach_type
 .text.bt_keys_find
                0x0000ed20       0x54 zephyr/subsys/bluetooth/host/libsubsys__bluetooth__host.a(keys.c.obj)
                0x0000ed20                bt_keys_find
 .text.bt_keys_find_irk
                0x0000ed74       0xa4 zephyr/subsys/bluetooth/host/libsubsys__bluetooth__host.a(keys.c.obj)
                0x0000ed74                bt_keys_find_irk
 .text.bt_keys_find_addr
                0x0000ee18       0x4c zephyr/subsys/bluetooth/host/libsubsys__bluetooth__host.a(keys.c.obj)
                0x0000ee18                bt_keys_find_addr
 .text.bt_keys_add_type
                0x0000ee64       0x30 zephyr/subsys/bluetooth/host/libsubsys__bluetooth__host.a(keys.c.obj)
                0x0000ee64                bt_keys_add_type
 .text.bt_keys_get_type
                0x0000ee94       0x48 zephyr/subsys/bluetooth/host/libsubsys__bluetooth__host.a(keys.c.obj)
                0x0000ee94                bt_keys_get_type
 .text.bt_keys_clear
                0x0000eedc       0x44 zephyr/subsys/bluetooth/host/libsubsys__bluetooth__host.a(keys.c.obj)
                0x0000eedc                bt_keys_clear
 .text.sys_memcpy_swap
                0x0000ef20       0x58 zephyr/subsys/bluetooth/crypto/libsubsys__bluetooth__crypto.a(bt_crypto.c.obj)
 .text.bt_crypto_f5
                0x0000ef78       0xd0 zephyr/subsys/bluetooth/crypto/libsubsys__bluetooth__crypto.a(bt_crypto.c.obj)
                0x0000ef78                bt_crypto_f5
 .text.bt_crypto_g2
                0x0000f048       0x5c zephyr/subsys/bluetooth/crypto/libsubsys__bluetooth__crypto.a(bt_crypto.c.obj)
                0x0000f048                bt_crypto_g2
 .text.bt_crypto_aes_cmac
                0x0000f0a4       0xa4 zephyr/subsys/bluetooth/crypto/libsubsys__bluetooth__crypto.a(bt_crypto_psa.c.obj)
                0x0000f0a4                bt_crypto_aes_cmac
 .text.mem_init
                0x0000f148       0x48 zephyr/subsys/bluetooth/controller/libsubsys__bluetooth__controller.a(mem.c.obj)
                0x0000f148                mem_init
 .text.mem_acquire
                0x0000f190       0x2c zephyr/subsys/bluetooth/controller/libsubsys__bluetooth__controller.a(mem.c.obj)
                0x0000f190                mem_acquire
 .text.mem_release
                0x0000f1bc       0x28 zephyr/subsys/bluetooth/controller/libsubsys__bluetooth__controller.a(mem.c.obj)
                0x0000f1bc                mem_release
 .text.mem_get  0x0000f1e4        0x8 zephyr/subsys/bluetooth/controller/libsubsys__bluetooth__controller.a(mem.c.obj)
                0x0000f1e4                mem_get
 .text.mem_index_get
                0x0000f1ec        0xc zephyr/subsys/bluetooth/controller/libsubsys__bluetooth__controller.a(mem.c.obj)
                0x0000f1ec                mem_index_get
 .text.mem_rcopy
                0x0000f1f8       0x1c zephyr/subsys/bluetooth/controller/libsubsys__bluetooth__controller.a(mem.c.obj)
                0x0000f1f8                mem_rcopy
 .text.mem_nz   0x0000f214       0x18 zephyr/subsys/bluetooth/controller/libsubsys__bluetooth__controller.a(mem.c.obj)
                0x0000f214                mem_nz
 .text.memq_init
                0x0000f22c        0x8 zephyr/subsys/bluetooth/controller/libsubsys__bluetooth__controller.a(memq.c.obj)
                0x0000f22c                memq_init
 .text.memq_deinit
                0x0000f234       0x14 zephyr/subsys/bluetooth/controller/libsubsys__bluetooth__controller.a(memq.c.obj)
                0x0000f234                memq_deinit
 .text.memq_enqueue
                0x0000f248       0x14 zephyr/subsys/bluetooth/controller/libsubsys__bluetooth__controller.a(memq.c.obj)
                0x0000f248                memq_enqueue
 .text.memq_peek
                0x0000f25c       0x10 zephyr/subsys/bluetooth/controller/libsubsys__bluetooth__controller.a(memq.c.obj)
                0x0000f25c                memq_peek
 .text.memq_dequeue
                0x0000f26c       0x20 zephyr/subsys/bluetooth/controller/libsubsys__bluetooth__controller.a(memq.c.obj)
                0x0000f26c                memq_dequeue
 .text.mayfly_init
                0x0000f28c       0x48 zephyr/subsys/bluetooth/controller/libsubsys__bluetooth__controller.a(mayfly.c.obj)
                0x0000f28c                mayfly_init
 .text.mayfly_enable
                0x0000f2d4       0x68 zephyr/subsys/bluetooth/controller/libsubsys__bluetooth__controller.a(mayfly.c.obj)
                0x0000f2d4                mayfly_enable
 .text.mayfly_enqueue
                0x0000f33c       0xc4 zephyr/subsys/bluetooth/controller/libsubsys__bluetooth__controller.a(mayfly.c.obj)
                0x0000f33c                mayfly_enqueue
 .text.mayfly_run
                0x0000f400      0x170 zephyr/subsys/bluetooth/controller/libsubsys__bluetooth__controller.a(mayfly.c.obj)
                0x0000f400                mayfly_run
 .text.util_ones_count_get
                0x0000f570       0x28 zephyr/subsys/bluetooth/controller/libsubsys__bluetooth__controller.a(util.c.obj)
                0x0000f570                util_ones_count_get
 .text.ticker_dequeue
                0x0000f598       0x64 zephyr/subsys/bluetooth/controller/libsubsys__bluetooth__controller.a(ticker.c.obj)
 .text.ticks_to_expire_prep
                0x0000f5fc       0x48 zephyr/subsys/bluetooth/controller/libsubsys__bluetooth__controller.a(ticker.c.obj)
 .text.start_us.isra.0
                0x0000f644       0x9c zephyr/subsys/bluetooth/controller/libsubsys__bluetooth__controller.a(ticker.c.obj)
 .text.ticker_job_list_insert
                0x0000f6e0      0x1fc zephyr/subsys/bluetooth/controller/libsubsys__bluetooth__controller.a(ticker.c.obj)
 .text.ticker_worker
                0x0000f8dc      0x3d4 zephyr/subsys/bluetooth/controller/libsubsys__bluetooth__controller.a(ticker.c.obj)
                0x0000f8dc                ticker_worker
 .text.ticker_job
                0x0000fcb0      0x93c zephyr/subsys/bluetooth/controller/libsubsys__bluetooth__controller.a(ticker.c.obj)
                0x0000fcb0                ticker_job
 .text.ticker_init
                0x000105ec       0x64 zephyr/subsys/bluetooth/controller/libsubsys__bluetooth__controller.a(ticker.c.obj)
                0x000105ec                ticker_init
 .text.ticker_deinit
                0x00010650       0x20 zephyr/subsys/bluetooth/controller/libsubsys__bluetooth__controller.a(ticker.c.obj)
                0x00010650                ticker_deinit
 .text.ticker_trigger
                0x00010670       0x24 zephyr/subsys/bluetooth/controller/libsubsys__bluetooth__controller.a(ticker.c.obj)
                0x00010670                ticker_trigger
 .text.ticker_start
                0x00010694       0x38 zephyr/subsys/bluetooth/controller/libsubsys__bluetooth__controller.a(ticker.c.obj)
                0x00010694                ticker_start
 .text.ticker_start_ext
                0x000106cc       0x10 zephyr/subsys/bluetooth/controller/libsubsys__bluetooth__controller.a(ticker.c.obj)
                0x000106cc                ticker_start_ext
 .text.ticker_update_ext
                0x000106dc       0x9c zephyr/subsys/bluetooth/controller/libsubsys__bluetooth__controller.a(ticker.c.obj)
                0x000106dc                ticker_update_ext
 .text.ticker_update
                0x00010778       0x30 zephyr/subsys/bluetooth/controller/libsubsys__bluetooth__controller.a(ticker.c.obj)
                0x00010778                ticker_update
 .text.ticker_stop
                0x000107a8       0x6c zephyr/subsys/bluetooth/controller/libsubsys__bluetooth__controller.a(ticker.c.obj)
                0x000107a8                ticker_stop
 .text.ticker_stop_abs
                0x00010814       0x70 zephyr/subsys/bluetooth/controller/libsubsys__bluetooth__controller.a(ticker.c.obj)
                0x00010814                ticker_stop_abs
 .text.ticker_ticks_now_get
                0x00010884        0x4 zephyr/subsys/bluetooth/controller/libsubsys__bluetooth__controller.a(ticker.c.obj)
                0x00010884                ticker_ticks_now_get
 .text.ticker_ticks_diff_get
                0x00010888        0x8 zephyr/subsys/bluetooth/controller/libsubsys__bluetooth__controller.a(ticker.c.obj)
                0x00010888                ticker_ticks_diff_get
 .text.ll_feat_get
                0x00010890        0xc zephyr/subsys/bluetooth/controller/libsubsys__bluetooth__controller.a(ll_feat.c.obj)
                0x00010890                ll_feat_get
 .text.ll_tx_pwr_lvl_get
                0x0001089c       0x20 zephyr/subsys/bluetooth/controller/libsubsys__bluetooth__controller.a(ll_tx_pwr.c.obj)
                0x0001089c                ll_tx_pwr_lvl_get
 .text.ll_tx_pwr_get
                0x000108bc        0x8 zephyr/subsys/bluetooth/controller/libsubsys__bluetooth__controller.a(ll_tx_pwr.c.obj)
                0x000108bc                ll_tx_pwr_get
 .text.ll_addr_set
                0x000108c4       0x38 zephyr/subsys/bluetooth/controller/libsubsys__bluetooth__controller.a(ll_addr.c.obj)
                0x000108c4                ll_addr_set
 .text.ll_addr_get
                0x000108fc       0x1c zephyr/subsys/bluetooth/controller/libsubsys__bluetooth__controller.a(ll_addr.c.obj)
                0x000108fc                ll_addr_get
 .text.ll_addr_read
                0x00010918       0x28 zephyr/subsys/bluetooth/controller/libsubsys__bluetooth__controller.a(ll_addr.c.obj)
                0x00010918                ll_addr_read
 .text.perform_lll_reset
                0x00010940       0x40 zephyr/subsys/bluetooth/controller/libsubsys__bluetooth__controller.a(ull.c.obj)
 .text.ull_ticker_status_give
                0x00010980        0xc zephyr/subsys/bluetooth/controller/libsubsys__bluetooth__controller.a(ull.c.obj)
                0x00010980                ull_ticker_status_give
 .text.disabled_cb
                0x0001098c        0x4 zephyr/subsys/bluetooth/controller/libsubsys__bluetooth__controller.a(ull.c.obj)
 .text.tx_cmplt_get
                0x00010990       0xc0 zephyr/subsys/bluetooth/controller/libsubsys__bluetooth__controller.a(ull.c.obj)
 .text.rx_replenish
                0x00010a50       0xe4 zephyr/subsys/bluetooth/controller/libsubsys__bluetooth__controller.a(ull.c.obj)
 .text.init_reset.isra.0
                0x00010b34       0xe4 zephyr/subsys/bluetooth/controller/libsubsys__bluetooth__controller.a(ull.c.obj)
 .text.rx_demux
                0x00010c18      0x208 zephyr/subsys/bluetooth/controller/libsubsys__bluetooth__controller.a(ull.c.obj)
 .text.ll_init  0x00010e20       0xc4 zephyr/subsys/bluetooth/controller/libsubsys__bluetooth__controller.a(ull.c.obj)
                0x00010e20                ll_init
 .text.ll_reset
                0x00010ee4       0x9c zephyr/subsys/bluetooth/controller/libsubsys__bluetooth__controller.a(ull.c.obj)
                0x00010ee4                ll_reset
 .text.ll_deinit
                0x00010f80       0x18 zephyr/subsys/bluetooth/controller/libsubsys__bluetooth__controller.a(ull.c.obj)
                0x00010f80                ll_deinit
 .text.ll_rx_get
                0x00010f98       0xc8 zephyr/subsys/bluetooth/controller/libsubsys__bluetooth__controller.a(ull.c.obj)
                0x00010f98                ll_rx_get
 .text.ll_rx_dequeue
                0x00011060       0xe4 zephyr/subsys/bluetooth/controller/libsubsys__bluetooth__controller.a(ull.c.obj)
                0x00011060                ll_rx_dequeue
 .text.ll_rx_mem_release
                0x00011144       0xdc zephyr/subsys/bluetooth/controller/libsubsys__bluetooth__controller.a(ull.c.obj)
                0x00011144                ll_rx_mem_release
 .text.ll_rx_link_alloc
                0x00011220        0xc zephyr/subsys/bluetooth/controller/libsubsys__bluetooth__controller.a(ull.c.obj)
                0x00011220                ll_rx_link_alloc
 .text.ll_rx_link_release
                0x0001122c        0xc zephyr/subsys/bluetooth/controller/libsubsys__bluetooth__controller.a(ull.c.obj)
                0x0001122c                ll_rx_link_release
 .text.ll_rx_alloc
                0x00011238        0xc zephyr/subsys/bluetooth/controller/libsubsys__bluetooth__controller.a(ull.c.obj)
                0x00011238                ll_rx_alloc
 .text.ll_rx_release
                0x00011244        0xc zephyr/subsys/bluetooth/controller/libsubsys__bluetooth__controller.a(ull.c.obj)
                0x00011244                ll_rx_release
 .text.ll_rx_put
                0x00011250       0x18 zephyr/subsys/bluetooth/controller/libsubsys__bluetooth__controller.a(ull.c.obj)
                0x00011250                ll_rx_put
 .text.ll_rx_put_sched
                0x00011268       0x28 zephyr/subsys/bluetooth/controller/libsubsys__bluetooth__controller.a(ull.c.obj)
                0x00011268                ll_rx_put_sched
 .text.ll_pdu_rx_alloc_peek
                0x00011290       0x34 zephyr/subsys/bluetooth/controller/libsubsys__bluetooth__controller.a(ull.c.obj)
                0x00011290                ll_pdu_rx_alloc_peek
 .text.ll_pdu_rx_alloc
                0x000112c4       0x24 zephyr/subsys/bluetooth/controller/libsubsys__bluetooth__controller.a(ull.c.obj)
                0x000112c4                ll_pdu_rx_alloc
 .text.ll_tx_ack_put
                0x000112e8       0x3c zephyr/subsys/bluetooth/controller/libsubsys__bluetooth__controller.a(ull.c.obj)
                0x000112e8                ll_tx_ack_put
 .text.ull_ticker_status_take
                0x00011324       0x24 zephyr/subsys/bluetooth/controller/libsubsys__bluetooth__controller.a(ull.c.obj)
                0x00011324                ull_ticker_status_take
 .text.ull_disable_mark
                0x00011348       0x18 zephyr/subsys/bluetooth/controller/libsubsys__bluetooth__controller.a(ull.c.obj)
                0x00011348                ull_disable_mark
 .text.ull_disable_unmark
                0x00011360       0x18 zephyr/subsys/bluetooth/controller/libsubsys__bluetooth__controller.a(ull.c.obj)
                0x00011360                ull_disable_unmark
 .text.ull_disable_mark_get
                0x00011378        0xc zephyr/subsys/bluetooth/controller/libsubsys__bluetooth__controller.a(ull.c.obj)
                0x00011378                ull_disable_mark_get
 .text.ull_update_mark
                0x00011384       0x18 zephyr/subsys/bluetooth/controller/libsubsys__bluetooth__controller.a(ull.c.obj)
                0x00011384                ull_update_mark
 .text.ull_update_unmark
                0x0001139c       0x18 zephyr/subsys/bluetooth/controller/libsubsys__bluetooth__controller.a(ull.c.obj)
                0x0001139c                ull_update_unmark
 .text.ull_update_mark_get
                0x000113b4        0xc zephyr/subsys/bluetooth/controller/libsubsys__bluetooth__controller.a(ull.c.obj)
                0x000113b4                ull_update_mark_get
 .text.ull_disable
                0x000113c0       0x54 zephyr/subsys/bluetooth/controller/libsubsys__bluetooth__controller.a(ull.c.obj)
                0x000113c0                ull_disable
 .text.ull_ticker_stop_with_mark
                0x00011414       0xa0 zephyr/subsys/bluetooth/controller/libsubsys__bluetooth__controller.a(ull.c.obj)
                0x00011414                ull_ticker_stop_with_mark
 .text.ull_pdu_rx_alloc_peek
                0x000114b4       0x34 zephyr/subsys/bluetooth/controller/libsubsys__bluetooth__controller.a(ull.c.obj)
                0x000114b4                ull_pdu_rx_alloc_peek
 .text.ull_pdu_rx_alloc
                0x000114e8       0x24 zephyr/subsys/bluetooth/controller/libsubsys__bluetooth__controller.a(ull.c.obj)
                0x000114e8                ull_pdu_rx_alloc
 .text.ull_rx_put
                0x0001150c       0x20 zephyr/subsys/bluetooth/controller/libsubsys__bluetooth__controller.a(ull.c.obj)
                0x0001150c                ull_rx_put
 .text.ull_rx_sched
                0x0001152c       0x10 zephyr/subsys/bluetooth/controller/libsubsys__bluetooth__controller.a(ull.c.obj)
                0x0001152c                ull_rx_sched
 .text.ull_rx_put_sched
                0x0001153c       0x30 zephyr/subsys/bluetooth/controller/libsubsys__bluetooth__controller.a(ull.c.obj)
                0x0001153c                ull_rx_put_sched
 .text.ull_prepare_enqueue
                0x0001156c       0x74 zephyr/subsys/bluetooth/controller/libsubsys__bluetooth__controller.a(ull.c.obj)
                0x0001156c                ull_prepare_enqueue
 .text.ull_prepare_dequeue_get
                0x000115e0       0x1c zephyr/subsys/bluetooth/controller/libsubsys__bluetooth__controller.a(ull.c.obj)
                0x000115e0                ull_prepare_dequeue_get
 .text.ull_prepare_dequeue_iter
                0x000115fc       0x34 zephyr/subsys/bluetooth/controller/libsubsys__bluetooth__controller.a(ull.c.obj)
                0x000115fc                ull_prepare_dequeue_iter
 .text.ull_prepare_dequeue
                0x00011630      0x104 zephyr/subsys/bluetooth/controller/libsubsys__bluetooth__controller.a(ull.c.obj)
                0x00011630                ull_prepare_dequeue
 .text.ull_event_done_extra_get
                0x00011734       0x1c zephyr/subsys/bluetooth/controller/libsubsys__bluetooth__controller.a(ull.c.obj)
                0x00011734                ull_event_done_extra_get
 .text.ull_event_done
                0x00011750       0x5c zephyr/subsys/bluetooth/controller/libsubsys__bluetooth__controller.a(ull.c.obj)
                0x00011750                ull_event_done
 .text.lll_prepare
                0x000117ac       0x20 zephyr/subsys/bluetooth/controller/libsubsys__bluetooth__controller.a(lll_common.c.obj)
                0x000117ac                lll_prepare
 .text.lll_resume
                0x000117cc       0x28 zephyr/subsys/bluetooth/controller/libsubsys__bluetooth__controller.a(lll_common.c.obj)
                0x000117cc                lll_resume
 .text.bt_recv_prio
                0x000117f4       0x20 zephyr/subsys/bluetooth/controller/libsubsys__bluetooth__controller.a(hci_driver.c.obj)
 .text.hci_driver_close
                0x00011814       0x28 zephyr/subsys/bluetooth/controller/libsubsys__bluetooth__controller.a(hci_driver.c.obj)
 .text.recv_thread
                0x0001183c       0xec zephyr/subsys/bluetooth/controller/libsubsys__bluetooth__controller.a(hci_driver.c.obj)
 .text.prio_recv_thread
                0x00011928       0xcc zephyr/subsys/bluetooth/controller/libsubsys__bluetooth__controller.a(hci_driver.c.obj)
 .text.z_log_msg_runtime_create.constprop.0
                0x000119f4       0x20 zephyr/subsys/bluetooth/controller/libsubsys__bluetooth__controller.a(hci_driver.c.obj)
 .text.hci_driver_open
                0x00011a14       0xe0 zephyr/subsys/bluetooth/controller/libsubsys__bluetooth__controller.a(hci_driver.c.obj)
 .text.hci_driver_send
                0x00011af4       0xb4 zephyr/subsys/bluetooth/controller/libsubsys__bluetooth__controller.a(hci_driver.c.obj)
 .text.hci_recv_fifo_reset
                0x00011ba8       0x20 zephyr/subsys/bluetooth/controller/libsubsys__bluetooth__controller.a(hci_driver.c.obj)
                0x00011ba8                hci_recv_fifo_reset
 .text.z_log_msg_runtime_create.constprop.0
                0x00011bc8       0x20 zephyr/subsys/bluetooth/controller/libsubsys__bluetooth__controller.a(hci.c.obj)
 .text.le_remote_feat_complete
                0x00011be8       0x78 zephyr/subsys/bluetooth/controller/libsubsys__bluetooth__controller.a(hci.c.obj)
 .text.hci_vendor_cmd_handle_common
                0x00011c60      0x194 zephyr/subsys/bluetooth/controller/libsubsys__bluetooth__controller.a(hci.c.obj)
                0x00011c60                hci_vendor_cmd_handle_common
 .text.hci_cmd_handle
                0x00011df4      0x920 zephyr/subsys/bluetooth/controller/libsubsys__bluetooth__controller.a(hci.c.obj)
                0x00011df4                hci_cmd_handle
 .text.hci_acl_handle
                0x00012714      0x120 zephyr/subsys/bluetooth/controller/libsubsys__bluetooth__controller.a(hci.c.obj)
                0x00012714                hci_acl_handle
 .text.hci_disconn_complete_encode
                0x00012834       0x40 zephyr/subsys/bluetooth/controller/libsubsys__bluetooth__controller.a(hci.c.obj)
                0x00012834                hci_disconn_complete_encode
 .text.hci_disconn_complete_process
                0x00012874       0x10 zephyr/subsys/bluetooth/controller/libsubsys__bluetooth__controller.a(hci.c.obj)
                0x00012874                hci_disconn_complete_process
 .text.hci_acl_encode
                0x00012884       0x50 zephyr/subsys/bluetooth/controller/libsubsys__bluetooth__controller.a(hci.c.obj)
                0x00012884                hci_acl_encode
 .text.hci_evt_encode
                0x000128d4      0x5c0 zephyr/subsys/bluetooth/controller/libsubsys__bluetooth__controller.a(hci.c.obj)
                0x000128d4                hci_evt_encode
 .text.hci_num_cmplt_encode
                0x00012e94       0x30 zephyr/subsys/bluetooth/controller/libsubsys__bluetooth__controller.a(hci.c.obj)
                0x00012e94                hci_num_cmplt_encode
 .text.hci_get_class
                0x00012ec4       0x2c zephyr/subsys/bluetooth/controller/libsubsys__bluetooth__controller.a(hci.c.obj)
                0x00012ec4                hci_get_class
 .text.hci_init
                0x00012ef0       0x40 zephyr/subsys/bluetooth/controller/libsubsys__bluetooth__controller.a(hci.c.obj)
                0x00012ef0                hci_init
 .text.ticker_stop_cb
                0x00012f30       0x48 zephyr/subsys/bluetooth/controller/libsubsys__bluetooth__controller.a(ull_adv.c.obj)
 .text.disabled_cb
                0x00012f78       0x50 zephyr/subsys/bluetooth/controller/libsubsys__bluetooth__controller.a(ull_adv.c.obj)
 .text.ticker_update_op_cb
                0x00012fc8       0x44 zephyr/subsys/bluetooth/controller/libsubsys__bluetooth__controller.a(ull_adv.c.obj)
 .text.ticker_stop_op_cb
                0x0001300c       0x24 zephyr/subsys/bluetooth/controller/libsubsys__bluetooth__controller.a(ull_adv.c.obj)
 .text.adv_disable
                0x00013030       0x40 zephyr/subsys/bluetooth/controller/libsubsys__bluetooth__controller.a(ull_adv.c.obj)
 .text.conn_release.constprop.0
                0x00013070       0x54 zephyr/subsys/bluetooth/controller/libsubsys__bluetooth__controller.a(ull_adv.c.obj)
 .text.disable.constprop.0
                0x000130c4       0xd0 zephyr/subsys/bluetooth/controller/libsubsys__bluetooth__controller.a(ull_adv.c.obj)
 .text.adv_time_get.constprop.0
                0x00013194       0x78 zephyr/subsys/bluetooth/controller/libsubsys__bluetooth__controller.a(ull_adv.c.obj)
 .text.ticker_cb
                0x0001320c       0xe0 zephyr/subsys/bluetooth/controller/libsubsys__bluetooth__controller.a(ull_adv.c.obj)
 .text.init_reset.isra.0
                0x000132ec       0x64 zephyr/subsys/bluetooth/controller/libsubsys__bluetooth__controller.a(ull_adv.c.obj)
 .text.ll_adv_params_set
                0x00013350      0x198 zephyr/subsys/bluetooth/controller/libsubsys__bluetooth__controller.a(ull_adv.c.obj)
                0x00013350                ll_adv_params_set
 .text.ull_adv_init
                0x000134e8        0xc zephyr/subsys/bluetooth/controller/libsubsys__bluetooth__controller.a(ull_adv.c.obj)
                0x000134e8                ull_adv_init
 .text.ull_adv_reset
                0x000134f4        0xc zephyr/subsys/bluetooth/controller/libsubsys__bluetooth__controller.a(ull_adv.c.obj)
                0x000134f4                ull_adv_reset
 .text.ull_adv_reset_finalize
                0x00013500       0x20 zephyr/subsys/bluetooth/controller/libsubsys__bluetooth__controller.a(ull_adv.c.obj)
                0x00013500                ull_adv_reset_finalize
 .text.ull_adv_handle_get
                0x00013520       0x18 zephyr/subsys/bluetooth/controller/libsubsys__bluetooth__controller.a(ull_adv.c.obj)
                0x00013520                ull_adv_handle_get
 .text.ull_adv_lll_handle_get
                0x00013538       0x1c zephyr/subsys/bluetooth/controller/libsubsys__bluetooth__controller.a(ull_adv.c.obj)
                0x00013538                ull_adv_lll_handle_get
 .text.ull_adv_is_enabled_get
                0x00013554       0x18 zephyr/subsys/bluetooth/controller/libsubsys__bluetooth__controller.a(ull_adv.c.obj)
                0x00013554                ull_adv_is_enabled_get
 .text.ull_adv_is_enabled
                0x0001356c       0x18 zephyr/subsys/bluetooth/controller/libsubsys__bluetooth__controller.a(ull_adv.c.obj)
                0x0001356c                ull_adv_is_enabled
 .text.ull_adv_filter_pol_get
                0x00013584       0x20 zephyr/subsys/bluetooth/controller/libsubsys__bluetooth__controller.a(ull_adv.c.obj)
                0x00013584                ull_adv_filter_pol_get
 .text.ull_adv_pdu_update_addrs
                0x000135a4       0x60 zephyr/subsys/bluetooth/controller/libsubsys__bluetooth__controller.a(ull_adv.c.obj)
                0x000135a4                ull_adv_pdu_update_addrs
 .text.ull_adv_data_set
                0x00013604      0x110 zephyr/subsys/bluetooth/controller/libsubsys__bluetooth__controller.a(ull_adv.c.obj)
                0x00013604                ull_adv_data_set
 .text.ll_adv_data_set
                0x00013714       0x10 zephyr/subsys/bluetooth/controller/libsubsys__bluetooth__controller.a(ull_adv.c.obj)
                0x00013714                ll_adv_data_set
 .text.ull_scan_rsp_set
                0x00013724       0xcc zephyr/subsys/bluetooth/controller/libsubsys__bluetooth__controller.a(ull_adv.c.obj)
                0x00013724                ull_scan_rsp_set
 .text.ll_adv_scan_rsp_set
                0x000137f0       0x10 zephyr/subsys/bluetooth/controller/libsubsys__bluetooth__controller.a(ull_adv.c.obj)
                0x000137f0                ll_adv_scan_rsp_set
 .text.disabled_cb
                0x00013800       0x1c zephyr/subsys/bluetooth/controller/libsubsys__bluetooth__controller.a(ull_conn.c.obj)
 .text.conn_setup_adv_scan_disabled_cb
                0x0001381c       0x18 zephyr/subsys/bluetooth/controller/libsubsys__bluetooth__controller.a(ull_conn.c.obj)
 .text.tx_lll_flush
                0x00013834       0xa0 zephyr/subsys/bluetooth/controller/libsubsys__bluetooth__controller.a(ull_conn.c.obj)
 .text.ticker_start_conn_op_cb
                0x000138d4       0x18 zephyr/subsys/bluetooth/controller/libsubsys__bluetooth__controller.a(ull_conn.c.obj)
 .text.ticker_stop_conn_op_cb
                0x000138ec       0x18 zephyr/subsys/bluetooth/controller/libsubsys__bluetooth__controller.a(ull_conn.c.obj)
 .text.ticker_stop_op_cb
                0x00013904       0x28 zephyr/subsys/bluetooth/controller/libsubsys__bluetooth__controller.a(ull_conn.c.obj)
 .text.ticker_update_conn_op_cb
                0x0001392c       0x28 zephyr/subsys/bluetooth/controller/libsubsys__bluetooth__controller.a(ull_conn.c.obj)
 .text.init_reset.isra.0
                0x00013954       0x88 zephyr/subsys/bluetooth/controller/libsubsys__bluetooth__controller.a(ull_conn.c.obj)
 .text.conn_disable
                0x000139dc       0x54 zephyr/subsys/bluetooth/controller/libsubsys__bluetooth__controller.a(ull_conn.c.obj)
 .text.ll_conn_acquire
                0x00013a30        0xc zephyr/subsys/bluetooth/controller/libsubsys__bluetooth__controller.a(ull_conn.c.obj)
                0x00013a30                ll_conn_acquire
 .text.ll_conn_release