Archive member included to satisfy reference by file (symbol)

app/libapp.a(main.c.obj)      (--whole-archive)
zephyr/libzephyr.a(validate_libc.c.obj)
                              (--whole-archive)
zephyr/libzephyr.a(heap.c.obj)
                              (--whole-archive)
zephyr/libzephyr.a(boot_banner.c.obj)
                              (--whole-archive)
zephyr/libzephyr.a(cbprintf_packaged.c.obj)
                              (--whole-archive)
zephyr/libzephyr.a(clock.c.obj)
                              (--whole-archive)
zephyr/libzephyr.a(printk.c.obj)
                              (--whole-archive)
zephyr/libzephyr.a(cbprintf_complete.c.obj)
                              (--whole-archive)
zephyr/libzephyr.a(assert.c.obj)
                              (--whole-archive)
zephyr/libzephyr.a(dec.c.obj)
                              (--whole-archive)
zephyr/libzephyr.a(hex.c.obj)
                              (--whole-archive)
zephyr/libzephyr.a(rb.c.obj)  (--whole-archive)
zephyr/libzephyr.a(set.c.obj)
                              (--whole-archive)
zephyr/libzephyr.a(timeutil.c.obj)
                              (--whole-archive)
zephyr/libzephyr.a(bitarray.c.obj)
                              (--whole-archive)
zephyr/libzephyr.a(bitmask.c.obj)
                              (--whole-archive)
zephyr/libzephyr.a(getopt.c.obj)
                              (--whole-archive)
zephyr/libzephyr.a(getopt_common.c.obj)
                              (--whole-archive)
zephyr/libzephyr.a(onoff.c.obj)
                              (--whole-archive)
zephyr/libzephyr.a(notify.c.obj)
                              (--whole-archive)
zephyr/libzephyr.a(ring_buffer.c.obj)
                              (--whole-archive)
zephyr/libzephyr.a(last_section_id.c.obj)
                              (--whole-archive)
zephyr/libzephyr.a(uuid.c.obj)
                              (--whole-archive)
zephyr/libzephyr.a(configs.c.obj)
                              (--whole-archive)
zephyr/libzephyr.a(log_core.c.obj)
                              (--whole-archive)
zephyr/libzephyr.a(log_mgmt.c.obj)
                              (--whole-archive)
zephyr/libzephyr.a(log_cache.c.obj)
                              (--whole-archive)
zephyr/libzephyr.a(log_msg.c.obj)
                              (--whole-archive)
zephyr/libzephyr.a(log_output.c.obj)
                              (--whole-archive)
zephyr/libzephyr.a(log_backend_uart.c.obj)
                              (--whole-archive)
zephyr/libzephyr.a(mem_attr.c.obj)
                              (--whole-archive)
zephyr/libzephyr.a(tracing_none.c.obj)
                              (--whole-archive)
zephyr/libzephyr.a(gap_svc.c.obj)
                              (--whole-archive)
zephyr/libzephyr.a(sem.c.obj)
                              (--whole-archive)
zephyr/libzephyr.a(thread_entry.c.obj)
                              (--whole-archive)
zephyr/arch/common/libarch__common.a(sw_isr_common.c.obj)
                              (--whole-archive)
zephyr/arch/common/libarch__common.a(init.c.obj)
                              (--whole-archive)
zephyr/arch/common/libarch__common.a(xip.c.obj)
                              (--whole-archive)
zephyr/arch/arch/arm/core/libarch__arm__core.a(fatal.c.obj)
                              (--whole-archive)
zephyr/arch/arch/arm/core/libarch__arm__core.a(nmi.c.obj)
                              (--whole-archive)
zephyr/arch/arch/arm/core/libarch__arm__core.a(nmi_on_reset.S.obj)
                              (--whole-archive)
zephyr/arch/arch/arm/core/libarch__arm__core.a(tls.c.obj)
                              (--whole-archive)
zephyr/arch/arch/arm/core/cortex_m/libarch__arm__core__cortex_m.a(fault.c.obj)
                              (--whole-archive)
zephyr/arch/arch/arm/core/cortex_m/libarch__arm__core__cortex_m.a(fault_s.S.obj)
                              (--whole-archive)
zephyr/arch/arch/arm/core/cortex_m/libarch__arm__core__cortex_m.a(fpu.c.obj)
                              (--whole-archive)
zephyr/arch/arch/arm/core/cortex_m/libarch__arm__core__cortex_m.a(reset.S.obj)
                              (--whole-archive)
zephyr/arch/arch/arm/core/cortex_m/libarch__arm__core__cortex_m.a(scb.c.obj)
                              (--whole-archive)
zephyr/arch/arch/arm/core/cortex_m/libarch__arm__core__cortex_m.a(vector_table.S.obj)
                              (--whole-archive)
zephyr/arch/arch/arm/core/cortex_m/libarch__arm__core__cortex_m.a(svc.S.obj)
                              (--whole-archive)
zephyr/arch/arch/arm/core/cortex_m/libarch__arm__core__cortex_m.a(irq_manage.c.obj)
                              (--whole-archive)
zephyr/arch/arch/arm/core/cortex_m/libarch__arm__core__cortex_m.a(prep_c.c.obj)
                              (--whole-archive)
zephyr/arch/arch/arm/core/cortex_m/libarch__arm__core__cortex_m.a(thread.c.obj)
                              (--whole-archive)
[...]
Memory Configuration

Name             Origin             Length             Attributes
FLASH            0x00000000         0x00100000         xr
RAM              0x20000000         0x00040000         xw
IDT_LIST         0xffff7fff         0x00008000         xw
*default*        0x00000000         0xffffffff

Linker script and memory map

                0x000224c8                        vfprintf = __l_vfprintf
                0x00000000                        vfscanf = __l_vfscanf
LOAD zephyr/CMakeFiles/zephyr_pre0.dir/misc/empty_file.c.obj
LOAD zephyr/CMakeFiles/offsets.dir/./arch/arm/core/offsets/offsets.c.obj
LOAD app/libapp.a
LOAD zephyr/libzephyr.a
LOAD zephyr/arch/common/libarch__common.a
LOAD zephyr/arch/arch/arm/core/libarch__arm__core.a
LOAD zephyr/arch/arch/arm/core/cortex_m/libarch__arm__core__cortex_m.a
LOAD zephyr/arch/arch/arm/core/mpu/libarch__arm__core__mpu.a
LOAD zephyr/lib/libc/picolibc/liblib__libc__picolibc.a
LOAD zephyr/lib/libc/common/liblib__libc__common.a
LOAD zephyr/lib/net_buf/liblib__net_buf.a
LOAD zephyr/soc/soc/nrf52840/libsoc__nordic.a
LOAD zephyr/subsys/portability/posix/c_lib_ext/libsubsys__portability__posix__c_lib_ext.a
LOAD zephyr/subsys/random/libsubsys__random.a
LOAD zephyr/subsys/bluetooth/common/libsubsys__bluetooth__common.a
LOAD zephyr/subsys/bluetooth/host/libsubsys__bluetooth__host.a
LOAD zephyr/subsys/bluetooth/crypto/libsubsys__bluetooth__crypto.a
LOAD zephyr/subsys/bluetooth/controller/libsubsys__bluetooth__controller.a
LOAD zephyr/subsys/bluetooth/controller/ll_sw/nordic/libsubsys__bluetooth__controller__ll_sw__nordic.a
LOAD zephyr/drivers/clock_control/libdrivers__clock_control.a
LOAD zephyr/drivers/console/libdrivers__console.a
LOAD zephyr/drivers/entropy/libdrivers__entropy.a
LOAD zephyr/drivers/gpio/libdrivers__gpio.a
LOAD zephyr/drivers/pinctrl/libdrivers__pinctrl.a
LOAD zephyr/drivers/serial/libdrivers__serial.a
LOAD zephyr/drivers/timer/libdrivers__timer.a
LOAD modules/hal_nordic/nrfx/libnrfx.a
LOAD modules/mbedtls/mbedtls/library/libmbedtls.a
LOAD modules/mbedtls/libmodules__mbedtls.a
LOAD zephyr/kernel/libkernel.a
LOAD zephyr/arch/common/libisr_tables.a
LOAD modules/mbedtls/mbedtls/library/libmbedx509.a
LOAD modules/mbedtls/mbedtls/tf-psa-crypto/core/libtfpsacrypto.a
LOAD /opt/zephyr-sdk/gnu/arm-zephyr-eabi/bin/../lib/gcc/arm-zephyr-eabi/14.3.0/../../../../arm-zephyr-eabi/lib/thumb/v7e-m/nofp/space/libc.a
LOAD /opt/zephyr-sdk/gnu/arm-zephyr-eabi/bin/../lib/gcc/arm-zephyr-eabi/14.3.0/thumb/v7e-m/nofp/space/libgcc.a
                0x00000020                        _region_min_align = 0x20

.rel.plt        0x00000000        0x0
 *(SORT_BY_ALIGNMENT(.rel.plt))
                [!provide]                        PROVIDE (__rel_iplt_start = .)
 *(SORT_BY_ALIGNMENT(.rel.iplt))
 .rel.iplt      0x00000000        0x0 app/libapp.a(main.c.obj)
                [!provide]                        PROVIDE (__rel_iplt_end = .)

.rela.plt       0x00000000        0x0
 *(SORT_BY_ALIGNMENT(.rela.plt))
                [!provide]                        PROVIDE (__rela_iplt_start = .)
 *(SORT_BY_ALIGNMENT(.rela.iplt))
                [!provide]                        PROVIDE (__rela_iplt_end = .)

.rel.dyn
 *(SORT_BY_ALIGNMENT(.rel.*))

.rela.dyn
 *(SORT_BY_ALIGNMENT(.rela.*))

/DISCARD/
 *(SORT_BY_ALIGNMENT(.plt))

/DISCARD/
 *(SORT_BY_ALIGNMENT(.iplt))
                0x00000000                        __rom_region_start = 0x0

rom_start       0x00000000      0x100
                0x00000000                        __rom_start_address = .
 FILL mask 0x00
                0x00000000                        . = (. + (0x0 - (. - __rom_start_address)))
                0x00000000                        . = ALIGN (0x4)
                0x00000000                        . = ALIGN (0x80)
                0x00000000                        . = ALIGN (0x100)
                0x00000000                        _vector_start = .
 *(SORT_BY_ALIGNMENT(.exc_vector_table))
 *(SORT_BY_ALIGNMENT(.exc_vector_table.*))
 .exc_vector_table._vector_table_section
                0x00000000       0x40 zephyr/arch/arch/arm/core/cortex_m/libarch__arm__core__cortex_m.a(vector_table.S.obj)
                0x00000000                _vector_table
 *(SORT_BY_ALIGNMENT(.vectors))
                0x00000100                        _vector_end = .
                0x00000040                        . = ALIGN (0x4)
 *(SORT_BY_ALIGNMENT(.gnu.linkonce.irq_vector_table*))
 .gnu.linkonce.irq_vector_table
                0x00000040       0xc0 zephyr/arch/common/libisr_tables.a(isr_tables.c.obj)
                0x00000040                _irq_vector_table
                0x00000100                        _vector_end = .

text            0x00000100    0x26928
                0x00000100                        __text_region_start = .
 *(SORT_BY_ALIGNMENT(.text))
 .text          0x00000100       0x30 /opt/zephyr-sdk/gnu/arm-zephyr-eabi/bin/../lib/gcc/arm-zephyr-eabi/14.3.0/thumb/v7e-m/nofp/space/libgcc.a(_aeabi_uldivmod.o)
                0x00000100                __aeabi_uldivmod
 .text          0x00000130        0x4 /opt/zephyr-sdk/gnu/arm-zephyr-eabi/bin/../lib/gcc/arm-zephyr-eabi/14.3.0/thumb/v7e-m/nofp/space/libgcc.a(_dvmd_tls.o)
                0x00000130                __aeabi_ldiv0
                0x00000130                __aeabi_idiv0
 .text          0x00000134       0x10 /opt/zephyr-sdk/gnu/arm-zephyr-eabi/bin/../lib/gcc/arm-zephyr-eabi/14.3.0/../../../../arm-zephyr-eabi/lib/thumb/v7e-m/nofp/space/libc.a(strcpy.S.o)
                0x00000134                strcpy
 .text          0x00000144       0x10 /opt/zephyr-sdk/gnu/arm-zephyr-eabi/bin/../lib/gcc/arm-zephyr-eabi/14.3.0/../../../../arm-zephyr-eabi/lib/thumb/v7e-m/nofp/space/libc.a(strlen.S.o)
                0x00000144                strlen
 .text          0x00000154      0x2bc /opt/zephyr-sdk/gnu/arm-zephyr-eabi/bin/../lib/gcc/arm-zephyr-eabi/14.3.0/thumb/v7e-m/nofp/space/libgcc.a(_udivmoddi4.o)
                0x00000154                __udivmoddi4
 *(SORT_BY_ALIGNMENT(.text.*))
 .text.bt_init  0x00000410      0x55c zephyr/subsys/bluetooth/host/libsubsys__bluetooth__host.a(hci_core.c.obj)
 *fill*         0x0000096c        0x4 
 .text.ull_drift_ticks_get
                0x00000970       0x90 zephyr/subsys/bluetooth/controller/libsubsys__bluetooth__controller.a(ull.c.obj)
                0x00000970                ull_drift_ticks_get
 .text.ll_adv_enable
                0x00000a00      0x368 zephyr/subsys/bluetooth/controller/libsubsys__bluetooth__controller.a(ull_adv.c.obj)
                0x00000a00                ll_adv_enable
 .text.ull_adv_time_update
                0x00000d68       0xb4 zephyr/subsys/bluetooth/controller/libsubsys__bluetooth__controller.a(ull_adv.c.obj)
                0x00000d68                ull_adv_time_update
 *fill*         0x00000e1c        0x4 
 .text.ull_conn_update_ticker.constprop.0
                0x00000e20       0xf8 zephyr/subsys/bluetooth/controller/libsubsys__bluetooth__controller.a(ull_conn.c.obj)
 .text.ull_conn_done
                0x00000f18      0x384 zephyr/subsys/bluetooth/controller/libsubsys__bluetooth__controller.a(ull_conn.c.obj)
                0x00000f18                ull_conn_done
 *fill*         0x0000129c        0x4 
 .text.ull_conn_update_parameters
                0x000012a0      0x264 zephyr/subsys/bluetooth/controller/libsubsys__bluetooth__controller.a(ull_conn.c.obj)
                0x000012a0                ull_conn_update_parameters
 *fill*         0x00001504        0x4 
 .text.ull_periph_setup
                0x00001508      0x42c zephyr/subsys/bluetooth/controller/libsubsys__bluetooth__controller.a(ull_peripheral.c.obj)
                0x00001508                ull_periph_setup
 *fill*         0x00001934        0x4 
 .text.prepare_cb
                0x00001938      0x158 zephyr/subsys/bluetooth/controller/ll_sw/nordic/libsubsys__bluetooth__controller__ll_sw__nordic.a(lll_adv.c.obj)
 .text.prepare_cb
                0x00001a90      0x24c zephyr/subsys/bluetooth/controller/ll_sw/nordic/libsubsys__bluetooth__controller__ll_sw__nordic.a(lll_peripheral.c.obj)
 .text.connected_cb
                0x00001cdc       0x64 app/libapp.a(main.c.obj)
 .text.disconnected_cb
                0x00001d40       0x50 app/libapp.a(main.c.obj)
 .text.temp_ccc_cfg_changed
                0x00001d90       0x48 app/libapp.a(main.c.obj)
 .text.heart_rate_ccc_cfg_changed
                0x00001dd8       0x48 app/libapp.a(main.c.obj)
 .text.battery_ccc_cfg_changed
                0x00001e20       0x48 app/libapp.a(main.c.obj)
 .text.write_update_interval
                0x00001e68       0x7c app/libapp.a(main.c.obj)
 .text.sync_aircraft_payload
                0x00001ee4       0x80 app/libapp.a(main.c.obj)
 .text.bt_ready
                0x00001f64       0xc8 app/libapp.a(main.c.obj)
 .text.sensor_work_handler
                0x0000202c      0x294 app/libapp.a(main.c.obj)
 .text.main     0x000022c0       0x64 app/libapp.a(main.c.obj)
                0x000022c0                main
 .text.free_list_add
                0x00002324       0x9c zephyr/libzephyr.a(heap.c.obj)
 .text.free_list_remove_bidx
                0x000023c0       0x88 zephyr/libzephyr.a(heap.c.obj)
 .text.free_chunk_check.isra.0
                0x00002448       0x60 zephyr/libzephyr.a(heap.c.obj)
 .text.sys_heap_free
                0x000024a8      0x144 zephyr/libzephyr.a(heap.c.obj)
                0x000024a8                sys_heap_free
 .text.sys_heap_aligned_alloc
                0x000025ec      0x114 zephyr/libzephyr.a(heap.c.obj)
                0x000025ec                sys_heap_aligned_alloc
 .text.sys_heap_init
                0x00002700      0x124 zephyr/libzephyr.a(heap.c.obj)
                0x00002700                sys_heap_init
 .text.boot_banner
                0x00002824       0x10 zephyr/libzephyr.a(boot_banner.c.obj)
 .text.cbvprintf_package
                0x00002834      0x3d0 zephyr/libzephyr.a(cbprintf_packaged.c.obj)
                0x00002834                cbvprintf_package
 .text.__printk_hook_install
                0x00002c04        0xc zephyr/libzephyr.a(printk.c.obj)
                0x00002c04                __printk_hook_install
 .text.process_event
                0x00002c10      0x39c zephyr/libzephyr.a(onoff.c.obj)
 .text.transition_complete
                0x00002fac       0x64 zephyr/libzephyr.a(onoff.c.obj)
 .text.onoff_request
                0x00003010      0x12c zephyr/libzephyr.a(onoff.c.obj)
                0x00003010                onoff_request
 .text.onoff_release
                0x0000313c       0xd8 zephyr/libzephyr.a(onoff.c.obj)
                0x0000313c                onoff_release
 .text.onoff_cancel
                0x00003214       0xd4 zephyr/libzephyr.a(onoff.c.obj)
                0x00003214                onoff_cancel
 .text.sys_notify_finalize
                0x000032e8       0x40 zephyr/libzephyr.a(notify.c.obj)
                0x000032e8                sys_notify_finalize
 .text.log_backend_is_active
                0x00003328       0x30 zephyr/libzephyr.a(log_core.c.obj)
 .text.log_backend_is_ready
                0x00003358       0x34 zephyr/libzephyr.a(log_core.c.obj)
 .text.z_log_init.isra.0
                0x0000338c      0x114 zephyr/libzephyr.a(log_core.c.obj)
 .text.log_format_func_t_get
                0x000034a0        0xc zephyr/libzephyr.a(log_core.c.obj)
                0x000034a0                log_format_func_t_get
 .text.log_set_timestamp_func
                0x000034ac       0x20 zephyr/libzephyr.a(log_core.c.obj)
                0x000034ac                log_set_timestamp_func
 .text.log_core_init
                0x000034cc       0x7c zephyr/libzephyr.a(log_core.c.obj)
                0x000034cc                log_core_init
 .text.z_impl_log_panic
                0x00003548       0x6c zephyr/libzephyr.a(log_core.c.obj)
                0x00003548                z_impl_log_panic
 .text.z_log_dropped
                0x000035b4       0x30 zephyr/libzephyr.a(log_core.c.obj)
                0x000035b4                z_log_dropped
 .text.z_log_msg_commit
                0x000035e4       0x78 zephyr/libzephyr.a(log_core.c.obj)
                0x000035e4                z_log_msg_commit
 .text.log_source_name_get
                0x0000365c       0x1c zephyr/libzephyr.a(log_mgmt.c.obj)
                0x0000365c                log_source_name_get
 .text.z_log_msg_runtime_vcreate
                0x00003678       0xf0 zephyr/libzephyr.a(log_msg.c.obj)
                0x00003678                z_log_msg_runtime_vcreate
 .text.log_msg_get_source_id
                0x00003768       0x18 zephyr/libzephyr.a(log_msg.c.obj)
                0x00003768                log_msg_get_source_id
 .text.print_formatted
                0x00003780       0x24 zephyr/libzephyr.a(log_output.c.obj)
 .text.newline_print
                0x000037a4       0x1c zephyr/libzephyr.a(log_output.c.obj)
 .text.log_output_process
                0x000037c0      0x2d0 zephyr/libzephyr.a(log_output.c.obj)
                0x000037c0                log_output_process
 .text.log_output_timestamp_freq_set
                0x00003a90       0x2c zephyr/libzephyr.a(log_output.c.obj)
                0x00003a90                log_output_timestamp_freq_set
 .text.char_out
                0x00003abc       0x24 zephyr/libzephyr.a(log_backend_uart.c.obj)
 .text.log_backend_uart_init
                0x00003ae0       0x3c zephyr/libzephyr.a(log_backend_uart.c.obj)
 .text.mem_attr_get_regions
                0x00003b1c        0xc zephyr/libzephyr.a(mem_attr.c.obj)
                0x00003b1c                mem_attr_get_regions
 .text.read_ppcp
                0x00003b28       0x2c zephyr/libzephyr.a(gap_svc.c.obj)
 .text.z_thread_entry
                0x00003b54       0x6c zephyr/libzephyr.a(thread_entry.c.obj)
                0x00003b54                z_thread_entry
 .text.arch_bss_zero
                0x00003bc0       0x18 zephyr/arch/common/libarch__common.a(init.c.obj)
                0x00003bc0                arch_bss_zero
 .text.arch_data_copy
                0x00003bd8       0x38 zephyr/arch/common/libarch__common.a(xip.c.obj)
                0x00003bd8                arch_data_copy
 .text.z_arm_fatal_error
                0x00003c10       0xc4 zephyr/arch/arch/arm/core/libarch__arm__core.a(fatal.c.obj)
                0x00003c10                z_arm_fatal_error
 .text.z_SysNmiOnReset
                0x00003cd4        0x8 zephyr/arch/arch/arm/core/libarch__arm__core.a(nmi_on_reset.S.obj)
                0x00003cd4                z_SysNmiOnReset
 .text.arch_tls_stack_setup
                0x00003cdc       0x40 zephyr/arch/arch/arm/core/libarch__arm__core.a(tls.c.obj)
                0x00003cdc                arch_tls_stack_setup
 .text.mem_manage_fault
                0x00003d1c      0x198 zephyr/arch/arch/arm/core/cortex_m/libarch__arm__core__cortex_m.a(fault.c.obj)
 .text.usage_fault.isra.0
                0x00003eb4      0x108 zephyr/arch/arch/arm/core/cortex_m/libarch__arm__core__cortex_m.a(fault.c.obj)
 .text.bus_fault.isra.0
                0x00003fbc      0x13c zephyr/arch/arch/arm/core/cortex_m/libarch__arm__core__cortex_m.a(fault.c.obj)
 .text.z_arm_fault
                0x000040f8      0x288 zephyr/arch/arch/arm/core/cortex_m/libarch__arm__core__cortex_m.a(fault.c.obj)
                0x000040f8                z_arm_fault
 .text.z_arm_fault_init
                0x00004380       0x18 zephyr/arch/arch/arm/core/cortex_m/libarch__arm__core__cortex_m.a(fault.c.obj)
                0x00004380                z_arm_fault_init
 .text.__fault  0x00004398       0x14 zephyr/arch/arch/arm/core/cortex_m/libarch__arm__core__cortex_m.a(fault_s.S.obj)
                0x00004398                z_arm_exc_spurious
                0x00004398                z_arm_usage_fault
                0x00004398                z_arm_mpu_fault
                0x00004398                z_arm_debug_monitor
                0x00004398                z_arm_hard_fault
                0x00004398                z_arm_bus_fault
 .text._reset_section
                0x000043ac       0x38 zephyr/arch/arch/arm/core/cortex_m/libarch__arm__core__cortex_m.a(reset.S.obj)
                0x000043ac                __start
                0x000043ac                z_arm_reset
 .text.z_arm_svc
                0x000043e4       0x24 zephyr/arch/arch/arm/core/cortex_m/libarch__arm__core__cortex_m.a(svc.S.obj)
                0x000043e4                z_arm_svc
 .text.arm_irq_enable
                0x00004408       0x1c zephyr/arch/arch/arm/core/cortex_m/libarch__arm__core__cortex_m.a(irq_manage.c.obj)
                0x00004408                arm_irq_enable
 .text.arm_irq_disable
                0x00004424       0x28 zephyr/arch/arch/arm/core/cortex_m/libarch__arm__core__cortex_m.a(irq_manage.c.obj)
                0x00004424                arm_irq_disable
 .text.arm_irq_is_enabled
                0x0000444c       0x1c zephyr/arch/arch/arm/core/cortex_m/libarch__arm__core__cortex_m.a(irq_manage.c.obj)
                0x0000444c                arm_irq_is_enabled
 .text.arm_irq_priority_set
                0x00004468       0x68 zephyr/arch/arch/arm/core/cortex_m/libarch__arm__core__cortex_m.a(irq_manage.c.obj)
                0x00004468                arm_irq_priority_set
 .text.relocate_vector_table
                0x000044d0       0x1c zephyr/arch/arch/arm/core/cortex_m/libarch__arm__core__cortex_m.a(prep_c.c.obj)
                0x000044d0                relocate_vector_table
 .text.z_prep_c
                0x000044ec       0x38 zephyr/arch/arch/arm/core/cortex_m/libarch__arm__core__cortex_m.a(prep_c.c.obj)
                0x000044ec                z_prep_c
 .text.arch_new_thread
                0x00004524       0x38 zephyr/arch/arch/arm/core/cortex_m/libarch__arm__core__cortex_m.a(thread.c.obj)
                0x00004524                arch_new_thread
 .text.z_check_thread_stack_fail
                0x0000455c       0x2c zephyr/arch/arch/arm/core/cortex_m/libarch__arm__core__cortex_m.a(thread.c.obj)
                0x0000455c                z_check_thread_stack_fail
 .text.arch_switch_to_main_thread
                0x00004588       0x3c zephyr/arch/arch/arm/core/cortex_m/libarch__arm__core__cortex_m.a(thread.c.obj)
                0x00004588                arch_switch_to_main_thread
 .text.z_arm_cpu_idle_init
                0x000045c4        0xc zephyr/arch/arch/arm/core/cortex_m/libarch__arm__core__cortex_m.a(cpu_idle.c.obj)
                0x000045c4                z_arm_cpu_idle_init
 .text._HandlerModeExit
                0x000045d0       0x20 zephyr/arch/arch/arm/core/cortex_m/libarch__arm__core__cortex_m.a(exc_exit.c.obj)
                0x000045d0                z_arm_int_exit
                0x000045d0                z_arm_exc_exit
 .text.z_impl_k_thread_abort
                0x000045f0       0x2c zephyr/arch/arch/arm/core/cortex_m/libarch__arm__core__cortex_m.a(thread_abort.c.obj)
                0x000045f0                z_impl_k_thread_abort
 .text.z_arm_pendsv
                0x0000461c       0x60 zephyr/arch/arch/arm/core/cortex_m/libarch__arm__core__cortex_m.a(swap_helper.S.obj)
                0x0000461c                z_arm_pendsv
 .text.z_arm_interrupt_init
                0x0000467c       0x18 zephyr/arch/arch/arm/core/cortex_m/libarch__arm__core__cortex_m.a(irq_init.c.obj)
                0x0000467c                z_arm_interrupt_init
 .text._isr_wrapper
                0x00004694       0x24 zephyr/arch/arch/arm/core/cortex_m/libarch__arm__core__cortex_m.a(isr_wrapper.c.obj)
                0x00004694                _isr_wrapper
 .text.__aeabi_read_tp
                0x000046b8        0xc zephyr/arch/arch/arm/core/cortex_m/libarch__arm__core__cortex_m.a(__aeabi_read_tp.S.obj)
                0x000046b8                __aeabi_read_tp
 .text.z_arm_configure_static_mpu_regions
                0x000046c4       0x18 zephyr/arch/arch/arm/core/mpu/libarch__arm__core__mpu.a(arm_core_mpu.c.obj)
                0x000046c4                z_arm_configure_static_mpu_regions
 .text.z_arm_configure_dynamic_mpu_regions
                0x000046dc       0x20 zephyr/arch/arch/arm/core/mpu/libarch__arm__core__mpu.a(arm_core_mpu.c.obj)
                0x000046dc                z_arm_configure_dynamic_mpu_regions
 .text.region_allocate_and_init
                0x000046fc       0x60 zephyr/arch/arch/arm/core/mpu/libarch__arm__core__mpu.a(arm_mpu.c.obj)
 .text.mpu_configure_regions
                0x0000475c       0x74 zephyr/arch/arch/arm/core/mpu/libarch__arm__core__mpu.a(arm_mpu.c.obj)
 .text.arm_core_mpu_enable
                0x000047d0       0x18 zephyr/arch/arch/arm/core/mpu/libarch__arm__core__mpu.a(arm_mpu.c.obj)
                0x000047d0                arm_core_mpu_enable
 .text.arm_core_mpu_disable
                0x000047e8       0x14 zephyr/arch/arch/arm/core/mpu/libarch__arm__core__mpu.a(arm_mpu.c.obj)
                0x000047e8                arm_core_mpu_disable
 .text.arm_core_mpu_configure_static_mpu_regions
                0x000047fc       0x4c zephyr/arch/arch/arm/core/mpu/libarch__arm__core__mpu.a(arm_mpu.c.obj)
                0x000047fc                arm_core_mpu_configure_static_mpu_regions
 .text.arm_core_mpu_configure_dynamic_mpu_regions
                0x00004848       0x6c zephyr/arch/arch/arm/core/mpu/libarch__arm__core__mpu.a(arm_mpu.c.obj)
                0x00004848                arm_core_mpu_configure_dynamic_mpu_regions
 .text.z_arm_mpu_init
                0x000048b4      0x250 zephyr/arch/arch/arm/core/mpu/libarch__arm__core__mpu.a(arm_mpu.c.obj)
                0x000048b4                z_arm_mpu_init
 .text.cbvprintf
                0x00004b04       0x38 zephyr/lib/libc/picolibc/liblib__libc__picolibc.a(cbprintf.c.obj)
                0x00004b04                cbvprintf
 .text.z_impl_zephyr_fputc
                0x00004b3c       0x10 zephyr/lib/libc/picolibc/liblib__libc__picolibc.a(stdio.c.obj)
                0x00004b3c                z_impl_zephyr_fputc
 .text.__stdout_hook_install
                0x00004b4c       0x18 zephyr/lib/libc/picolibc/liblib__libc__picolibc.a(stdio.c.obj)
                0x00004b4c                __stdout_hook_install
 .text.malloc_prepare
                0x00004b64       0x24 zephyr/lib/libc/common/liblib__libc__common.a(malloc.c.obj)
 .text.malloc_lock
                0x00004b88       0x38 zephyr/lib/libc/common/liblib__libc__common.a(malloc.c.obj)
 .text.malloc_unlock
                0x00004bc0        0xc zephyr/lib/libc/common/liblib__libc__common.a(malloc.c.obj)
 .text.malloc   0x00004bcc       0x34 zephyr/lib/libc/common/liblib__libc__common.a(malloc.c.obj)
                0x00004bcc                malloc
 .text.free     0x00004c00       0x1c zephyr/lib/libc/common/liblib__libc__common.a(malloc.c.obj)
                0x00004c00                free
 .text.calloc   0x00004c1c       0x34 zephyr/lib/libc/common/liblib__libc__common.a(malloc.c.obj)
                0x00004c1c                calloc
 .text.net_buf_destroy
                0x00004c50       0x38 zephyr/lib/net_buf/liblib__net_buf.a(buf.c.obj)
 .text.net_buf_pool_get
                0x00004c88       0x10 zephyr/lib/net_buf/liblib__net_buf.a(buf.c.obj)
                0x00004c88                net_buf_pool_get
 .text.net_buf_id
                0x00004c98       0x20 zephyr/lib/net_buf/liblib__net_buf.a(buf.c.obj)
                0x00004c98                net_buf_id
 .text.fixed_data_alloc
                0x00004cb8       0x24 zephyr/lib/net_buf/liblib__net_buf.a(buf.c.obj)
 .text.net_buf_reset
                0x00004cdc       0x30 zephyr/lib/net_buf/liblib__net_buf.a(buf.c.obj)
                0x00004cdc                net_buf_reset
 .text.net_buf_alloc_len
                0x00004d0c      0x1b8 zephyr/lib/net_buf/liblib__net_buf.a(buf.c.obj)
                0x00004d0c                net_buf_alloc_len
 .text.net_buf_slist_put
                0x00004ec4       0xd4 zephyr/lib/net_buf/liblib__net_buf.a(buf.c.obj)
                0x00004ec4                net_buf_slist_put
 .text.net_buf_slist_get
                0x00004f98       0xb8 zephyr/lib/net_buf/liblib__net_buf.a(buf.c.obj)
                0x00004f98                net_buf_slist_get
 .text.net_buf_unref
                0x00005050       0xa4 zephyr/lib/net_buf/liblib__net_buf.a(buf.c.obj)
                0x00005050                net_buf_unref
 .text.net_buf_ref
                0x000050f4       0x70 zephyr/lib/net_buf/liblib__net_buf.a(buf.c.obj)
                0x000050f4                net_buf_ref
 .text.net_buf_frag_last
                0x00005164       0x34 zephyr/lib/net_buf/liblib__net_buf.a(buf.c.obj)
                0x00005164                net_buf_frag_last
 .text.net_buf_frag_insert
                0x00005198       0x58 zephyr/lib/net_buf/liblib__net_buf.a(buf.c.obj)
                0x00005198                net_buf_frag_insert
 .text.net_buf_frag_add
                0x000051f0       0x48 zephyr/lib/net_buf/liblib__net_buf.a(buf.c.obj)
                0x000051f0                net_buf_frag_add
 .text.net_buf_frag_del
                0x00005238       0x78 zephyr/lib/net_buf/liblib__net_buf.a(buf.c.obj)
                0x00005238                net_buf_frag_del
 .text.net_buf_simple_reserve
                0x000052b0       0x44 zephyr/lib/net_buf/liblib__net_buf.a(buf_simple.c.obj)
                0x000052b0                net_buf_simple_reserve
 .text.net_buf_simple_add
                0x000052f4       0x40 zephyr/lib/net_buf/liblib__net_buf.a(buf_simple.c.obj)
                0x000052f4                net_buf_simple_add
 .text.net_buf_simple_push
                0x00005334       0x40 zephyr/lib/net_buf/liblib__net_buf.a(buf_simple.c.obj)
                0x00005334                net_buf_simple_push
 .text.net_buf_simple_pull
                0x00005374       0x3c zephyr/lib/net_buf/liblib__net_buf.a(buf_simple.c.obj)
                0x00005374                net_buf_simple_pull
 .text.net_buf_simple_pull_mem
                0x000053b0       0x3c zephyr/lib/net_buf/liblib__net_buf.a(buf_simple.c.obj)
                0x000053b0                net_buf_simple_pull_mem
 .text.nordicsemi_nrf52_init
                0x000053ec       0x38 zephyr/soc/soc/nrf52840/libsoc__nordic.a(soc.c.obj)
 .text.arch_busy_wait
                0x00005424       0x24 zephyr/soc/soc/nrf52840/libsoc__nordic.a(soc.c.obj)
                0x00005424                arch_busy_wait
 .text.gppi_init
                0x00005448       0x20 zephyr/soc/soc/nrf52840/libsoc__nordic.a(gppi_init.c.obj)
 .text.rand_get
                0x00005468       0x84 zephyr/subsys/random/libsubsys__random.a(random_entropy_device.c.obj)
 .text.bt_addr_le_tmp_str
                0x000054ec       0x98 zephyr/subsys/bluetooth/common/libsubsys__bluetooth__common.a(addr.c.obj)
                0x000054ec                bt_addr_le_tmp_str
 .text.bt_hex   0x00005584       0x44 zephyr/subsys/bluetooth/common/libsubsys__bluetooth__common.a(bt_str.c.obj)
                0x00005584                bt_hex
 .text.long_wq_init
                0x000055c8       0x38 zephyr/subsys/bluetooth/host/libsubsys__bluetooth__host.a(long_wq.c.obj)
 .text.bt_long_wq_schedule
                0x00005600        0xc zephyr/subsys/bluetooth/host/libsubsys__bluetooth__host.a(long_wq.c.obj)
                0x00005600                bt_long_wq_schedule
 .text.bt_long_wq_submit
                0x0000560c        0xc zephyr/subsys/bluetooth/host/libsubsys__bluetooth__host.a(long_wq.c.obj)
                0x0000560c                bt_long_wq_submit
 .text.sys_memcpy_swap.constprop.0
                0x00005618       0x58 zephyr/subsys/bluetooth/host/libsubsys__bluetooth__host.a(uuid.c.obj)
 .text.bt_uuid_to_uuid
                0x00005670       0x90 zephyr/subsys/bluetooth/host/libsubsys__bluetooth__host.a(uuid.c.obj)
 .text.hci_rx_pool_destroy
                0x00005700       0x34 zephyr/subsys/bluetooth/host/libsubsys__bluetooth__host.a(buf.c.obj)
 .text.bt_buf_get_rx
                0x00005734       0x98 zephyr/subsys/bluetooth/host/libsubsys__bluetooth__host.a(buf.c.obj)
                0x00005734                bt_buf_get_rx
 .text.bt_buf_get_evt
                0x000057cc       0x3c zephyr/subsys/bluetooth/host/libsubsys__bluetooth__host.a(buf.c.obj)
                0x000057cc                bt_buf_get_evt
 .text.bt_buf_destroy_view
                0x00005808       0x50 zephyr/subsys/bluetooth/host/libsubsys__bluetooth__host.a(buf.c.obj)
                0x00005808                bt_buf_destroy_view
 .text.bt_buf_make_view
                0x00005858       0xc0 zephyr/subsys/bluetooth/host/libsubsys__bluetooth__host.a(buf.c.obj)
                0x00005858                bt_buf_make_view
 .text.hci_disconn_complete_prio
                0x00005918       0x4c zephyr/subsys/bluetooth/host/libsubsys__bluetooth__host.a(hci_core.c.obj)
 .text.bt_tx_processor_init
                0x00005964       0x30 zephyr/subsys/bluetooth/host/libsubsys__bluetooth__host.a(hci_core.c.obj)
 .text.find_pending_connect.part.0
                0x00005994       0x2c zephyr/subsys/bluetooth/host/libsubsys__bluetooth__host.a(hci_core.c.obj)
 .text.rx_queue_put
                0x000059c0       0x48 zephyr/subsys/bluetooth/host/libsubsys__bluetooth__host.a(hci_core.c.obj)
 .text.hci_hardware_error
                0x00005a08       0x30 zephyr/subsys/bluetooth/host/libsubsys__bluetooth__host.a(hci_core.c.obj)
 .text.le_data_len_change
                0x00005a38       0x3c zephyr/subsys/bluetooth/host/libsubsys__bluetooth__host.a(hci_core.c.obj)
 .text.le_phy_update_complete
                0x00005a74       0x3c zephyr/subsys/bluetooth/host/libsubsys__bluetooth__host.a(hci_core.c.obj)
 .text.hci_disconn_complete
                0x00005ab0       0x4c zephyr/subsys/bluetooth/host/libsubsys__bluetooth__host.a(hci_core.c.obj)
 .text.handle_event_common
                0x00005afc       0x5c zephyr/subsys/bluetooth/host/libsubsys__bluetooth__host.a(hci_core.c.obj)
 .text.handle_event
                0x00005b58       0x40 zephyr/subsys/bluetooth/host/libsubsys__bluetooth__host.a(hci_core.c.obj)
 .text.hci_le_meta_prio_event
                0x00005b98       0x20 zephyr/subsys/bluetooth/host/libsubsys__bluetooth__host.a(hci_core.c.obj)
 .text.rx_work_handler
                0x00005bb8      0x160 zephyr/subsys/bluetooth/host/libsubsys__bluetooth__host.a(hci_core.c.obj)
 .text.hci_le_meta_event
                0x00005d18       0x20 zephyr/subsys/bluetooth/host/libsubsys__bluetooth__host.a(hci_core.c.obj)
 .text.hci_vendor_event
                0x00005d38       0x54 zephyr/subsys/bluetooth/host/libsubsys__bluetooth__host.a(hci_core.c.obj)
 .text.hci_data_buf_overflow
                0x00005d8c       0x2c zephyr/subsys/bluetooth/host/libsubsys__bluetooth__host.a(hci_core.c.obj)
 .text.le_remote_feat_complete
                0x00005db8       0x60 zephyr/subsys/bluetooth/host/libsubsys__bluetooth__host.a(hci_core.c.obj)
 .text.bt_hci_recv
                0x00005e18      0x14c zephyr/subsys/bluetooth/host/libsubsys__bluetooth__host.a(hci_core.c.obj)
                0x00005e18                bt_hci_recv
 .text.hci_cmd_done
                0x00005f64      0x168 zephyr/subsys/bluetooth/host/libsubsys__bluetooth__host.a(hci_core.c.obj)
 .text.le_conn_update_complete
                0x000060cc      0x154 zephyr/subsys/bluetooth/host/libsubsys__bluetooth__host.a(hci_core.c.obj)
 .text.enh_conn_complete_error_handle
                0x00006220       0x78 zephyr/subsys/bluetooth/host/libsubsys__bluetooth__host.a(hci_core.c.obj)
 .text.hci_num_completed_packets
                0x00006298      0x148 zephyr/subsys/bluetooth/host/libsubsys__bluetooth__host.a(hci_core.c.obj)
 .text.hci_reset_complete
                0x000063e0       0x2c zephyr/subsys/bluetooth/host/libsubsys__bluetooth__host.a(hci_core.c.obj)
 .text.bt_hci_cmd_state_set_init
                0x0000640c       0x24 zephyr/subsys/bluetooth/host/libsubsys__bluetooth__host.a(hci_core.c.obj)
                0x0000640c                bt_hci_cmd_state_set_init
 .text.bt_hci_cmd_alloc
                0x00006430       0x50 zephyr/subsys/bluetooth/host/libsubsys__bluetooth__host.a(hci_core.c.obj)
                0x00006430                bt_hci_cmd_alloc
 .text.bt_security_err_get
                0x00006480       0x10 zephyr/subsys/bluetooth/host/libsubsys__bluetooth__host.a(hci_core.c.obj)
                0x00006480                bt_security_err_get
 .text.hci_encrypt_key_refresh_complete
                0x00006490       0xa0 zephyr/subsys/bluetooth/host/libsubsys__bluetooth__host.a(hci_core.c.obj)
 .text.hci_encrypt_change
                0x00006530       0xcc zephyr/subsys/bluetooth/host/libsubsys__bluetooth__host.a(hci_core.c.obj)
 .text.bt_hci_get_ver_str
                0x000065fc       0x2c zephyr/subsys/bluetooth/host/libsubsys__bluetooth__host.a(hci_core.c.obj)
                0x000065fc                bt_hci_get_ver_str
 .text.bt_send  0x00006628       0x14 zephyr/subsys/bluetooth/host/libsubsys__bluetooth__host.a(hci_core.c.obj)
                0x00006628                bt_send
 .text.bt_finalize_init
                0x0000663c      0x11c zephyr/subsys/bluetooth/host/libsubsys__bluetooth__host.a(hci_core.c.obj)
                0x0000663c                bt_finalize_init
 .text.bt_get_name
                0x00006758        0x8 zephyr/subsys/bluetooth/host/libsubsys__bluetooth__host.a(hci_core.c.obj)
                0x00006758                bt_get_name
 .text.bt_tx_irq_raise
                0x00006760       0x48 zephyr/subsys/bluetooth/host/libsubsys__bluetooth__host.a(hci_core.c.obj)
                0x00006760                bt_tx_irq_raise
 .text.bt_hci_cmd_send
                0x000067a8       0xb0 zephyr/subsys/bluetooth/host/libsubsys__bluetooth__host.a(hci_core.c.obj)
                0x000067a8                bt_hci_cmd_send
 .text.bt_hci_cmd_send_sync
                0x00006858      0x13c zephyr/subsys/bluetooth/host/libsubsys__bluetooth__host.a(hci_core.c.obj)
                0x00006858                bt_hci_cmd_send_sync
 .text.bt_hci_le_read_max_data_len
                0x00006994       0xa0 zephyr/subsys/bluetooth/host/libsubsys__bluetooth__host.a(hci_core.c.obj)
                0x00006994                bt_hci_le_read_max_data_len
 .text.bt_hci_le_enh_conn_complete
                0x00006a34      0x1a8 zephyr/subsys/bluetooth/host/libsubsys__bluetooth__host.a(hci_core.c.obj)
                0x00006a34                bt_hci_le_enh_conn_complete
 .text.le_legacy_conn_complete
                0x00006bdc       0x7c zephyr/subsys/bluetooth/host/libsubsys__bluetooth__host.a(hci_core.c.obj)
 .text.init_work
                0x00006c58       0x18 zephyr/subsys/bluetooth/host/libsubsys__bluetooth__host.a(hci_core.c.obj)
 .text.bt_enable
                0x00006c70       0xe4 zephyr/subsys/bluetooth/host/libsubsys__bluetooth__host.a(hci_core.c.obj)
                0x00006c70                bt_enable
 .text.le_ltk_request
                0x00006d54       0xd0 zephyr/subsys/bluetooth/host/libsubsys__bluetooth__host.a(hci_core.c.obj)
 .text.le_conn_param_neg_reply
                0x00006e24       0x50 zephyr/subsys/bluetooth/host/libsubsys__bluetooth__host.a(hci_core.c.obj)
 .text.le_conn_param_req
                0x00006e74       0xcc zephyr/subsys/bluetooth/host/libsubsys__bluetooth__host.a(hci_core.c.obj)
 .text.hci_cmd_status
                0x00006f40       0x30 zephyr/subsys/bluetooth/host/libsubsys__bluetooth__host.a(hci_core.c.obj)
 .text.hci_cmd_complete
                0x00006f70       0x6c zephyr/subsys/bluetooth/host/libsubsys__bluetooth__host.a(hci_core.c.obj)
 .text.tx_processor
                0x00006fdc       0xfc zephyr/subsys/bluetooth/host/libsubsys__bluetooth__host.a(hci_core.c.obj)
 .text.bt_hci_evt_create
                0x000070d8       0x50 zephyr/subsys/bluetooth/host/libsubsys__bluetooth__host.a(hci_common.c.obj)
                0x000070d8                bt_hci_evt_create
 .text.id_find  0x00007128       0x30 zephyr/subsys/bluetooth/host/libsubsys__bluetooth__host.a(id.c.obj)
 .text.id_create.constprop.0
                0x00007158       0x5c zephyr/subsys/bluetooth/host/libsubsys__bluetooth__host.a(id.c.obj)
 .text.set_random_address
                0x000071b4       0x78 zephyr/subsys/bluetooth/host/libsubsys__bluetooth__host.a(id.c.obj)
 .text.find_rl_conflict
                0x0000722c       0xd4 zephyr/subsys/bluetooth/host/libsubsys__bluetooth__host.a(id.c.obj)
 .text.bt_id_pending_keys_update_set
                0x00007300       0x28 zephyr/subsys/bluetooth/host/libsubsys__bluetooth__host.a(id.c.obj)
                0x00007300                bt_id_pending_keys_update_set
 .text.bt_id_pending_keys_update
                0x00007328       0x34 zephyr/subsys/bluetooth/host/libsubsys__bluetooth__host.a(id.c.obj)
                0x00007328                bt_id_pending_keys_update
 .text.bt_id_find_conflict
                0x0000735c       0x20 zephyr/subsys/bluetooth/host/libsubsys__bluetooth__host.a(id.c.obj)
                0x0000735c                bt_id_find_conflict
 .text.bt_id_add
                0x0000737c      0x194 zephyr/subsys/bluetooth/host/libsubsys__bluetooth__host.a(id.c.obj)
                0x0000737c                bt_id_add
 .text.bt_id_del
                0x00007510      0x154 zephyr/subsys/bluetooth/host/libsubsys__bluetooth__host.a(id.c.obj)
                0x00007510                bt_id_del
 .text.bt_id_create
                0x00007664       0xc0 zephyr/subsys/bluetooth/host/libsubsys__bluetooth__host.a(id.c.obj)
                0x00007664                bt_id_create
 .text.bt_id_read_public_addr
                0x00007724       0xa0 zephyr/subsys/bluetooth/host/libsubsys__bluetooth__host.a(id.c.obj)
                0x00007724                bt_id_read_public_addr
 .text.bt_setup_public_id_addr
                0x000077c4       0x20 zephyr/subsys/bluetooth/host/libsubsys__bluetooth__host.a(id.c.obj)
                0x000077c4                bt_setup_public_id_addr
 .text.bt_setup_random_id_addr
                0x000077e4       0xe8 zephyr/subsys/bluetooth/host/libsubsys__bluetooth__host.a(id.c.obj)
                0x000077e4                bt_setup_random_id_addr
 .text.bt_id_set_adv_own_addr
                0x000078cc       0xd4 zephyr/subsys/bluetooth/host/libsubsys__bluetooth__host.a(id.c.obj)
                0x000078cc                bt_id_set_adv_own_addr
 .text.bt_id_init
                0x000079a0       0x60 zephyr/subsys/bluetooth/host/libsubsys__bluetooth__host.a(id.c.obj)
                0x000079a0                bt_id_init
 .text.hci_set_ad.constprop.0
                0x00007a00       0xd4 zephyr/subsys/bluetooth/host/libsubsys__bluetooth__host.a(adv.c.obj)
 .text.le_adv_update.constprop.0
                0x00007ad4       0x58 zephyr/subsys/bluetooth/host/libsubsys__bluetooth__host.a(adv.c.obj)
 .text.bt_le_ext_adv_foreach
                0x00007b2c        0xc zephyr/subsys/bluetooth/host/libsubsys__bluetooth__host.a(adv.c.obj)
                0x00007b2c                bt_le_ext_adv_foreach
 .text.bt_le_adv_lookup_legacy
                0x00007b38        0x8 zephyr/subsys/bluetooth/host/libsubsys__bluetooth__host.a(adv.c.obj)
                0x00007b38                bt_le_adv_lookup_legacy
 .text.bt_le_adv_update_data
                0x00007b40       0x34 zephyr/subsys/bluetooth/host/libsubsys__bluetooth__host.a(adv.c.obj)
                0x00007b40                bt_le_adv_update_data
 .text.bt_le_adv_start
                0x00007b74      0x3b4 zephyr/subsys/bluetooth/host/libsubsys__bluetooth__host.a(adv.c.obj)
                0x00007b74                bt_le_adv_start
 .text.bt_le_adv_stop
                0x00007f28       0x7c zephyr/subsys/bluetooth/host/libsubsys__bluetooth__host.a(adv.c.obj)
                0x00007f28                bt_le_adv_stop
 .text.adv_timeout
                0x00007fa4       0x2c zephyr/subsys/bluetooth/host/libsubsys__bluetooth__host.a(adv.c.obj)
 .text.sys_memcpy_swap.constprop.0
                0x00007fd0       0x58 zephyr/subsys/bluetooth/host/libsubsys__bluetooth__host.a(ecc.c.obj)
 .text.generate_pub_key
                0x00008028      0x15c zephyr/subsys/bluetooth/host/libsubsys__bluetooth__host.a(ecc.c.obj)
 .text.generate_dh_key
                0x00008184      0x114 zephyr/subsys/bluetooth/host/libsubsys__bluetooth__host.a(ecc.c.obj)
 .text.bt_pub_key_is_debug
                0x00008298       0x18 zephyr/subsys/bluetooth/host/libsubsys__bluetooth__host.a(ecc.c.obj)
                0x00008298                bt_pub_key_is_debug
 .text.bt_pub_key_is_valid
                0x000082b0       0x90 zephyr/subsys/bluetooth/host/libsubsys__bluetooth__host.a(ecc.c.obj)
                0x000082b0                bt_pub_key_is_valid
 .text.bt_pub_key_gen
                0x00008340       0xb8 zephyr/subsys/bluetooth/host/libsubsys__bluetooth__host.a(ecc.c.obj)
                0x00008340                bt_pub_key_gen
 .text.bt_pub_key_get
                0x000083f8       0x20 zephyr/subsys/bluetooth/host/libsubsys__bluetooth__host.a(ecc.c.obj)
                0x000083f8                bt_pub_key_get
 .text.bt_dh_key_gen
                0x00008418       0x98 zephyr/subsys/bluetooth/host/libsubsys__bluetooth__host.a(ecc.c.obj)
                0x00008418                bt_dh_key_gen
 .text.frag_destroy
                0x000084b0       0x20 zephyr/subsys/bluetooth/host/libsubsys__bluetooth__host.a(conn.c.obj)
 .text.notify_connected
                0x000084d0       0x70 zephyr/subsys/bluetooth/host/libsubsys__bluetooth__host.a(conn.c.obj)
 .text.k_current_get
                0x00008540       0x48 zephyr/subsys/bluetooth/host/libsubsys__bluetooth__host.a(conn.c.obj)
 .text.acl_get_and_clear_cb
                0x00008588       0x48 zephyr/subsys/bluetooth/host/libsubsys__bluetooth__host.a(conn.c.obj)
 .text.perform_auto_initiated_procedures
                0x000085d0       0xcc zephyr/subsys/bluetooth/host/libsubsys__bluetooth__host.a(conn.c.obj)
 .text.recycled_work_handler
                0x0000869c       0x84 zephyr/subsys/bluetooth/host/libsubsys__bluetooth__host.a(conn.c.obj)
 .text.tx_notify_process
                0x00008720       0x8c zephyr/subsys/bluetooth/host/libsubsys__bluetooth__host.a(conn.c.obj)
 .text.bt_conn_get_pkts
                0x000087ac       0x18 zephyr/subsys/bluetooth/host/libsubsys__bluetooth__host.a(conn.c.obj)
                0x000087ac                bt_conn_get_pkts
 .text.bt_conn_tx_notify
                0x000087c4       0x74 zephyr/subsys/bluetooth/host/libsubsys__bluetooth__host.a(conn.c.obj)
                0x000087c4                bt_conn_tx_notify
 .text.bt_conn_new
                0x00008838       0x64 zephyr/subsys/bluetooth/host/libsubsys__bluetooth__host.a(conn.c.obj)
                0x00008838                bt_conn_new
 .text.bt_conn_recv
                0x0000889c      0x130 zephyr/subsys/bluetooth/host/libsubsys__bluetooth__host.a(conn.c.obj)
                0x0000889c                bt_conn_recv
 .text.bt_conn_ref
                0x000089cc       0x60 zephyr/subsys/bluetooth/host/libsubsys__bluetooth__host.a(conn.c.obj)
                0x000089cc                bt_conn_ref
 .text.bt_conn_unref
                0x00008a2c       0xdc zephyr/subsys/bluetooth/host/libsubsys__bluetooth__host.a(conn.c.obj)
                0x00008a2c                bt_conn_unref
 .text.bt_conn_data_ready
                0x00008b08       0x48 zephyr/subsys/bluetooth/host/libsubsys__bluetooth__host.a(conn.c.obj)
                0x00008b08                bt_conn_data_ready
 .text.bt_conn_set_state
                0x00008b50      0x188 zephyr/subsys/bluetooth/host/libsubsys__bluetooth__host.a(conn.c.obj)
                0x00008b50                bt_conn_set_state
 .text.bt_conn_foreach
                0x00008cd8       0x30 zephyr/subsys/bluetooth/host/libsubsys__bluetooth__host.a(conn.c.obj)
                0x00008cd8                bt_conn_foreach
 .text.auto_initiated_procedures
                0x00008d08       0x10 zephyr/subsys/bluetooth/host/libsubsys__bluetooth__host.a(conn.c.obj)
 .text.bt_conn_lookup_handle
                0x00008d18       0x58 zephyr/subsys/bluetooth/host/libsubsys__bluetooth__host.a(conn.c.obj)
                0x00008d18                bt_conn_lookup_handle
 .text.bt_conn_index
                0x00008d70       0x60 zephyr/subsys/bluetooth/host/libsubsys__bluetooth__host.a(conn.c.obj)
                0x00008d70                bt_conn_index
 .text.bt_conn_create_pdu_timeout
                0x00008dd0       0xa0 zephyr/subsys/bluetooth/host/libsubsys__bluetooth__host.a(conn.c.obj)
                0x00008dd0                bt_conn_create_pdu_timeout
 .text.bt_conn_connected
                0x00008e70       0x20 zephyr/subsys/bluetooth/host/libsubsys__bluetooth__host.a(conn.c.obj)
                0x00008e70                bt_conn_connected
 .text.bt_conn_disconnect
                0x00008e90       0x78 zephyr/subsys/bluetooth/host/libsubsys__bluetooth__host.a(conn.c.obj)
                0x00008e90                bt_conn_disconnect
 .text.bt_conn_tx_processor
                0x00008f08      0x41c zephyr/subsys/bluetooth/host/libsubsys__bluetooth__host.a(conn.c.obj)
                0x00008f08                bt_conn_tx_processor
 .text.bt_conn_notify_le_param_updated
                0x00009324       0xd4 zephyr/subsys/bluetooth/host/libsubsys__bluetooth__host.a(conn.c.obj)
                0x00009324                bt_conn_notify_le_param_updated
 .text.bt_conn_le_param_req
                0x000093f8       0xa8 zephyr/subsys/bluetooth/host/libsubsys__bluetooth__host.a(conn.c.obj)
                0x000093f8                bt_conn_le_param_req
 .text.bt_conn_identity_resolved
                0x000094a0       0x90 zephyr/subsys/bluetooth/host/libsubsys__bluetooth__host.a(conn.c.obj)
                0x000094a0                bt_conn_identity_resolved
 .text.bt_conn_security_changed
                0x00009530       0x80 zephyr/subsys/bluetooth/host/libsubsys__bluetooth__host.a(conn.c.obj)
                0x00009530                bt_conn_security_changed
 .text.bt_conn_add_le
                0x000095b0       0x58 zephyr/subsys/bluetooth/host/libsubsys__bluetooth__host.a(conn.c.obj)
                0x000095b0                bt_conn_add_le
 .text.bt_conn_lookup_addr_le
                0x00009608       0x34 zephyr/subsys/bluetooth/host/libsubsys__bluetooth__host.a(conn.c.obj)
                0x00009608                bt_conn_lookup_addr_le
 .text.bt_conn_exists_le
                0x0000963c       0x5c zephyr/subsys/bluetooth/host/libsubsys__bluetooth__host.a(conn.c.obj)
                0x0000963c                bt_conn_exists_le
 .text.bt_conn_lookup_state_le
                0x00009698       0x44 zephyr/subsys/bluetooth/host/libsubsys__bluetooth__host.a(conn.c.obj)
                0x00009698                bt_conn_lookup_state_le
 .text.bt_conn_dst_tmp_str
                0x000096dc       0xb4 zephyr/subsys/bluetooth/host/libsubsys__bluetooth__host.a(conn.c.obj)
                0x000096dc                bt_conn_dst_tmp_str
 .text.send_conn_le_param_update
                0x00009790       0x6c zephyr/subsys/bluetooth/host/libsubsys__bluetooth__host.a(conn.c.obj)
 .text.deferred_work
                0x000097fc      0x150 zephyr/subsys/bluetooth/host/libsubsys__bluetooth__host.a(conn.c.obj)
 .text.bt_conn_init
                0x0000994c       0x4c zephyr/subsys/bluetooth/host/libsubsys__bluetooth__host.a(conn.c.obj)
                0x0000994c                bt_conn_init
 .text.lower_data_ready
                0x00009998       0x4c zephyr/subsys/bluetooth/host/libsubsys__bluetooth__host.a(l2cap.c.obj)
 .text.l2cap_accept
                0x000099e4       0x40 zephyr/subsys/bluetooth/host/libsubsys__bluetooth__host.a(l2cap.c.obj)
 .text.bt_l2cap_create_pdu_timeout
                0x00009a24       0x70 zephyr/subsys/bluetooth/host/libsubsys__bluetooth__host.a(l2cap.c.obj)
                0x00009a24                bt_l2cap_create_pdu_timeout
 .text.l2cap_create_le_sig_pdu
                0x00009a94       0x50 zephyr/subsys/bluetooth/host/libsubsys__bluetooth__host.a(l2cap.c.obj)
 .text.bt_l2cap_send_pdu
                0x00009ae4       0x60 zephyr/subsys/bluetooth/host/libsubsys__bluetooth__host.a(l2cap.c.obj)
                0x00009ae4                bt_l2cap_send_pdu
 .text.l2cap_data_pull
                0x00009b44      0x138 zephyr/subsys/bluetooth/host/libsubsys__bluetooth__host.a(l2cap.c.obj)
                0x00009b44                l2cap_data_pull
 .text.bt_l2cap_connected
                0x00009c7c      0x138 zephyr/subsys/bluetooth/host/libsubsys__bluetooth__host.a(l2cap.c.obj)
                0x00009c7c                bt_l2cap_connected
 .text.l2cap_recv
                0x00009db4       0xd0 zephyr/subsys/bluetooth/host/libsubsys__bluetooth__host.a(l2cap.c.obj)
 .text.bt_l2cap_recv
                0x00009e84       0x70 zephyr/subsys/bluetooth/host/libsubsys__bluetooth__host.a(l2cap.c.obj)
                0x00009e84                bt_l2cap_recv
 .text.bt_l2cap_update_conn_param
                0x00009ef4       0x58 zephyr/subsys/bluetooth/host/libsubsys__bluetooth__host.a(l2cap.c.obj)
                0x00009ef4                bt_l2cap_update_conn_param
 .text.att_op_get_type
                0x00009f4c       0x74 zephyr/subsys/bluetooth/host/libsubsys__bluetooth__host.a(att.c.obj)
 .text.bt_att_released
                0x00009fc0        0xc zephyr/subsys/bluetooth/host/libsubsys__bluetooth__host.a(att.c.obj)
 .text.k_current_get
                0x00009fcc       0x48 zephyr/subsys/bluetooth/host/libsubsys__bluetooth__host.a(att.c.obj)
 .text.att_get_tx_meta_data
                0x0000a014       0x4c zephyr/subsys/bluetooth/host/libsubsys__bluetooth__host.a(att.c.obj)
 .text.att_create_rsp_pdu
                0x0000a060       0x60 zephyr/subsys/bluetooth/host/libsubsys__bluetooth__host.a(att.c.obj)
 .text.att_tx_destroy
                0x0000a0c0       0xe0 zephyr/subsys/bluetooth/host/libsubsys__bluetooth__host.a(att.c.obj)
 .text.bt_att_chan_create_pdu
                0x0000a1a0       0xa8 zephyr/subsys/bluetooth/host/libsubsys__bluetooth__host.a(att.c.obj)
 .text.chan_send
                0x0000a248      0x110 zephyr/subsys/bluetooth/host/libsubsys__bluetooth__host.a(att.c.obj)
 .text.send_err_rsp
                0x0000a358       0x58 zephyr/subsys/bluetooth/host/libsubsys__bluetooth__host.a(att.c.obj)
 .text.bt_att_recv
                0x0000a3b0       0xe8 zephyr/subsys/bluetooth/host/libsubsys__bluetooth__host.a(att.c.obj)
 .text.att_find_info_req
                0x0000a498       0x6c zephyr/subsys/bluetooth/host/libsubsys__bluetooth__host.a(att.c.obj)
 .text.bt_att_connected
                0x0000a504       0x40 zephyr/subsys/bluetooth/host/libsubsys__bluetooth__host.a(att.c.obj)
 .text.att_write_rsp.constprop.0
                0x0000a544       0xd4 zephyr/subsys/bluetooth/host/libsubsys__bluetooth__host.a(att.c.obj)
 .text.att_read_rsp
                0x0000a618       0x90 zephyr/subsys/bluetooth/host/libsubsys__bluetooth__host.a(att.c.obj)
 .text.att_read_mult_req
                0x0000a6a8       0x94 zephyr/subsys/bluetooth/host/libsubsys__bluetooth__host.a(att.c.obj)
 .text.att_read_mult_vl_req
                0x0000a73c       0x94 zephyr/subsys/bluetooth/host/libsubsys__bluetooth__host.a(att.c.obj)
 .text.att_find_type_req
                0x0000a7d0       0xc0 zephyr/subsys/bluetooth/host/libsubsys__bluetooth__host.a(att.c.obj)
 .text.att_read_type_req
                0x0000a890      0x114 zephyr/subsys/bluetooth/host/libsubsys__bluetooth__host.a(att.c.obj)
 .text.att_read_group_req
                0x0000a9a4       0xf0 zephyr/subsys/bluetooth/host/libsubsys__bluetooth__host.a(att.c.obj)
 .text.find_type_cb
                0x0000aa94      0x168 zephyr/subsys/bluetooth/host/libsubsys__bluetooth__host.a(att.c.obj)
 .text.read_group_cb
                0x0000abfc       0xb8 zephyr/subsys/bluetooth/host/libsubsys__bluetooth__host.a(att.c.obj)
 .text.read_type_cb
                0x0000acb4       0xc0 zephyr/subsys/bluetooth/host/libsubsys__bluetooth__host.a(att.c.obj)
 .text.bt_att_accept
                0x0000ad74       0xf8 zephyr/subsys/bluetooth/host/libsubsys__bluetooth__host.a(att.c.obj)
 .text.att_get  0x0000ae6c       0x70 zephyr/subsys/bluetooth/host/libsubsys__bluetooth__host.a(att.c.obj)
 .text.att_tx_destroy_work_handler
                0x0000aedc      0x21c zephyr/subsys/bluetooth/host/libsubsys__bluetooth__host.a(att.c.obj)
 .text.bt_att_create_pdu
                0x0000b0f8       0x74 zephyr/subsys/bluetooth/host/libsubsys__bluetooth__host.a(att.c.obj)
                0x0000b0f8                bt_att_create_pdu
 .text.bt_att_req_alloc
                0x0000b16c       0x54 zephyr/subsys/bluetooth/host/libsubsys__bluetooth__host.a(att.c.obj)
                0x0000b16c                bt_att_req_alloc
 .text.bt_att_req_free
                0x0000b1c0       0x20 zephyr/subsys/bluetooth/host/libsubsys__bluetooth__host.a(att.c.obj)
                0x0000b1c0                bt_att_req_free
 .text.att_handle_rsp.isra.0
                0x0000b1e0       0x80 zephyr/subsys/bluetooth/host/libsubsys__bluetooth__host.a(att.c.obj)
 .text.bt_att_disconnected
                0x0000b260       0xc8 zephyr/subsys/bluetooth/host/libsubsys__bluetooth__host.a(att.c.obj)
 .text.att_disconnect
                0x0000b328       0x38 zephyr/subsys/bluetooth/host/libsubsys__bluetooth__host.a(att.c.obj)
 .text.att_timeout
                0x0000b360       0x3c zephyr/subsys/bluetooth/host/libsubsys__bluetooth__host.a(att.c.obj)
 .text.bt_att_encrypt_change
                0x0000b39c       0xa0 zephyr/subsys/bluetooth/host/libsubsys__bluetooth__host.a(att.c.obj)
 .text.bt_att_send
                0x0000b43c       0xa0 zephyr/subsys/bluetooth/host/libsubsys__bluetooth__host.a(att.c.obj)
                0x0000b43c                bt_att_send
 .text.bt_att_req_send
                0x0000b4dc       0x7c zephyr/subsys/bluetooth/host/libsubsys__bluetooth__host.a(att.c.obj)
                0x0000b4dc                bt_att_req_send
 .text.find_cf_cfg
                0x0000b558       0x64 zephyr/subsys/bluetooth/host/libsubsys__bluetooth__host.a(gatt.c.obj)
 .text.find_sc_cfg
                0x0000b5bc       0x44 zephyr/subsys/bluetooth/host/libsubsys__bluetooth__host.a(gatt.c.obj)
 .text.find_ccc_cfg
                0x0000b600       0x48 zephyr/subsys/bluetooth/host/libsubsys__bluetooth__host.a(gatt.c.obj)
 .text.bt_gatt_attr_write_ccc
                0x0000b648       0xc8 zephyr/subsys/bluetooth/host/libsubsys__bluetooth__host.a(gatt.c.obj)
                0x0000b648                bt_gatt_attr_write_ccc
 .text.db_hash_update
                0x0000b710       0x30 zephyr/subsys/bluetooth/host/libsubsys__bluetooth__host.a(gatt.c.obj)
 .text.clear_cf_cfg
                0x0000b740       0x2c zephyr/subsys/bluetooth/host/libsubsys__bluetooth__host.a(gatt.c.obj)
 .text.sc_save  0x0000b76c       0xa8 zephyr/subsys/bluetooth/host/libsubsys__bluetooth__host.a(gatt.c.obj)
 .text.disconnected_cb
                0x0000b814       0xb4 zephyr/subsys/bluetooth/host/libsubsys__bluetooth__host.a(gatt.c.obj)
 .text.cf_write
                0x0000b8c8       0xa4 zephyr/subsys/bluetooth/host/libsubsys__bluetooth__host.a(gatt.c.obj)
 .text.sc_indicate_rsp
                0x0000b96c       0x58 zephyr/subsys/bluetooth/host/libsubsys__bluetooth__host.a(gatt.c.obj)
 .text.bt_gatt_init
                0x0000b9c4       0xac zephyr/subsys/bluetooth/host/libsubsys__bluetooth__host.a(gatt.c.obj)
                0x0000b9c4                bt_gatt_init
 .text.bt_gatt_attr_get_handle
                0x0000ba70       0x90 zephyr/subsys/bluetooth/host/libsubsys__bluetooth__host.a(gatt.c.obj)
                0x0000ba70                bt_gatt_attr_get_handle
 .text.bt_gatt_foreach_attr_type
                0x0000bb00       0xe0 zephyr/subsys/bluetooth/host/libsubsys__bluetooth__host.a(gatt.c.obj)
                0x0000bb00                bt_gatt_foreach_attr_type
 .text.db_hash_gen
                0x0000bbe0      0x11c zephyr/subsys/bluetooth/host/libsubsys__bluetooth__host.a(gatt.c.obj)
 .text.db_hash_read
                0x0000bcfc       0x6c zephyr/subsys/bluetooth/host/libsubsys__bluetooth__host.a(gatt.c.obj)
 .text.db_hash_process
                0x0000bd68       0x1c zephyr/subsys/bluetooth/host/libsubsys__bluetooth__host.a(gatt.c.obj)
 .text.bt_gatt_attr_next
                0x0000bd84       0x24 zephyr/subsys/bluetooth/host/libsubsys__bluetooth__host.a(gatt.c.obj)
                0x0000bd84                bt_gatt_attr_next
 .text.bt_gatt_is_subscribed
                0x0000bda8      0x218 zephyr/subsys/bluetooth/host/libsubsys__bluetooth__host.a(gatt.c.obj)
                0x0000bda8                bt_gatt_is_subscribed
 .text.gatt_indicate
                0x0000bfc0       0xb0 zephyr/subsys/bluetooth/host/libsubsys__bluetooth__host.a(gatt.c.obj)
 .text.bt_gatt_indicate
                0x0000c070      0x144 zephyr/subsys/bluetooth/host/libsubsys__bluetooth__host.a(gatt.c.obj)
                0x0000c070                bt_gatt_indicate
 .text.sc_process
                0x0000c1b4       0xa4 zephyr/subsys/bluetooth/host/libsubsys__bluetooth__host.a(gatt.c.obj)
 .text.update_ccc
                0x0000c258      0x11c zephyr/subsys/bluetooth/host/libsubsys__bluetooth__host.a(gatt.c.obj)
 .text.bt_gatt_notify_cb
                0x0000c374      0x13c zephyr/subsys/bluetooth/host/libsubsys__bluetooth__host.a(gatt.c.obj)
                0x0000c374                bt_gatt_notify_cb
 .text.notify_cb
                0x0000c4b0      0x118 zephyr/subsys/bluetooth/host/libsubsys__bluetooth__host.a(gatt.c.obj)
 .text.bt_gatt_connected
                0x0000c5c8       0x58 zephyr/subsys/bluetooth/host/libsubsys__bluetooth__host.a(gatt.c.obj)
                0x0000c5c8                bt_gatt_connected
 .text.bt_gatt_att_max_mtu_changed
                0x0000c620       0x40 zephyr/subsys/bluetooth/host/libsubsys__bluetooth__host.a(gatt.c.obj)
                0x0000c620                bt_gatt_att_max_mtu_changed
 .text.bt_gatt_encrypt_change
                0x0000c660       0x28 zephyr/subsys/bluetooth/host/libsubsys__bluetooth__host.a(gatt.c.obj)
                0x0000c660                bt_gatt_encrypt_change
 .text.bt_gatt_disconnected
                0x0000c688       0x48 zephyr/subsys/bluetooth/host/libsubsys__bluetooth__host.a(gatt.c.obj)
                0x0000c688                bt_gatt_disconnected
 .text.gatt_gap_svc_validate
                0x0000c6d0       0x40 zephyr/subsys/bluetooth/host/libsubsys__bluetooth__host.a(gatt_gap_svc_validate.c.obj)
                0x0000c6d0                gatt_gap_svc_validate
 .text.smp_find
                0x0000c710       0x1c zephyr/subsys/bluetooth/host/libsubsys__bluetooth__host.a(smp.c.obj)
 .text.latch_auth_cb
                0x0000c72c       0x3c zephyr/subsys/bluetooth/host/libsubsys__bluetooth__host.a(smp.c.obj)
 .text.get_io_capa
                0x0000c768       0x48 zephyr/subsys/bluetooth/host/libsubsys__bluetooth__host.a(smp.c.obj)
 .text.smp_send.constprop.0
                0x0000c7b0       0x54 zephyr/subsys/bluetooth/host/libsubsys__bluetooth__host.a(smp.c.obj)
 .text.smp_chan_get
                0x0000c804       0x34 zephyr/subsys/bluetooth/host/libsubsys__bluetooth__host.a(smp.c.obj)
 .text.bt_smp_accept
                0x0000c838       0x48 zephyr/subsys/bluetooth/host/libsubsys__bluetooth__host.a(smp.c.obj)
 .text.smp_dhkey_generate
                0x0000c880       0x4c zephyr/subsys/bluetooth/host/libsubsys__bluetooth__host.a(smp.c.obj)
 .text.smp_init
                0x0000c8cc       0x38 zephyr/subsys/bluetooth/host/libsubsys__bluetooth__host.a(smp.c.obj)
 .text.smp_ident_info
                0x0000c904       0x78 zephyr/subsys/bluetooth/host/libsubsys__bluetooth__host.a(smp.c.obj)
 .text.smp_pairing_random
                0x0000c97c      0x194 zephyr/subsys/bluetooth/host/libsubsys__bluetooth__host.a(smp.c.obj)
 .text.compute_and_check_and_send_periph_dhcheck
                0x0000cb10      0x1a4 zephyr/subsys/bluetooth/host/libsubsys__bluetooth__host.a(smp.c.obj)
 .text.smp_send_pairing_confirm
                0x0000ccb4       0x98 zephyr/subsys/bluetooth/host/libsubsys__bluetooth__host.a(smp.c.obj)
 .text.smp_pairing_confirm
                0x0000cd4c       0x80 zephyr/subsys/bluetooth/host/libsubsys__bluetooth__host.a(smp.c.obj)
 .text.smp_public_key_periph
                0x0000cdcc      0x178 zephyr/subsys/bluetooth/host/libsubsys__bluetooth__host.a(smp.c.obj)
 .text.smp_public_key
                0x0000cf44       0xd8 zephyr/subsys/bluetooth/host/libsubsys__bluetooth__host.a(smp.c.obj)
 .text.bt_smp_connected
                0x0000d01c       0x54 zephyr/subsys/bluetooth/host/libsubsys__bluetooth__host.a(smp.c.obj)
 .text.get_auth
                0x0000d070       0x68 zephyr/subsys/bluetooth/host/libsubsys__bluetooth__host.a(smp.c.obj)
 .text.smp_pairing_req
                0x0000d0d8      0x1ec zephyr/subsys/bluetooth/host/libsubsys__bluetooth__host.a(smp.c.obj)
 .text.bt_smp_start_security
                0x0000d2c4      0x184 zephyr/subsys/bluetooth/host/libsubsys__bluetooth__host.a(smp.c.obj)
                0x0000d2c4                bt_smp_start_security
 .text.smp_pairing_complete
                0x0000d448      0x124 zephyr/subsys/bluetooth/host/libsubsys__bluetooth__host.a(smp.c.obj)
 .text.smp_error
                0x0000d56c       0xb0 zephyr/subsys/bluetooth/host/libsubsys__bluetooth__host.a(smp.c.obj)
 .text.bt_smp_pkey_ready
                0x0000d61c       0xb4 zephyr/subsys/bluetooth/host/libsubsys__bluetooth__host.a(smp.c.obj)
 .text.bt_smp_recv
                0x0000d6d0      0x128 zephyr/subsys/bluetooth/host/libsubsys__bluetooth__host.a(smp.c.obj)
 .text.smp_ident_addr_info
                0x0000d7f8      0x1f0 zephyr/subsys/bluetooth/host/libsubsys__bluetooth__host.a(smp.c.obj)
 .text.smp_pairing_failed
                0x0000d9e8       0x6c zephyr/subsys/bluetooth/host/libsubsys__bluetooth__host.a(smp.c.obj)
 .text.bt_smp_encrypt_change
                0x0000da54      0x11c zephyr/subsys/bluetooth/host/libsubsys__bluetooth__host.a(smp.c.obj)
 .text.smp_timeout
                0x0000db70       0x58 zephyr/subsys/bluetooth/host/libsubsys__bluetooth__host.a(smp.c.obj)
 .text.bt_smp_update_keys
                0x0000dbc8      0x144 zephyr/subsys/bluetooth/host/libsubsys__bluetooth__host.a(smp.c.obj)
                0x0000dbc8                bt_smp_update_keys
 .text.bt_smp_init
                0x0000dd0c       0x1c zephyr/subsys/bluetooth/host/libsubsys__bluetooth__host.a(smp.c.obj)
                0x0000dd0c                bt_smp_init
 .text.bt_keys_get_addr
                0x0000dd28       0x7c zephyr/subsys/bluetooth/host/libsubsys__bluetooth__host.a(keys.c.obj)
                0x0000dd28                bt_keys_get_addr
 .text.bt_keys_foreach_type
                0x0000dda4       0x48 zephyr/subsys/bluetooth/host/libsubsys__bluetooth__host.a(keys.c.obj)
                0x0000dda4                bt_keys_foreach_type
 .text.bt_keys_find
                0x0000ddec       0x54 zephyr/subsys/bluetooth/host/libsubsys__bluetooth__host.a(keys.c.obj)
                0x0000ddec                bt_keys_find
 .text.bt_keys_find_irk
                0x0000de40       0xa4 zephyr/subsys/bluetooth/host/libsubsys__bluetooth__host.a(keys.c.obj)
                0x0000de40                bt_keys_find_irk
 .text.bt_keys_find_addr
                0x0000dee4       0x4c zephyr/subsys/bluetooth/host/libsubsys__bluetooth__host.a(keys.c.obj)
                0x0000dee4                bt_keys_find_addr
 .text.bt_keys_add_type
                0x0000df30       0x30 zephyr/subsys/bluetooth/host/libsubsys__bluetooth__host.a(keys.c.obj)
                0x0000df30                bt_keys_add_type
 .text.bt_keys_get_type
                0x0000df60       0x48 zephyr/subsys/bluetooth/host/libsubsys__bluetooth__host.a(keys.c.obj)
                0x0000df60                bt_keys_get_type
 .text.bt_keys_clear
                0x0000dfa8       0x44 zephyr/subsys/bluetooth/host/libsubsys__bluetooth__host.a(keys.c.obj)
                0x0000dfa8                bt_keys_clear
 .text.sys_memcpy_swap
                0x0000dfec       0x58 zephyr/subsys/bluetooth/crypto/libsubsys__bluetooth__crypto.a(bt_crypto.c.obj)
 .text.bt_crypto_f5
                0x0000e044       0xd0 zephyr/subsys/bluetooth/crypto/libsubsys__bluetooth__crypto.a(bt_crypto.c.obj)
                0x0000e044                bt_crypto_f5
 .text.bt_crypto_g2
                0x0000e114       0x5c zephyr/subsys/bluetooth/crypto/libsubsys__bluetooth__crypto.a(bt_crypto.c.obj)
                0x0000e114                bt_crypto_g2
 .text.bt_crypto_aes_cmac
                0x0000e170       0xa4 zephyr/subsys/bluetooth/crypto/libsubsys__bluetooth__crypto.a(bt_crypto_psa.c.obj)
                0x0000e170                bt_crypto_aes_cmac
 .text.mem_init
                0x0000e214       0x48 zephyr/subsys/bluetooth/controller/libsubsys__bluetooth__controller.a(mem.c.obj)
                0x0000e214                mem_init
 .text.mem_acquire
                0x0000e25c       0x2c zephyr/subsys/bluetooth/controller/libsubsys__bluetooth__controller.a(mem.c.obj)
                0x0000e25c                mem_acquire
 .text.mem_release
                0x0000e288       0x28 zephyr/subsys/bluetooth/controller/libsubsys__bluetooth__controller.a(mem.c.obj)
                0x0000e288                mem_release
 .text.mem_get  0x0000e2b0        0x8 zephyr/subsys/bluetooth/controller/libsubsys__bluetooth__controller.a(mem.c.obj)
                0x0000e2b0                mem_get
 .text.mem_index_get
                0x0000e2b8        0xc zephyr/subsys/bluetooth/controller/libsubsys__bluetooth__controller.a(mem.c.obj)
                0x0000e2b8                mem_index_get
 .text.mem_rcopy
                0x0000e2c4       0x1c zephyr/subsys/bluetooth/controller/libsubsys__bluetooth__controller.a(mem.c.obj)
                0x0000e2c4                mem_rcopy
 .text.mem_nz   0x0000e2e0       0x18 zephyr/subsys/bluetooth/controller/libsubsys__bluetooth__controller.a(mem.c.obj)
                0x0000e2e0                mem_nz
 .text.memq_init
                0x0000e2f8        0x8 zephyr/subsys/bluetooth/controller/libsubsys__bluetooth__controller.a(memq.c.obj)
                0x0000e2f8                memq_init
 .text.memq_deinit
                0x0000e300       0x14 zephyr/subsys/bluetooth/controller/libsubsys__bluetooth__controller.a(memq.c.obj)
                0x0000e300                memq_deinit
 .text.memq_enqueue
                0x0000e314       0x14 zephyr/subsys/bluetooth/controller/libsubsys__bluetooth__controller.a(memq.c.obj)
                0x0000e314                memq_enqueue
 .text.memq_peek
                0x0000e328       0x10 zephyr/subsys/bluetooth/controller/libsubsys__bluetooth__controller.a(memq.c.obj)
                0x0000e328                memq_peek
 .text.memq_dequeue
                0x0000e338       0x20 zephyr/subsys/bluetooth/controller/libsubsys__bluetooth__controller.a(memq.c.obj)
                0x0000e338                memq_dequeue
 .text.mayfly_init
                0x0000e358       0x48 zephyr/subsys/bluetooth/controller/libsubsys__bluetooth__controller.a(mayfly.c.obj)
                0x0000e358                mayfly_init
 .text.mayfly_enable
                0x0000e3a0       0x68 zephyr/subsys/bluetooth/controller/libsubsys__bluetooth__controller.a(mayfly.c.obj)
                0x0000e3a0                mayfly_enable
 .text.mayfly_enqueue
                0x0000e408       0xc4 zephyr/subsys/bluetooth/controller/libsubsys__bluetooth__controller.a(mayfly.c.obj)
                0x0000e408                mayfly_enqueue
 .text.mayfly_run
                0x0000e4cc      0x170 zephyr/subsys/bluetooth/controller/libsubsys__bluetooth__controller.a(mayfly.c.obj)
                0x0000e4cc                mayfly_run
 .text.util_ones_count_get
                0x0000e63c       0x28 zephyr/subsys/bluetooth/controller/libsubsys__bluetooth__controller.a(util.c.obj)
                0x0000e63c                util_ones_count_get
 .text.ticker_dequeue
                0x0000e664       0x64 zephyr/subsys/bluetooth/controller/libsubsys__bluetooth__controller.a(ticker.c.obj)
 .text.ticks_to_expire_prep
                0x0000e6c8       0x48 zephyr/subsys/bluetooth/controller/libsubsys__bluetooth__controller.a(ticker.c.obj)
 .text.start_us.isra.0
                0x0000e710       0x9c zephyr/subsys/bluetooth/controller/libsubsys__bluetooth__controller.a(ticker.c.obj)
 .text.ticker_job_list_insert
                0x0000e7ac      0x1fc zephyr/subsys/bluetooth/controller/libsubsys__bluetooth__controller.a(ticker.c.obj)
 .text.ticker_worker
                0x0000e9a8      0x3d4 zephyr/subsys/bluetooth/controller/libsubsys__bluetooth__controller.a(ticker.c.obj)
                0x0000e9a8                ticker_worker
 .text.ticker_job
                0x0000ed7c      0x93c zephyr/subsys/bluetooth/controller/libsubsys__bluetooth__controller.a(ticker.c.obj)
                0x0000ed7c                ticker_job
 .text.ticker_init
                0x0000f6b8       0x64 zephyr/subsys/bluetooth/controller/libsubsys__bluetooth__controller.a(ticker.c.obj)
                0x0000f6b8                ticker_init
 .text.ticker_deinit
                0x0000f71c       0x20 zephyr/subsys/bluetooth/controller/libsubsys__bluetooth__controller.a(ticker.c.obj)
                0x0000f71c                ticker_deinit
 .text.ticker_trigger
                0x0000f73c       0x24 zephyr/subsys/bluetooth/controller/libsubsys__bluetooth__controller.a(ticker.c.obj)
                0x0000f73c                ticker_trigger
 .text.ticker_start
                0x0000f760       0x38 zephyr/subsys/bluetooth/controller/libsubsys__bluetooth__controller.a(ticker.c.obj)
                0x0000f760                ticker_start
 .text.ticker_start_ext
                0x0000f798       0x10 zephyr/subsys/bluetooth/controller/libsubsys__bluetooth__controller.a(ticker.c.obj)
                0x0000f798                ticker_start_ext
 .text.ticker_update_ext
                0x0000f7a8       0x9c zephyr/subsys/bluetooth/controller/libsubsys__bluetooth__controller.a(ticker.c.obj)
                0x0000f7a8                ticker_update_ext
 .text.ticker_update
                0x0000f844       0x30 zephyr/subsys/bluetooth/controller/libsubsys__bluetooth__controller.a(ticker.c.obj)
                0x0000f844                ticker_update
 .text.ticker_stop
                0x0000f874       0x6c zephyr/subsys/bluetooth/controller/libsubsys__bluetooth__controller.a(ticker.c.obj)
                0x0000f874                ticker_stop
 .text.ticker_stop_abs
                0x0000f8e0       0x70 zephyr/subsys/bluetooth/controller/libsubsys__bluetooth__controller.a(ticker.c.obj)
                0x0000f8e0                ticker_stop_abs
 .text.ticker_ticks_now_get
                0x0000f950        0x4 zephyr/subsys/bluetooth/controller/libsubsys__bluetooth__controller.a(ticker.c.obj)
                0x0000f950                ticker_ticks_now_get
 .text.ticker_ticks_diff_get
                0x0000f954        0x8 zephyr/subsys/bluetooth/controller/libsubsys__bluetooth__controller.a(ticker.c.obj)
                0x0000f954                ticker_ticks_diff_get
 .text.ll_feat_get
                0x0000f95c        0xc zephyr/subsys/bluetooth/controller/libsubsys__bluetooth__controller.a(ll_feat.c.obj)
                0x0000f95c                ll_feat_get
 .text.ll_tx_pwr_lvl_get
                0x0000f968       0x20 zephyr/subsys/bluetooth/controller/libsubsys__bluetooth__controller.a(ll_tx_pwr.c.obj)
                0x0000f968                ll_tx_pwr_lvl_get
 .text.ll_tx_pwr_get
                0x0000f988        0x8 zephyr/subsys/bluetooth/controller/libsubsys__bluetooth__controller.a(ll_tx_pwr.c.obj)
                0x0000f988                ll_tx_pwr_get
 .text.ll_addr_set
                0x0000f990       0x38 zephyr/subsys/bluetooth/controller/libsubsys__bluetooth__controller.a(ll_addr.c.obj)
                0x0000f990                ll_addr_set
 .text.ll_addr_get
                0x0000f9c8       0x1c zephyr/subsys/bluetooth/controller/libsubsys__bluetooth__controller.a(ll_addr.c.obj)
                0x0000f9c8                ll_addr_get
 .text.ll_addr_read
                0x0000f9e4       0x28 zephyr/subsys/bluetooth/controller/libsubsys__bluetooth__controller.a(ll_addr.c.obj)
                0x0000f9e4                ll_addr_read
 .text.perform_lll_reset
                0x0000fa0c       0x40 zephyr/subsys/bluetooth/controller/libsubsys__bluetooth__controller.a(ull.c.obj)
 .text.ull_ticker_status_give
                0x0000fa4c        0xc zephyr/subsys/bluetooth/controller/libsubsys__bluetooth__controller.a(ull.c.obj)
                0x0000fa4c                ull_ticker_status_give
 .text.disabled_cb
                0x0000fa58        0x4 zephyr/subsys/bluetooth/controller/libsubsys__bluetooth__controller.a(ull.c.obj)
 .text.tx_cmplt_get
                0x0000fa5c       0xc0 zephyr/subsys/bluetooth/controller/libsubsys__bluetooth__controller.a(ull.c.obj)
 .text.rx_replenish
                0x0000fb1c       0xe4 zephyr/subsys/bluetooth/controller/libsubsys__bluetooth__controller.a(ull.c.obj)
 .text.init_reset.isra.0
                0x0000fc00       0xe4 zephyr/subsys/bluetooth/controller/libsubsys__bluetooth__controller.a(ull.c.obj)
 .text.rx_demux
                0x0000fce4      0x208 zephyr/subsys/bluetooth/controller/libsubsys__bluetooth__controller.a(ull.c.obj)
 .text.ll_init  0x0000feec       0xc4 zephyr/subsys/bluetooth/controller/libsubsys__bluetooth__controller.a(ull.c.obj)
                0x0000feec                ll_init
 .text.ll_reset
                0x0000ffb0       0x9c zephyr/subsys/bluetooth/controller/libsubsys__bluetooth__controller.a(ull.c.obj)
                0x0000ffb0                ll_reset
 .text.ll_deinit
                0x0001004c       0x18 zephyr/subsys/bluetooth/controller/libsubsys__bluetooth__controller.a(ull.c.obj)
                0x0001004c                ll_deinit
 .text.ll_rx_get
                0x00010064       0xc8 zephyr/subsys/bluetooth/controller/libsubsys__bluetooth__controller.a(ull.c.obj)
                0x00010064                ll_rx_get
 .text.ll_rx_dequeue
                0x0001012c       0xe4 zephyr/subsys/bluetooth/controller/libsubsys__bluetooth__controller.a(ull.c.obj)
                0x0001012c                ll_rx_dequeue
 .text.ll_rx_mem_release
                0x00010210       0xdc zephyr/subsys/bluetooth/controller/libsubsys__bluetooth__controller.a(ull.c.obj)
                0x00010210                ll_rx_mem_release
 .text.ll_rx_link_alloc
                0x000102ec        0xc zephyr/subsys/bluetooth/controller/libsubsys__bluetooth__controller.a(ull.c.obj)
                0x000102ec                ll_rx_link_alloc
 .text.ll_rx_link_release
                0x000102f8        0xc zephyr/subsys/bluetooth/controller/libsubsys__bluetooth__controller.a(ull.c.obj)
                0x000102f8                ll_rx_link_release
 .text.ll_rx_alloc
                0x00010304        0xc zephyr/subsys/bluetooth/controller/libsubsys__bluetooth__controller.a(ull.c.obj)
                0x00010304                ll_rx_alloc
 .text.ll_rx_release
                0x00010310        0xc zephyr/subsys/bluetooth/controller/libsubsys__bluetooth__controller.a(ull.c.obj)
                0x00010310                ll_rx_release
 .text.ll_rx_put
                0x0001031c       0x18 zephyr/subsys/bluetooth/controller/libsubsys__bluetooth__controller.a(ull.c.obj)
                0x0001031c                ll_rx_put
 .text.ll_rx_put_sched
                0x00010334       0x28 zephyr/subsys/bluetooth/controller/libsubsys__bluetooth__controller.a(ull.c.obj)
                0x00010334                ll_rx_put_sched
 .text.ll_pdu_rx_alloc_peek
                0x0001035c       0x34 zephyr/subsys/bluetooth/controller/libsubsys__bluetooth__controller.a(ull.c.obj)
                0x0001035c                ll_pdu_rx_alloc_peek
 .text.ll_pdu_rx_alloc
                0x00010390       0x24 zephyr/subsys/bluetooth/controller/libsubsys__bluetooth__controller.a(ull.c.obj)
                0x00010390                ll_pdu_rx_alloc
 .text.ll_tx_ack_put
                0x000103b4       0x3c zephyr/subsys/bluetooth/controller/libsubsys__bluetooth__controller.a(ull.c.obj)
                0x000103b4                ll_tx_ack_put
 .text.ull_ticker_status_take
                0x000103f0       0x24 zephyr/subsys/bluetooth/controller/libsubsys__bluetooth__controller.a(ull.c.obj)
                0x000103f0                ull_ticker_status_take
 .text.ull_disable_mark
                0x00010414       0x18 zephyr/subsys/bluetooth/controller/libsubsys__bluetooth__controller.a(ull.c.obj)
                0x00010414                ull_disable_mark
 .text.ull_disable_unmark
                0x0001042c       0x18 zephyr/subsys/bluetooth/controller/libsubsys__bluetooth__controller.a(ull.c.obj)
                0x0001042c                ull_disable_unmark
 .text.ull_disable_mark_get
                0x00010444        0xc zephyr/subsys/bluetooth/controller/libsubsys__bluetooth__controller.a(ull.c.obj)
                0x00010444                ull_disable_mark_get
 .text.ull_update_mark
                0x00010450       0x18 zephyr/subsys/bluetooth/controller/libsubsys__bluetooth__controller.a(ull.c.obj)
                0x00010450                ull_update_mark
 .text.ull_update_unmark
                0x00010468       0x18 zephyr/subsys/bluetooth/controller/libsubsys__bluetooth__controller.a(ull.c.obj)
                0x00010468                ull_update_unmark
 .text.ull_update_mark_get
                0x00010480        0xc zephyr/subsys/bluetooth/controller/libsubsys__bluetooth__controller.a(ull.c.obj)
                0x00010480                ull_update_mark_get
 .text.ull_disable
                0x0001048c       0x54 zephyr/subsys/bluetooth/controller/libsubsys__bluetooth__controller.a(ull.c.obj)
                0x0001048c                ull_disable
 .text.ull_ticker_stop_with_mark
                0x000104e0       0xa0 zephyr/subsys/bluetooth/controller/libsubsys__bluetooth__controller.a(ull.c.obj)
                0x000104e0                ull_ticker_stop_with_mark
 .text.ull_pdu_rx_alloc_peek
                0x00010580       0x34 zephyr/subsys/bluetooth/controller/libsubsys__bluetooth__controller.a(ull.c.obj)
                0x00010580                ull_pdu_rx_alloc_peek
 .text.ull_pdu_rx_alloc
                0x000105b4       0x24 zephyr/subsys/bluetooth/controller/libsubsys__bluetooth__controller.a(ull.c.obj)
                0x000105b4                ull_pdu_rx_alloc
 .text.ull_rx_put
                0x000105d8       0x20 zephyr/subsys/bluetooth/controller/libsubsys__bluetooth__controller.a(ull.c.obj)
                0x000105d8                ull_rx_put
 .text.ull_rx_sched
                0x000105f8       0x10 zephyr/subsys/bluetooth/controller/libsubsys__bluetooth__controller.a(ull.c.obj)
                0x000105f8                ull_rx_sched
 .text.ull_rx_put_sched
                0x00010608       0x30 zephyr/subsys/bluetooth/controller/libsubsys__bluetooth__controller.a(ull.c.obj)
                0x00010608                ull_rx_put_sched
 .text.ull_prepare_enqueue
                0x00010638       0x74 zephyr/subsys/bluetooth/controller/libsubsys__bluetooth__controller.a(ull.c.obj)
                0x00010638                ull_prepare_enqueue
 .text.ull_prepare_dequeue_get
                0x000106ac       0x1c zephyr/subsys/bluetooth/controller/libsubsys__bluetooth__controller.a(ull.c.obj)
                0x000106ac                ull_prepare_dequeue_get
 .text.ull_prepare_dequeue_iter
                0x000106c8       0x34 zephyr/subsys/bluetooth/controller/libsubsys__bluetooth__controller.a(ull.c.obj)
                0x000106c8                ull_prepare_dequeue_iter
 .text.ull_prepare_dequeue
                0x000106fc      0x104 zephyr/subsys/bluetooth/controller/libsubsys__bluetooth__controller.a(ull.c.obj)
                0x000106fc                ull_prepare_dequeue
 .text.ull_event_done_extra_get
                0x00010800       0x1c zephyr/subsys/bluetooth/controller/libsubsys__bluetooth__controller.a(ull.c.obj)
                0x00010800                ull_event_done_extra_get
 .text.ull_event_done
                0x0001081c       0x5c zephyr/subsys/bluetooth/controller/libsubsys__bluetooth__controller.a(ull.c.obj)
                0x0001081c                ull_event_done
 .text.lll_prepare
                0x00010878       0x20 zephyr/subsys/bluetooth/controller/libsubsys__bluetooth__controller.a(lll_common.c.obj)
                0x00010878                lll_prepare
 .text.lll_resume
                0x00010898       0x28 zephyr/subsys/bluetooth/controller/libsubsys__bluetooth__controller.a(lll_common.c.obj)
                0x00010898                lll_resume
 .text.bt_recv_prio
                0x000108c0       0x20 zephyr/subsys/bluetooth/controller/libsubsys__bluetooth__controller.a(hci_driver.c.obj)
 .text.hci_driver_close
                0x000108e0       0x28 zephyr/subsys/bluetooth/controller/libsubsys__bluetooth__controller.a(hci_driver.c.obj)
 .text.recv_thread
                0x00010908       0xec zephyr/subsys/bluetooth/controller/libsubsys__bluetooth__controller.a(hci_driver.c.obj)
 .text.prio_recv_thread
                0x000109f4       0xcc zephyr/subsys/bluetooth/controller/libsubsys__bluetooth__controller.a(hci_driver.c.obj)
 .text.z_log_msg_runtime_create.constprop.0
                0x00010ac0       0x20 zephyr/subsys/bluetooth/controller/libsubsys__bluetooth__controller.a(hci_driver.c.obj)
 .text.hci_driver_open
                0x00010ae0       0xe0 zephyr/subsys/bluetooth/controller/libsubsys__bluetooth__controller.a(hci_driver.c.obj)
 .text.hci_driver_send
                0x00010bc0       0xb4 zephyr/subsys/bluetooth/controller/libsubsys__bluetooth__controller.a(hci_driver.c.obj)
 .text.hci_recv_fifo_reset
                0x00010c74       0x20 zephyr/subsys/bluetooth/controller/libsubsys__bluetooth__controller.a(hci_driver.c.obj)
                0x00010c74                hci_recv_fifo_reset
 .text.z_log_msg_runtime_create.constprop.0
                0x00010c94       0x20 zephyr/subsys/bluetooth/controller/libsubsys__bluetooth__controller.a(hci.c.obj)
 .text.le_remote_feat_complete
                0x00010cb4       0x78 zephyr/subsys/bluetooth/controller/libsubsys__bluetooth__controller.a(hci.c.obj)
 .text.hci_vendor_cmd_handle_common
                0x00010d2c      0x194 zephyr/subsys/bluetooth/controller/libsubsys__bluetooth__controller.a(hci.c.obj)
                0x00010d2c                hci_vendor_cmd_handle_common
 .text.hci_cmd_handle
                0x00010ec0      0x920 zephyr/subsys/bluetooth/controller/libsubsys__bluetooth__controller.a(hci.c.obj)
                0x00010ec0                hci_cmd_handle
 .text.hci_acl_handle
                0x000117e0      0x120 zephyr/subsys/bluetooth/controller/libsubsys__bluetooth__controller.a(hci.c.obj)
                0x000117e0                hci_acl_handle
 .text.hci_disconn_complete_encode
                0x00011900       0x40 zephyr/subsys/bluetooth/controller/libsubsys__bluetooth__controller.a(hci.c.obj)
                0x00011900                hci_disconn_complete_encode
 .text.hci_disconn_complete_process
                0x00011940       0x10 zephyr/subsys/bluetooth/controller/libsubsys__bluetooth__controller.a(hci.c.obj)
                0x00011940                hci_disconn_complete_process
 .text.hci_acl_encode
                0x00011950       0x50 zephyr/subsys/bluetooth/controller/libsubsys__bluetooth__controller.a(hci.c.obj)
                0x00011950                hci_acl_encode
 .text.hci_evt_encode
                0x000119a0      0x5c0 zephyr/subsys/bluetooth/controller/libsubsys__bluetooth__controller.a(hci.c.obj)
                0x000119a0                hci_evt_encode
 .text.hci_num_cmplt_encode
                0x00011f60       0x30 zephyr/subsys/bluetooth/controller/libsubsys__bluetooth__controller.a(hci.c.obj)
                0x00011f60                hci_num_cmplt_encode
 .text.hci_get_class
                0x00011f90       0x2c zephyr/subsys/bluetooth/controller/libsubsys__bluetooth__controller.a(hci.c.obj)
                0x00011f90                hci_get_class
 .text.hci_init
                0x00011fbc       0x40 zephyr/subsys/bluetooth/controller/libsubsys__bluetooth__controller.a(hci.c.obj)
                0x00011fbc                hci_init
 .text.ticker_stop_cb
                0x00011ffc       0x48 zephyr/subsys/bluetooth/controller/libsubsys__bluetooth__controller.a(ull_adv.c.obj)
 .text.disabled_cb
                0x00012044       0x50 zephyr/subsys/bluetooth/controller/libsubsys__bluetooth__controller.a(ull_adv.c.obj)
 .text.ticker_update_op_cb
                0x00012094       0x44 zephyr/subsys/bluetooth/controller/libsubsys__bluetooth__controller.a(ull_adv.c.obj)
 .text.ticker_stop_op_cb
                0x000120d8       0x24 zephyr/subsys/bluetooth/controller/libsubsys__bluetooth__controller.a(ull_adv.c.obj)
 .text.adv_disable
                0x000120fc       0x40 zephyr/subsys/bluetooth/controller/libsubsys__bluetooth__controller.a(ull_adv.c.obj)
 .text.conn_release.constprop.0
                0x0001213c       0x54 zephyr/subsys/bluetooth/controller/libsubsys__bluetooth__controller.a(ull_adv.c.obj)
 .text.disable.constprop.0
                0x00012190       0xd0 zephyr/subsys/bluetooth/controller/libsubsys__bluetooth__controller.a(ull_adv.c.obj)
 .text.adv_time_get.constprop.0
                0x00012260       0x78 zephyr/subsys/bluetooth/controller/libsubsys__bluetooth__controller.a(ull_adv.c.obj)
 .text.ticker_cb
                0x000122d8       0xe0 zephyr/subsys/bluetooth/controller/libsubsys__bluetooth__controller.a(ull_adv.c.obj)
 .text.init_reset.isra.0
                0x000123b8       0x64 zephyr/subsys/bluetooth/controller/libsubsys__bluetooth__controller.a(ull_adv.c.obj)
 .text.ll_adv_params_set
                0x0001241c      0x198 zephyr/subsys/bluetooth/controller/libsubsys__bluetooth__controller.a(ull_adv.c.obj)
                0x0001241c                ll_adv_params_set
 .text.ull_adv_init
                0x000125b4        0xc zephyr/subsys/bluetooth/controller/libsubsys__bluetooth__controller.a(ull_adv.c.obj)
                0x000125b4                ull_adv_init
 .text.ull_adv_reset
                0x000125c0        0xc zephyr/subsys/bluetooth/controller/libsubsys__bluetooth__controller.a(ull_adv.c.obj)
                0x000125c0                ull_adv_reset
 .text.ull_adv_reset_finalize
                0x000125cc       0x20 zephyr/subsys/bluetooth/controller/libsubsys__bluetooth__controller.a(ull_adv.c.obj)
                0x000125cc                ull_adv_reset_finalize
 .text.ull_adv_handle_get
                0x000125ec       0x18 zephyr/subsys/bluetooth/controller/libsubsys__bluetooth__controller.a(ull_adv.c.obj)
                0x000125ec                ull_adv_handle_get
 .text.ull_adv_lll_handle_get
                0x00012604       0x1c zephyr/subsys/bluetooth/controller/libsubsys__bluetooth__controller.a(ull_adv.c.obj)
                0x00012604                ull_adv_lll_handle_get
 .text.ull_adv_is_enabled_get
                0x00012620       0x18 zephyr/subsys/bluetooth/controller/libsubsys__bluetooth__controller.a(ull_adv.c.obj)
                0x00012620                ull_adv_is_enabled_get
 .text.ull_adv_is_enabled
                0x00012638       0x18 zephyr/subsys/bluetooth/controller/libsubsys__bluetooth__controller.a(ull_adv.c.obj)
                0x00012638                ull_adv_is_enabled
 .text.ull_adv_filter_pol_get
                0x00012650       0x20 zephyr/subsys/bluetooth/controller/libsubsys__bluetooth__controller.a(ull_adv.c.obj)
                0x00012650                ull_adv_filter_pol_get
 .text.ull_adv_pdu_update_addrs
                0x00012670       0x60 zephyr/subsys/bluetooth/controller/libsubsys__bluetooth__controller.a(ull_adv.c.obj)
                0x00012670                ull_adv_pdu_update_addrs
 .text.ull_adv_data_set
                0x000126d0      0x110 zephyr/subsys/bluetooth/controller/libsubsys__bluetooth__controller.a(ull_adv.c.obj)
                0x000126d0                ull_adv_data_set
 .text.ll_adv_data_set
                0x000127e0       0x10 zephyr/subsys/bluetooth/controller/libsubsys__bluetooth__controller.a(ull_adv.c.obj)
                0x000127e0                ll_adv_data_set
 .text.ull_scan_rsp_set
                0x000127f0       0xcc zephyr/subsys/bluetooth/controller/libsubsys__bluetooth__controller.a(ull_adv.c.obj)
                0x000127f0                ull_scan_rsp_set
 .text.ll_adv_scan_rsp_set
                0x000128bc       0x10 zephyr/subsys/bluetooth/controller/libsubsys__bluetooth__controller.a(ull_adv.c.obj)
                0x000128bc                ll_adv_scan_rsp_set
 .text.disabled_cb
                0x000128cc       0x1c zephyr/subsys/bluetooth/controller/libsubsys__bluetooth__controller.a(ull_conn.c.obj)
 .text.conn_setup_adv_scan_disabled_cb
                0x000128e8       0x18 zephyr/subsys/bluetooth/controller/libsubsys__bluetooth__controller.a(ull_conn.c.obj)
 .text.tx_lll_flush
                0x00012900       0xa0 zephyr/subsys/bluetooth/controller/libsubsys__bluetooth__controller.a(ull_conn.c.obj)
 .text.ticker_start_conn_op_cb
                0x000129a0       0x18 zephyr/subsys/bluetooth/controller/libsubsys__bluetooth__controller.a(ull_conn.c.obj)
 .text.ticker_stop_conn_op_cb
                0x000129b8       0x18 zephyr/subsys/bluetooth/controller/libsubsys__bluetooth__controller.a(ull_conn.c.obj)
 .text.ticker_stop_op_cb
                0x000129d0       0x28 zephyr/subsys/bluetooth/controller/libsubsys__bluetooth__controller.a(ull_conn.c.obj)
 .text.ticker_update_conn_op_cb
                0x000129f8       0x28 zephyr/subsys/bluetooth/controller/libsubsys__bluetooth__controller.a(ull_conn.c.obj)
 .text.init_reset.isra.0
                0x00012a20       0x88 zephyr/subsys/bluetooth/controller/libsubsys__bluetooth__controller.a(ull_conn.c.obj)
 .text.conn_disable
                0x00012aa8       0x54 zephyr/subsys/bluetooth/controller/libsubsys__bluetooth__controller.a(ull_conn.c.obj)
 .text.ll_conn_acquire
                0x00012afc        0xc zephyr/subsys/bluetooth/controller/libsubsys__bluetooth__controller.a(ull_conn.c.obj)
                0x00012afc                ll_conn_acquire
 .text.ll_conn_release
                0x00012b08        0xc zephyr/subsys/bluetooth/controller/libsubsys__bluetooth__controller.a(ull_conn.c.obj)
                0x00012b08                ll_conn_release
 .text.ll_conn_handle_get
                0x00012b14       0x10 zephyr/subsys/bluetooth/controller/libsubsys__bluetooth__controller.a(ull_conn.c.obj)
                0x00012b14                ll_conn_handle_get
 .text.ll_conn_get
                0x00012b24       0x18 zephyr/subsys/bluetooth/controller/libsubsys__bluetooth__controller.a(ull_conn.c.obj)
                0x00012b24                ll_conn_get
 .text.ll_connected_get
                0x00012b3c       0x24 zephyr/subsys/bluetooth/controller/libsubsys__bluetooth__controller.a(ull_conn.c.obj)
                0x00012b3c                ll_connected_get
 .text.ll_tx_mem_acquire
                0x00012b60        0xc zephyr/subsys/bluetooth/controller/libsubsys__bluetooth__controller.a(ull_conn.c.obj)
                0x00012b60                ll_tx_mem_acquire
 .text.ll_tx_mem_release
                0x00012b6c        0xc zephyr/subsys/bluetooth/controller/libsubsys__bluetooth__controller.a(ull_conn.c.obj)
                0x00012b6c                ll_tx_mem_release
 .text.ll_tx_mem_enqueue
                0x00012b78       0x94 zephyr/subsys/bluetooth/controller/libsubsys__bluetooth__controller.a(ull_conn.c.obj)
                0x00012b78                ll_tx_mem_enqueue
 .text.ll_conn_update
                0x00012c0c       0x88 zephyr/subsys/bluetooth/controller/libsubsys__bluetooth__controller.a(ull_conn.c.obj)
                0x00012c0c                ll_conn_update
 .text.ll_chm_get
                0x00012c94       0x48 zephyr/subsys/bluetooth/controller/libsubsys__bluetooth__controller.a(ull_conn.c.obj)
                0x00012c94                ll_chm_get
 .text.ll_terminate_ind_send
                0x00012cdc       0x6c zephyr/subsys/bluetooth/controller/libsubsys__bluetooth__controller.a(ull_conn.c.obj)
                0x00012cdc                ll_terminate_ind_send
 .text.ll_feature_req_send
                0x00012d48       0x44 zephyr/subsys/bluetooth/controller/libsubsys__bluetooth__controller.a(ull_conn.c.obj)
                0x00012d48                ll_feature_req_send
 .text.ll_version_ind_send
                0x00012d8c       0x44 zephyr/subsys/bluetooth/controller/libsubsys__bluetooth__controller.a(ull_conn.c.obj)
                0x00012d8c                ll_version_ind_send
 .text.ll_length_req_send
                0x00012dd0       0x58 zephyr/subsys/bluetooth/controller/libsubsys__bluetooth__controller.a(ull_conn.c.obj)
                0x00012dd0                ll_length_req_send
 .text.ll_length_default_get
                0x00012e28       0x18 zephyr/subsys/bluetooth/controller/libsubsys__bluetooth__controller.a(ull_conn.c.obj)
                0x00012e28                ll_length_default_get
 .text.ll_length_default_set
                0x00012e40       0x14 zephyr/subsys/bluetooth/controller/libsubsys__bluetooth__controller.a(ull_conn.c.obj)
                0x00012e40                ll_length_default_set
 .text.ll_length_max_get
                0x00012e54       0x20 zephyr/subsys/bluetooth/controller/libsubsys__bluetooth__controller.a(ull_conn.c.obj)
                0x00012e54                ll_length_max_get
 .text.ll_phy_get
                0x00012e74       0x40 zephyr/subsys/bluetooth/controller/libsubsys__bluetooth__controller.a(ull_conn.c.obj)
                0x00012e74                ll_phy_get
 .text.ll_phy_default_set
                0x00012eb4       0x14 zephyr/subsys/bluetooth/controller/libsubsys__bluetooth__controller.a(ull_conn.c.obj)
                0x00012eb4                ll_phy_default_set
 .text.ll_phy_req_send
                0x00012ec8       0x68 zephyr/subsys/bluetooth/controller/libsubsys__bluetooth__controller.a(ull_conn.c.obj)
                0x00012ec8                ll_phy_req_send
 .text.ll_apto_get
                0x00012f30       0x64 zephyr/subsys/bluetooth/controller/libsubsys__bluetooth__controller.a(ull_conn.c.obj)
                0x00012f30                ll_apto_get
 .text.ll_apto_set